Component: ARM Compiler 6.16 Tool: armlink [5dfeaa00]

==============================================================================

Section Cross References

    startup_stm32g474xx.o(STACK) refers (Special) to heapauxi.o(.text) for __use_two_region_memory
    startup_stm32g474xx.o(HEAP) refers (Special) to heapauxi.o(.text) for __use_two_region_memory
    startup_stm32g474xx.o(RESET) refers (Special) to heapauxi.o(.text) for __use_two_region_memory
    startup_stm32g474xx.o(RESET) refers to startup_stm32g474xx.o(STACK) for __initial_sp
    startup_stm32g474xx.o(RESET) refers to startup_stm32g474xx.o(.text) for Reset_Handler
    startup_stm32g474xx.o(RESET) refers to stm32g4xx_it.o(.text.NMI_Handler) for NMI_Handler
    startup_stm32g474xx.o(RESET) refers to stm32g4xx_it.o(.text.HardFault_Handler) for HardFault_Handler
    startup_stm32g474xx.o(RESET) refers to stm32g4xx_it.o(.text.MemManage_Handler) for MemManage_Handler
    startup_stm32g474xx.o(RESET) refers to stm32g4xx_it.o(.text.BusFault_Handler) for BusFault_Handler
    startup_stm32g474xx.o(RESET) refers to stm32g4xx_it.o(.text.UsageFault_Handler) for UsageFault_Handler
    startup_stm32g474xx.o(RESET) refers to stm32g4xx_it.o(.text.SVC_Handler) for SVC_Handler
    startup_stm32g474xx.o(RESET) refers to stm32g4xx_it.o(.text.DebugMon_Handler) for DebugMon_Handler
    startup_stm32g474xx.o(RESET) refers to stm32g4xx_it.o(.text.PendSV_Handler) for PendSV_Handler
    startup_stm32g474xx.o(RESET) refers to stm32g4xx_it.o(.text.SysTick_Handler) for SysTick_Handler
    startup_stm32g474xx.o(RESET) refers to stm32g4xx_it.o(.text.DMA1_Channel1_IRQHandler) for DMA1_Channel1_IRQHandler
    startup_stm32g474xx.o(RESET) refers to stm32g4xx_it.o(.text.DMA1_Channel2_IRQHandler) for DMA1_Channel2_IRQHandler
    startup_stm32g474xx.o(.text) refers (Special) to heapauxi.o(.text) for __use_two_region_memory
    startup_stm32g474xx.o(.text) refers to system_stm32g4xx.o(.text.SystemInit) for SystemInit
    startup_stm32g474xx.o(.text) refers to __main.o(!!!main) for __main
    startup_stm32g474xx.o(.text) refers to startup_stm32g474xx.o(HEAP) for Heap_Mem
    startup_stm32g474xx.o(.text) refers to startup_stm32g474xx.o(STACK) for Stack_Mem
    lcd.o(.text) refers (Special) to _printf_a.o(.ARM.Collect$$_printf_percent$$00000006) for _printf_a
    lcd.o(.text) refers (Special) to _printf_c.o(.ARM.Collect$$_printf_percent$$00000013) for _printf_c
    lcd.o(.text) refers (Special) to _printf_d.o(.ARM.Collect$$_printf_percent$$00000009) for _printf_d
    lcd.o(.text) refers (Special) to _printf_e.o(.ARM.Collect$$_printf_percent$$00000004) for _printf_e
    lcd.o(.text) refers (Special) to _printf_f.o(.ARM.Collect$$_printf_percent$$00000003) for _printf_f
    lcd.o(.text) refers (Special) to printf1.o(x$fpl$printf1) for _printf_fp_dec
    lcd.o(.text) refers (Special) to printf2.o(x$fpl$printf2) for _printf_fp_hex
    lcd.o(.text) refers (Special) to _printf_g.o(.ARM.Collect$$_printf_percent$$00000005) for _printf_g
    lcd.o(.text) refers (Special) to _printf_i.o(.ARM.Collect$$_printf_percent$$00000008) for _printf_i
    lcd.o(.text) refers (Special) to _printf_dec.o(.text) for _printf_int_dec
    lcd.o(.text) refers (Special) to _printf_lc.o(.ARM.Collect$$_printf_percent$$00000015) for _printf_lc
    lcd.o(.text) refers (Special) to _printf_hex_int.o(.text) for _printf_longlong_hex
    lcd.o(.text) refers (Special) to _printf_oct_int.o(.text) for _printf_longlong_oct
    lcd.o(.text) refers (Special) to _printf_o.o(.ARM.Collect$$_printf_percent$$0000000B) for _printf_o
    lcd.o(.text) refers (Special) to _printf_percent.o(.ARM.Collect$$_printf_percent$$00000000) for _printf_percent
    lcd.o(.text) refers (Special) to _printf_pad.o(.text) for _printf_pre_padding
    lcd.o(.text) refers (Special) to _printf_str.o(.text) for _printf_str
    lcd.o(.text) refers (Special) to _printf_truncate.o(.text) for _printf_truncate_signed
    lcd.o(.text) refers (Special) to _printf_u.o(.ARM.Collect$$_printf_percent$$0000000A) for _printf_u
    lcd.o(.text) refers (Special) to _printf_wctomb.o(.text) for _printf_wctomb
    lcd.o(.text) refers (Special) to _printf_x.o(.ARM.Collect$$_printf_percent$$0000000C) for _printf_x
    lcd.o(.text.MoveTo) refers (Special) to _printf_a.o(.ARM.Collect$$_printf_percent$$00000006) for _printf_a
    lcd.o(.text.MoveTo) refers (Special) to _printf_c.o(.ARM.Collect$$_printf_percent$$00000013) for _printf_c
    lcd.o(.text.MoveTo) refers (Special) to _printf_d.o(.ARM.Collect$$_printf_percent$$00000009) for _printf_d
    lcd.o(.text.MoveTo) refers (Special) to _printf_e.o(.ARM.Collect$$_printf_percent$$00000004) for _printf_e
    lcd.o(.text.MoveTo) refers (Special) to _printf_f.o(.ARM.Collect$$_printf_percent$$00000003) for _printf_f
    lcd.o(.text.MoveTo) refers (Special) to printf1.o(x$fpl$printf1) for _printf_fp_dec
[...]
    [Anonymous Symbol]                       0x080018c8   Section        0  stm32g4xx_hal_gpio.o(.text.HAL_GPIO_WritePin)
    [Anonymous Symbol]                       0x080018d4   Section        0  stm32g4xx_hal.o(.text.HAL_GetTick)
    [Anonymous Symbol]                       0x080018e0   Section        0  stm32g4xx_hal.o(.text.HAL_IncTick)
    [Anonymous Symbol]                       0x080018fc   Section        0  stm32g4xx_hal.o(.text.HAL_Init)
    [Anonymous Symbol]                       0x0800191c   Section        0  stm32g4xx_hal.o(.text.HAL_InitTick)
    [Anonymous Symbol]                       0x08001974   Section        0  stm32g4xx_hal_msp.o(.text.HAL_MspInit)
    [Anonymous Symbol]                       0x080019ac   Section        0  stm32g4xx_hal_cortex.o(.text.HAL_NVIC_EnableIRQ)
    [Anonymous Symbol]                       0x080019b4   Section        0  stm32g4xx_hal_cortex.o(.text.HAL_NVIC_SetPriority)
    [Anonymous Symbol]                       0x080019d4   Section        0  stm32g4xx_hal_cortex.o(.text.HAL_NVIC_SetPriorityGrouping)
    [Anonymous Symbol]                       0x080019dc   Section        0  stm32g4xx_hal_pwr_ex.o(.text.HAL_PWREx_ControlVoltageScaling)
    [Anonymous Symbol]                       0x08001acc   Section        0  stm32g4xx_hal_pwr_ex.o(.text.HAL_PWREx_DisableUCPDDeadBattery)
    [Anonymous Symbol]                       0x08001ae0   Section        0  stm32g4xx_hal_rcc.o(.text.HAL_RCC_ClockConfig)
    [Anonymous Symbol]                       0x08001ce8   Section        0  stm32g4xx_hal_rcc.o(.text.HAL_RCC_GetSysClockFreq)
    [Anonymous Symbol]                       0x08001d64   Section        0  stm32g4xx_hal_rcc.o(.text.HAL_RCC_OscConfig)
    [Anonymous Symbol]                       0x080021e0   Section        0  stm32g4xx_hal_spi.o(.text.HAL_SPI_ErrorCallback)
    [Anonymous Symbol]                       0x080021e4   Section        0  stm32g4xx_hal_spi.o(.text.HAL_SPI_Init)
    [Anonymous Symbol]                       0x080022c8   Section        0  spi.o(.text.HAL_SPI_MspInit)
    [Anonymous Symbol]                       0x08002408   Section        0  stm32g4xx_hal_spi.o(.text.HAL_SPI_Receive)
    [Anonymous Symbol]                       0x080025a8   Section        0  stm32g4xx_hal_spi.o(.text.HAL_SPI_Receive_DMA)
    [Anonymous Symbol]                       0x080026fc   Section        0  main.o(.text.HAL_SPI_RxCpltCallback)
    [Anonymous Symbol]                       0x08002790   Section        0  stm32g4xx_hal_spi.o(.text.HAL_SPI_RxHalfCpltCallback)
    [Anonymous Symbol]                       0x08002794   Section        0  stm32g4xx_hal_spi.o(.text.HAL_SPI_Transmit)
    [Anonymous Symbol]                       0x0800295c   Section        0  stm32g4xx_hal_spi.o(.text.HAL_SPI_TransmitReceive)
    [Anonymous Symbol]                       0x08002bd4   Section        0  stm32g4xx_hal_spi.o(.text.HAL_SPI_TransmitReceive_DMA)
    [Anonymous Symbol]                       0x08002d88   Section        0  stm32g4xx_hal_spi.o(.text.HAL_SPI_TxRxCpltCallback)
    [Anonymous Symbol]                       0x08002d8c   Section        0  stm32g4xx_hal_spi.o(.text.HAL_SPI_TxRxHalfCpltCallback)
    [Anonymous Symbol]                       0x08002d90   Section        0  stm32g4xx_hal_cortex.o(.text.HAL_SYSTICK_Config)
    [Anonymous Symbol]                       0x08002d98   Section        0  stm32g4xx_it.o(.text.HardFault_Handler)
    [Anonymous Symbol]                       0x08002d9c   Section        0  lcd.o(.text.LCD_Clear)
    [Anonymous Symbol]                       0x08002df0   Section        0  lcd.o(.text.LCD_DisplayChar)
    [Anonymous Symbol]                       0x08002edc   Section        0  lcd.o(.text.LCD_DisplayString)
    [Anonymous Symbol]                       0x08002f24   Section        0  lcd.o(.text.LCD_Init)
    [Anonymous Symbol]                       0x0800311c   Section        0  lcd.o(.text.LCD_SPI_Send)
    [Anonymous Symbol]                       0x08003124   Section        0  lcd.o(.text.LCD_SetAddress)
    [Anonymous Symbol]                       0x080031a4   Section        0  lcd.o(.text.LCD_SetAsciiFont)
    [Anonymous Symbol]                       0x080031b0   Section        0  lcd.o(.text.LCD_SetBackColor)
    [Anonymous Symbol]                       0x080031d4   Section        0  lcd.o(.text.LCD_SetColor)
    [Anonymous Symbol]                       0x080031f8   Section        0  lcd.o(.text.LCD_SetDirection)
    [Anonymous Symbol]                       0x08003298   Section        0  lcd.o(.text.LCD_ShowNumMode)
    [Anonymous Symbol]                       0x080032a4   Section        0  lcd.o(.text.LCD_WriteBuff)
    [Anonymous Symbol]                       0x080032d0   Section        0  lcd.o(.text.LCD_WriteCommand)
    [Anonymous Symbol]                       0x08003308   Section        0  lcd.o(.text.LCD_WriteData_16bit)
    [Anonymous Symbol]                       0x0800333c   Section        0  lcd.o(.text.LCD_WriteData_8bit)
    [Anonymous Symbol]                       0x08003364   Section        0  dma.o(.text.MX_DMA_Init)
    [Anonymous Symbol]                       0x080033b8   Section        0  gpio.o(.text.MX_GPIO_Init)
    [Anonymous Symbol]                       0x080034a8   Section        0  spi.o(.text.MX_SPI1_Init)
    [Anonymous Symbol]                       0x080034f4   Section        0  spi.o(.text.MX_SPI2_Init)
    [Anonymous Symbol]                       0x08003544   Section        0  stm32g4xx_it.o(.text.MemManage_Handler)
    [Anonymous Symbol]                       0x08003548   Section        0  stm32g4xx_it.o(.text.NMI_Handler)
    NVIC_EncodePriority                      0x0800354d   Thumb Code    44  stm32g4xx_hal_cortex.o(.text.NVIC_EncodePriority)
    [Anonymous Symbol]                       0x0800354c   Section        0  stm32g4xx_hal_cortex.o(.text.NVIC_EncodePriority)
    [Anonymous Symbol]                       0x08003578   Section        0  stm32g4xx_it.o(.text.PendSV_Handler)
    RCC_GetSysClockFreqFromPLLSource         0x0800357d   Thumb Code    72  stm32g4xx_hal_rcc.o(.text.RCC_GetSysClockFreqFromPLLSource)
    [Anonymous Symbol]                       0x0800357c   Section        0  stm32g4xx_hal_rcc.o(.text.RCC_GetSysClockFreqFromPLLSource)
    [Anonymous Symbol]                       0x080035c4   Section        0  lcd.o(.text.SPI2_WriteData)
    SPI_DMAError                             0x080035dd   Thumb Code    34  stm32g4xx_hal_spi.o(.text.SPI_DMAError)
    [Anonymous Symbol]                       0x080035dc   Section        0  stm32g4xx_hal_spi.o(.text.SPI_DMAError)
    SPI_DMAHalfReceiveCplt                   0x08003601   Thumb Code    10  stm32g4xx_hal_spi.o(.text.SPI_DMAHalfReceiveCplt)
    [Anonymous Symbol]                       0x08003600   Section        0  stm32g4xx_hal_spi.o(.text.SPI_DMAHalfReceiveCplt)
    SPI_DMAHalfTransmitReceiveCplt           0x0800360d   Thumb Code    10  stm32g4xx_hal_spi.o(.text.SPI_DMAHalfTransmitReceiveCplt)
    [Anonymous Symbol]                       0x0800360c   Section        0  stm32g4xx_hal_spi.o(.text.SPI_DMAHalfTransmitReceiveCplt)
    SPI_DMAReceiveCplt                       0x08003619   Thumb Code   106  stm32g4xx_hal_spi.o(.text.SPI_DMAReceiveCplt)
    [Anonymous Symbol]                       0x08003618   Section        0  stm32g4xx_hal_spi.o(.text.SPI_DMAReceiveCplt)
    SPI_DMATransmitReceiveCplt               0x08003685   Thumb Code    92  stm32g4xx_hal_spi.o(.text.SPI_DMATransmitReceiveCplt)
    [Anonymous Symbol]                       0x08003684   Section        0  stm32g4xx_hal_spi.o(.text.SPI_DMATransmitReceiveCplt)
    SPI_EndRxTransaction                     0x080036e1   Thumb Code   108  stm32g4xx_hal_spi.o(.text.SPI_EndRxTransaction)
    [Anonymous Symbol]                       0x080036e0   Section        0  stm32g4xx_hal_spi.o(.text.SPI_EndRxTransaction)
    SPI_EndRxTxTransaction                   0x0800374d   Thumb Code    66  stm32g4xx_hal_spi.o(.text.SPI_EndRxTxTransaction)
    [Anonymous Symbol]                       0x0800374c   Section        0  stm32g4xx_hal_spi.o(.text.SPI_EndRxTxTransaction)
    [Anonymous Symbol]                       0x08003790   Section        0  w25flash.o(.text.SPI_ReceiveOneByte)
    [Anonymous Symbol]                       0x080037b8   Section        0  w25flash.o(.text.SPI_TransmitOneByte)
    SPI_WaitFifoStateUntilTimeout            0x080037d9   Thumb Code   232  stm32g4xx_hal_spi.o(.text.SPI_WaitFifoStateUntilTimeout)
    [Anonymous Symbol]                       0x080037d8   Section        0  stm32g4xx_hal_spi.o(.text.SPI_WaitFifoStateUntilTimeout)
    SPI_WaitFlagStateUntilTimeout            0x080038c1   Thumb Code   180  stm32g4xx_hal_spi.o(.text.SPI_WaitFlagStateUntilTimeout)
    [Anonymous Symbol]                       0x080038c0   Section        0  stm32g4xx_hal_spi.o(.text.SPI_WaitFlagStateUntilTimeout)
    [Anonymous Symbol]                       0x08003974   Section        0  stm32g4xx_it.o(.text.SVC_Handler)
    SysTick_Config                           0x08003979   Thumb Code    46  stm32g4xx_hal_cortex.o(.text.SysTick_Config)
    [Anonymous Symbol]                       0x08003978   Section        0  stm32g4xx_hal_cortex.o(.text.SysTick_Config)
    [Anonymous Symbol]                       0x080039a8   Section        0  stm32g4xx_it.o(.text.SysTick_Handler)
    [Anonymous Symbol]                       0x080039b0   Section        0  main.o(.text.SystemClock_Config)
    [Anonymous Symbol]                       0x08003a18   Section        0  system_stm32g4xx.o(.text.SystemInit)
    [Anonymous Symbol]                       0x08003a2c   Section        0  stm32g4xx_it.o(.text.UsageFault_Handler)
    __NVIC_EnableIRQ                         0x08003a31   Thumb Code    32  stm32g4xx_hal_cortex.o(.text.__NVIC_EnableIRQ)
    [Anonymous Symbol]                       0x08003a30   Section        0  stm32g4xx_hal_cortex.o(.text.__NVIC_EnableIRQ)
    __NVIC_GetPriorityGrouping               0x08003a51   Thumb Code    16  stm32g4xx_hal_cortex.o(.text.__NVIC_GetPriorityGrouping)
    [Anonymous Symbol]                       0x08003a50   Section        0  stm32g4xx_hal_cortex.o(.text.__NVIC_GetPriorityGrouping)
    __NVIC_SetPriority                       0x08003a61   Thumb Code    34  stm32g4xx_hal_cortex.o(.text.__NVIC_SetPriority)
    [Anonymous Symbol]                       0x08003a60   Section        0  stm32g4xx_hal_cortex.o(.text.__NVIC_SetPriority)
    __NVIC_SetPriorityGrouping               0x08003a85   Thumb Code    32  stm32g4xx_hal_cortex.o(.text.__NVIC_SetPriorityGrouping)
    [Anonymous Symbol]                       0x08003a84   Section        0  stm32g4xx_hal_cortex.o(.text.__NVIC_SetPriorityGrouping)
    [Anonymous Symbol]                       0x08003aa4   Section        0  main.o(.text.flash_test_read_page_dma)
    [Anonymous Symbol]                       0x08003b2c   Section        0  main.o(.text.main)
    CL$$btod_d2e                             0x08003b80   Section       62  btod.o(CL$$btod_d2e)
    CL$$btod_d2e_denorm_low                  0x08003bbe   Section       70  btod.o(CL$$btod_d2e_denorm_low)
    CL$$btod_d2e_norm_op1                    0x08003c04   Section       96  btod.o(CL$$btod_d2e_norm_op1)
    CL$$btod_div_common                      0x08003c64   Section      824  btod.o(CL$$btod_div_common)
    CL$$btod_e2e                             0x08003f9c   Section      220  btod.o(CL$$btod_e2e)
    CL$$btod_ediv                            0x08004078   Section       42  btod.o(CL$$btod_ediv)
    CL$$btod_emul                            0x080040a2   Section       42  btod.o(CL$$btod_emul)
    CL$$btod_mult_common                     0x080040cc   Section      580  btod.o(CL$$btod_mult_common)
    i.__ARM_fpclassify                       0x08004310   Section        0  fpclassify.o(i.__ARM_fpclassify)
    i._is_digit                              0x08004340   Section        0  __printf_wp.o(i._is_digit)
    locale$$code                             0x08004350   Section       44  lc_numeric_c.o(locale$$code)
    locale$$code                             0x0800437c   Section       44  lc_ctype_c.o(locale$$code)
    $v0                                      0x080043a8   Number         0  fpinit.o(x$fpl$fpinit)
    x$fpl$fpinit                             0x080043a8   Section       26  fpinit.o(x$fpl$fpinit)
    $v0                                      0x080043c2   Number         0  printf1.o(x$fpl$printf1)
    x$fpl$printf1                            0x080043c2   Section        4  printf1.o(x$fpl$printf1)
    $v0                                      0x080043c6   Number         0  printf2.o(x$fpl$printf2)
    x$fpl$printf2                            0x080043c6   Section        4  printf2.o(x$fpl$printf2)
    x$fpl$usenofp                            0x080043ca   Section        0  usenofp.o(x$fpl$usenofp)
    initial_mbstate                          0x080043cc   Data           8  _printf_wctomb.o(.constdata)
    .constdata                               0x080043cc   Section        8  _printf_wctomb.o(.constdata)
    uc_hextab                                0x080043d4   Data          20  _printf_hex_int.o(.constdata)
    .constdata                               0x080043d4   Section       40  _printf_hex_int.o(.constdata)
    lc_hextab                                0x080043e8   Data          20  _printf_hex_int.o(.constdata)
    maptable                                 0x080043fc   Data          17  __printf_flags_ss_wp.o(.constdata)
    .constdata                               0x080043fc   Section       17  __printf_flags_ss_wp.o(.constdata)
    lc_hextab                                0x0800440d   Data          19  _printf_fp_hex.o(.constdata)
    .constdata                               0x0800440d   Section       38  _printf_fp_hex.o(.constdata)
    uc_hextab                                0x08004420   Data          19  _printf_fp_hex.o(.constdata)
    tenpwrs_x                                0x08004434   Data          60  bigflt0.o(.constdata)
    .constdata                               0x08004434   Section      148  bigflt0.o(.constdata)
    tenpwrs_i                                0x08004470   Data          64  bigflt0.o(.constdata)
    locale$$data                             0x08005cb8   Section       28  lc_numeric_c.o(locale$$data)
    __lcnum_c_name                           0x08005cbc   Data           2  lc_numeric_c.o(locale$$data)
    __lcnum_c_start                          0x08005cc4   Data           0  lc_numeric_c.o(locale$$data)
    __lcnum_c_point                          0x08005cd0   Data           0  lc_numeric_c.o(locale$$data)
    __lcnum_c_thousands                      0x08005cd2   Data           0  lc_numeric_c.o(locale$$data)
    __lcnum_c_grouping                       0x08005cd3   Data           0  lc_numeric_c.o(locale$$data)
    __lcnum_c_end                            0x08005cd4   Data           0  lc_numeric_c.o(locale$$data)
    locale$$data                             0x08005cd4   Section      272  lc_ctype_c.o(locale$$data)
    __lcctype_c_name                         0x08005cd8   Data           2  lc_ctype_c.o(locale$$data)
    __lcctype_c_start                        0x08005ce0   Data           0  lc_ctype_c.o(locale$$data)
    __lcctype_c_end                          0x08005de4   Data           0  lc_ctype_c.o(locale$$data)
    .bss                                     0x20000028   Section       96  libspace.o(.bss)
    LCD_AsciiFonts                           0x20000098   Data           4  lcd.o(.bss.LCD_AsciiFonts)
    [Anonymous Symbol]                       0x20000098   Section        0  lcd.o(.bss.LCD_AsciiFonts)
    Heap_Mem                                 0x20000b48   Data         512  startup_stm32g474xx.o(HEAP)
    HEAP                                     0x20000b48   Section      512  startup_stm32g474xx.o(HEAP)
    Stack_Mem                                0x20000d48   Data        1024  startup_stm32g474xx.o(STACK)
    STACK                                    0x20000d48   Section     1024  startup_stm32g474xx.o(STACK)
    __initial_sp                             0x20001148   Data           0  startup_stm32g474xx.o(STACK)

    Global Symbols

    Symbol Name                              Value     Ov Type        Size  Object(Section)

    BuildAttributes$$THM_ISAv4$E$P$D$K$B$S$7EM$VFPi3$EXTD16$VFPS$VFMA$PE$A:L22UL41UL21$X:L11$S22US41US21$IEEE1$IW$~IW$USESV6$~STKCKD$USESV7$~SHL$OTIME$ROPI$IEEEX$EBA8$UX$STANDARDLIB$REQ8$PRES8$EABIv2 0x00000000   Number         0  anon$$obj.o ABSOLUTE
    _printf_flags                            0x00000000   Number         0  printf_stubs.o ABSOLUTE
    _printf_return_value                     0x00000000   Number         0  printf_stubs.o ABSOLUTE
    _printf_sizespec                         0x00000000   Number         0  printf_stubs.o ABSOLUTE
    _printf_widthprec                        0x00000000   Number         0  printf_stubs.o ABSOLUTE
    __ARM_exceptions_init                     - Undefined Weak Reference
    __alloca_initialize                       - Undefined Weak Reference
    __arm_preinit_                            - Undefined Weak Reference
    __cpp_initialize__aeabi_                  - Undefined Weak Reference
    __cxa_finalize                            - Undefined Weak Reference
    __sigvec_lookup                           - Undefined Weak Reference
    _atexit_init                              - Undefined Weak Reference
    _call_atexit_fns                          - Undefined Weak Reference
    _clock_init                               - Undefined Weak Reference
    _fp_trap_init                             - Undefined Weak Reference
    _fp_trap_shutdown                         - Undefined Weak Reference
    _get_lc_collate                           - Undefined Weak Reference
    _get_lc_monetary                          - Undefined Weak Reference
    _get_lc_time                              - Undefined Weak Reference
    _getenv_init                              - Undefined Weak Reference
    _handle_redirection                       - Undefined Weak Reference
    _init_alloc                               - Undefined Weak Reference
    _init_user_alloc                          - Undefined Weak Reference
    _initio                                   - Undefined Weak Reference
    _printf_mbtowc                            - Undefined Weak Reference
    _printf_wc                                - Undefined Weak Reference
    _signal_finish                            - Undefined Weak Reference
    _signal_init                              - Undefined Weak Reference
    _terminate_alloc                          - Undefined Weak Reference
    _terminate_user_alloc                     - Undefined Weak Reference
    _terminateio                              - Undefined Weak Reference
    __Vectors_Size                           0x000001d8   Number         0  startup_stm32g474xx.o ABSOLUTE
    __Vectors                                0x08000000   Data           4  startup_stm32g474xx.o(RESET)
    __Vectors_End                            0x080001d8   Data           0  startup_stm32g474xx.o(RESET)
    __main                                   0x080001d9   Thumb Code     8  __main.o(!!!main)
    __scatterload                            0x080001e1   Thumb Code     0  __scatter.o(!!!scatter)
    __scatterload_rt2                        0x080001e1   Thumb Code    44  __scatter.o(!!!scatter)
    __scatterload_rt2_thumb_only             0x080001e1   Thumb Code     0  __scatter.o(!!!scatter)
    __scatterload_null                       0x080001ef   Thumb Code     0  __scatter.o(!!!scatter)
    __scatterload_copy                       0x08000215   Thumb Code    26  __scatter_copy.o(!!handler_copy)
    __scatterload_zeroinit                   0x08000231   Thumb Code    28  __scatter_zi.o(!!handler_zi)
    _printf_f                                0x0800024d   Thumb Code     0  _printf_f.o(.ARM.Collect$$_printf_percent$$00000003)
    _printf_percent                          0x0800024d   Thumb Code     0  _printf_percent.o(.ARM.Collect$$_printf_percent$$00000000)
    _printf_e                                0x08000253   Thumb Code     0  _printf_e.o(.ARM.Collect$$_printf_percent$$00000004)
    _printf_g                                0x08000259   Thumb Code     0  _printf_g.o(.ARM.Collect$$_printf_percent$$00000005)
    _printf_a                                0x0800025f   Thumb Code     0  _printf_a.o(.ARM.Collect$$_printf_percent$$00000006)
    _printf_i                                0x08000265   Thumb Code     0  _printf_i.o(.ARM.Collect$$_printf_percent$$00000008)
    _printf_d                                0x0800026b   Thumb Code     0  _printf_d.o(.ARM.Collect$$_printf_percent$$00000009)
    _printf_u                                0x08000271   Thumb Code     0  _printf_u.o(.ARM.Collect$$_printf_percent$$0000000A)
    _printf_o                                0x08000277   Thumb Code     0  _printf_o.o(.ARM.Collect$$_printf_percent$$0000000B)
    _printf_x                                0x0800027d   Thumb Code     0  _printf_x.o(.ARM.Collect$$_printf_percent$$0000000C)
    _printf_l                                0x08000283   Thumb Code     0  _printf_l.o(.ARM.Collect$$_printf_percent$$00000012)
    _printf_c                                0x0800028d   Thumb Code     0  _printf_c.o(.ARM.Collect$$_printf_percent$$00000013)
    _printf_lc                               0x08000293   Thumb Code     0  _printf_lc.o(.ARM.Collect$$_printf_percent$$00000015)
    _printf_percent_end                      0x08000299   Thumb Code     0  _printf_percent_end.o(.ARM.Collect$$_printf_percent$$00000017)
    __rt_lib_init                            0x0800029d   Thumb Code     0  libinit.o(.ARM.Collect$$libinit$$00000000)
    __rt_lib_init_fp_1                       0x0800029f   Thumb Code     0  libinit2.o(.ARM.Collect$$libinit$$00000001)
    __rt_lib_init_heap_1                     0x080002a3   Thumb Code     0  libinit2.o(.ARM.Collect$$libinit$$0000000A)
    __rt_lib_init_lc_common                  0x080002a3   Thumb Code     0  libinit2.o(.ARM.Collect$$libinit$$0000000F)
    __rt_lib_init_preinit_1                  0x080002a3   Thumb Code     0  libinit2.o(.ARM.Collect$$libinit$$00000004)
    __rt_lib_init_rand_1                     0x080002a3   Thumb Code     0  libinit2.o(.ARM.Collect$$libinit$$0000000E)
    __rt_lib_init_user_alloc_1               0x080002a3   Thumb Code     0  libinit2.o(.ARM.Collect$$libinit$$0000000C)
    __rt_lib_init_lc_collate_1               0x080002a9   Thumb Code     0  libinit2.o(.ARM.Collect$$libinit$$00000011)
    __rt_lib_init_lc_ctype_2                 0x080002a9   Thumb Code     0  libinit2.o(.ARM.Collect$$libinit$$00000012)
    __rt_lib_init_lc_ctype_1                 0x080002b5   Thumb Code     0  libinit2.o(.ARM.Collect$$libinit$$00000013)
    __rt_lib_init_lc_monetary_1              0x080002b5   Thumb Code     0  libinit2.o(.ARM.Collect$$libinit$$00000015)
    __rt_lib_init_lc_numeric_2               0x080002b5   Thumb Code     0  libinit2.o(.ARM.Collect$$libinit$$00000016)
    __rt_lib_init_alloca_1                   0x080002bf   Thumb Code     0  libinit2.o(.ARM.Collect$$libinit$$0000002E)
    __rt_lib_init_argv_1                     0x080002bf   Thumb Code     0  libinit2.o(.ARM.Collect$$libinit$$0000002C)
    __rt_lib_init_atexit_1                   0x080002bf   Thumb Code     0  libinit2.o(.ARM.Collect$$libinit$$0000001B)
    __rt_lib_init_clock_1                    0x080002bf   Thumb Code     0  libinit2.o(.ARM.Collect$$libinit$$00000021)
    __rt_lib_init_cpp_1                      0x080002bf   Thumb Code     0  libinit2.o(.ARM.Collect$$libinit$$00000032)
    __rt_lib_init_exceptions_1               0x080002bf   Thumb Code     0  libinit2.o(.ARM.Collect$$libinit$$00000030)
    __rt_lib_init_fp_trap_1                  0x080002bf   Thumb Code     0  libinit2.o(.ARM.Collect$$libinit$$0000001F)
    __rt_lib_init_getenv_1                   0x080002bf   Thumb Code     0  libinit2.o(.ARM.Collect$$libinit$$00000023)
    __rt_lib_init_lc_numeric_1               0x080002bf   Thumb Code     0  libinit2.o(.ARM.Collect$$libinit$$00000017)
    __rt_lib_init_lc_time_1                  0x080002bf   Thumb Code     0  libinit2.o(.ARM.Collect$$libinit$$00000019)
    __rt_lib_init_return                     0x080002bf   Thumb Code     0  libinit2.o(.ARM.Collect$$libinit$$00000033)
    __rt_lib_init_signal_1                   0x080002bf   Thumb Code     0  libinit2.o(.ARM.Collect$$libinit$$0000001D)
    __rt_lib_init_stdio_1                    0x080002bf   Thumb Code     0  libinit2.o(.ARM.Collect$$libinit$$00000025)
    __rt_lib_shutdown                        0x080002c1   Thumb Code     0  libshutdown.o(.ARM.Collect$$libshutdown$$00000000)
    __rt_lib_shutdown_cpp_1                  0x080002c3   Thumb Code     0  libshutdown2.o(.ARM.Collect$$libshutdown$$00000002)
    __rt_lib_shutdown_fp_trap_1              0x080002c3   Thumb Code     0  libshutdown2.o(.ARM.Collect$$libshutdown$$00000007)
    __rt_lib_shutdown_heap_1                 0x080002c3   Thumb Code     0  libshutdown2.o(.ARM.Collect$$libshutdown$$0000000F)
    __rt_lib_shutdown_return                 0x080002c3   Thumb Code     0  libshutdown2.o(.ARM.Collect$$libshutdown$$00000010)
    __rt_lib_shutdown_signal_1               0x080002c3   Thumb Code     0  libshutdown2.o(.ARM.Collect$$libshutdown$$0000000A)
    __rt_lib_shutdown_stdio_1                0x080002c3   Thumb Code     0  libshutdown2.o(.ARM.Collect$$libshutdown$$00000004)
    __rt_lib_shutdown_user_alloc_1           0x080002c3   Thumb Code     0  libshutdown2.o(.ARM.Collect$$libshutdown$$0000000C)
    __rt_entry                               0x080002c5   Thumb Code     0  __rtentry.o(.ARM.Collect$$rtentry$$00000000)
    __rt_entry_presh_1                       0x080002c5   Thumb Code     0  __rtentry2.o(.ARM.Collect$$rtentry$$00000002)
    __rt_entry_sh                            0x080002c5   Thumb Code     0  __rtentry4.o(.ARM.Collect$$rtentry$$00000004)
    __rt_entry_li                            0x080002cb   Thumb Code     0  __rtentry2.o(.ARM.Collect$$rtentry$$0000000A)
    __rt_entry_postsh_1                      0x080002cb   Thumb Code     0  __rtentry2.o(.ARM.Collect$$rtentry$$00000009)
    __rt_entry_main                          0x080002cf   Thumb Code     0  __rtentry2.o(.ARM.Collect$$rtentry$$0000000D)
    __rt_entry_postli_1                      0x080002cf   Thumb Code     0  __rtentry2.o(.ARM.Collect$$rtentry$$0000000C)
    __rt_exit                                0x080002d7   Thumb Code     0  rtexit.o(.ARM.Collect$$rtexit$$00000000)
    __rt_exit_ls                             0x080002d9   Thumb Code     0  rtexit2.o(.ARM.Collect$$rtexit$$00000003)
    __rt_exit_prels_1                        0x080002d9   Thumb Code     0  rtexit2.o(.ARM.Collect$$rtexit$$00000002)
    __rt_exit_exit                           0x080002dd   Thumb Code     0  rtexit2.o(.ARM.Collect$$rtexit$$00000004)
    Reset_Handler                            0x080002e5   Thumb Code     8  startup_stm32g474xx.o(.text)
    ADC1_2_IRQHandler                        0x080002ff   Thumb Code     0  startup_stm32g474xx.o(.text)
    ADC3_IRQHandler                          0x080002ff   Thumb Code     0  startup_stm32g474xx.o(.text)
    ADC4_IRQHandler                          0x080002ff   Thumb Code     0  startup_stm32g474xx.o(.text)
    ADC5_IRQHandler                          0x080002ff   Thumb Code     0  startup_stm32g474xx.o(.text)
    COMP1_2_3_IRQHandler                     0x080002ff   Thumb Code     0  startup_stm32g474xx.o(.text)
    COMP4_5_6_IRQHandler                     0x080002ff   Thumb Code     0  startup_stm32g474xx.o(.text)
    COMP7_IRQHandler                         0x080002ff   Thumb Code     0  startup_stm32g474xx.o(.text)
    CORDIC_IRQHandler                        0x080002ff   Thumb Code     0  startup_stm32g474xx.o(.text)
    CRS_IRQHandler                           0x080002ff   Thumb Code     0  startup_stm32g474xx.o(.text)
    DMA1_Channel3_IRQHandler                 0x080002ff   Thumb Code     0  startup_stm32g474xx.o(.text)
    DMA1_Channel4_IRQHandler                 0x080002ff   Thumb Code     0  startup_stm32g474xx.o(.text)
    DMA1_Channel5_IRQHandler                 0x080002ff   Thumb Code     0  startup_stm32g474xx.o(.text)
    DMA1_Channel6_IRQHandler                 0x080002ff   Thumb Code     0  startup_stm32g474xx.o(.text)
    DMA1_Channel7_IRQHandler                 0x080002ff   Thumb Code     0  startup_stm32g474xx.o(.text)
    DMA1_Channel8_IRQHandler                 0x080002ff   Thumb Code     0  startup_stm32g474xx.o(.text)
    DMA2_Channel1_IRQHandler                 0x080002ff   Thumb Code     0  startup_stm32g474xx.o(.text)
    DMA2_Channel2_IRQHandler                 0x080002ff   Thumb Code     0  startup_stm32g474xx.o(.text)
    DMA2_Channel3_IRQHandler                 0x080002ff   Thumb Code     0  startup_stm32g474xx.o(.text)
    DMA2_Channel4_IRQHandler                 0x080002ff   Thumb Code     0  startup_stm32g474xx.o(.text)
    DMA2_Channel5_IRQHandler                 0x080002ff   Thumb Code     0  startup_stm32g474xx.o(.text)
    DMA2_Channel6_IRQHandler                 0x080002ff   Thumb Code     0  startup_stm32g474xx.o(.text)
    DMA2_Channel7_IRQHandler                 0x080002ff   Thumb Code     0  startup_stm32g474xx.o(.text)
    DMA2_Channel8_IRQHandler                 0x080002ff   Thumb Code     0  startup_stm32g474xx.o(.text)
    DMAMUX_OVR_IRQHandler                    0x080002ff   Thumb Code     0  startup_stm32g474xx.o(.text)
    EXTI0_IRQHandler                         0x080002ff   Thumb Code     0  startup_stm32g474xx.o(.text)
    EXTI15_10_IRQHandler                     0x080002ff   Thumb Code     0  startup_stm32g474xx.o(.text)
    EXTI1_IRQHandler                         0x080002ff   Thumb Code     0  startup_stm32g474xx.o(.text)
    EXTI2_IRQHandler                         0x080002ff   Thumb Code     0  startup_stm32g474xx.o(.text)
    EXTI3_IRQHandler                         0x080002ff   Thumb Code     0  startup_stm32g474xx.o(.text)
    EXTI4_IRQHandler                         0x080002ff   Thumb Code     0  startup_stm32g474xx.o(.text)
    EXTI9_5_IRQHandler                       0x080002ff   Thumb Code     0  startup_stm32g474xx.o(.text)
    FDCAN1_IT0_IRQHandler                    0x080002ff   Thumb Code     0  startup_stm32g474xx.o(.text)
    FDCAN1_IT1_IRQHandler                    0x080002ff   Thumb Code     0  startup_stm32g474xx.o(.text)
    FDCAN2_IT0_IRQHandler                    0x080002ff   Thumb Code     0  startup_stm32g474xx.o(.text)
    FDCAN2_IT1_IRQHandler                    0x080002ff   Thumb Code     0  startup_stm32g474xx.o(.text)
    FDCAN3_IT0_IRQHandler                    0x080002ff   Thumb Code     0  startup_stm32g474xx.o(.text)
    FDCAN3_IT1_IRQHandler                    0x080002ff   Thumb Code     0  startup_stm32g474xx.o(.text)
    FLASH_IRQHandler                         0x080002ff   Thumb Code     0  startup_stm32g474xx.o(.text)
    FMAC_IRQHandler                          0x080002ff   Thumb Code     0  startup_stm32g474xx.o(.text)
    FMC_IRQHandler                           0x080002ff   Thumb Code     0  startup_stm32g474xx.o(.text)
    FPU_IRQHandler                           0x080002ff   Thumb Code     0  startup_stm32g474xx.o(.text)
    HRTIM1_FLT_IRQHandler                    0x080002ff   Thumb Code     0  startup_stm32g474xx.o(.text)
    HRTIM1_Master_IRQHandler                 0x080002ff   Thumb Code     0  startup_stm32g474xx.o(.text)
    HRTIM1_TIMA_IRQHandler                   0x080002ff   Thumb Code     0  startup_stm32g474xx.o(.text)
    HRTIM1_TIMB_IRQHandler                   0x080002ff   Thumb Code     0  startup_stm32g474xx.o(.text)
    HRTIM1_TIMC_IRQHandler                   0x080002ff   Thumb Code     0  startup_stm32g474xx.o(.text)
    HRTIM1_TIMD_IRQHandler                   0x080002ff   Thumb Code     0  startup_stm32g474xx.o(.text)
    HRTIM1_TIME_IRQHandler                   0x080002ff   Thumb Code     0  startup_stm32g474xx.o(.text)
    HRTIM1_TIMF_IRQHandler                   0x080002ff   Thumb Code     0  startup_stm32g474xx.o(.text)
    I2C1_ER_IRQHandler                       0x080002ff   Thumb Code     0  startup_stm32g474xx.o(.text)
    I2C1_EV_IRQHandler                       0x080002ff   Thumb Code     0  startup_stm32g474xx.o(.text)
    I2C2_ER_IRQHandler                       0x080002ff   Thumb Code     0  startup_stm32g474xx.o(.text)
    I2C2_EV_IRQHandler                       0x080002ff   Thumb Code     0  startup_stm32g474xx.o(.text)
    I2C3_ER_IRQHandler                       0x080002ff   Thumb Code     0  startup_stm32g474xx.o(.text)
    I2C3_EV_IRQHandler                       0x080002ff   Thumb Code     0  startup_stm32g474xx.o(.text)
    I2C4_ER_IRQHandler                       0x080002ff   Thumb Code     0  startup_stm32g474xx.o(.text)
    I2C4_EV_IRQHandler                       0x080002ff   Thumb Code     0  startup_stm32g474xx.o(.text)
    LPTIM1_IRQHandler                        0x080002ff   Thumb Code     0  startup_stm32g474xx.o(.text)
    LPUART1_IRQHandler                       0x080002ff   Thumb Code     0  startup_stm32g474xx.o(.text)
    PVD_PVM_IRQHandler                       0x080002ff   Thumb Code     0  startup_stm32g474xx.o(.text)
    QUADSPI_IRQHandler                       0x080002ff   Thumb Code     0  startup_stm32g474xx.o(.text)
    RCC_IRQHandler                           0x080002ff   Thumb Code     0  startup_stm32g474xx.o(.text)
    RNG_IRQHandler                           0x080002ff   Thumb Code     0  startup_stm32g474xx.o(.text)
    RTC_Alarm_IRQHandler                     0x080002ff   Thumb Code     0  startup_stm32g474xx.o(.text)
    RTC_TAMP_LSECSS_IRQHandler               0x080002ff   Thumb Code     0  startup_stm32g474xx.o(.text)
    RTC_WKUP_IRQHandler                      0x080002ff   Thumb Code     0  startup_stm32g474xx.o(.text)
    SAI1_IRQHandler                          0x080002ff   Thumb Code     0  startup_stm32g474xx.o(.text)
    SPI1_IRQHandler                          0x080002ff   Thumb Code     0  startup_stm32g474xx.o(.text)
    SPI2_IRQHandler                          0x080002ff   Thumb Code     0  startup_stm32g474xx.o(.text)
    SPI3_IRQHandler                          0x080002ff   Thumb Code     0  startup_stm32g474xx.o(.text)
    SPI4_IRQHandler                          0x080002ff   Thumb Code     0  startup_stm32g474xx.o(.text)
    TIM1_BRK_TIM15_IRQHandler                0x080002ff   Thumb Code     0  startup_stm32g474xx.o(.text)
    TIM1_CC_IRQHandler                       0x080002ff   Thumb Code     0  startup_stm32g474xx.o(.text)
    TIM1_TRG_COM_TIM17_IRQHandler            0x080002ff   Thumb Code     0  startup_stm32g474xx.o(.text)
    TIM1_UP_TIM16_IRQHandler                 0x080002ff   Thumb Code     0  startup_stm32g474xx.o(.text)
    TIM20_BRK_IRQHandler                     0x080002ff   Thumb Code     0  startup_stm32g474xx.o(.text)
    TIM20_CC_IRQHandler                      0x080002ff   Thumb Code     0  startup_stm32g474xx.o(.text)
    TIM20_TRG_COM_IRQHandler                 0x080002ff   Thumb Code     0  startup_stm32g474xx.o(.text)
    TIM20_UP_IRQHandler                      0x080002ff   Thumb Code     0  startup_stm32g474xx.o(.text)
    TIM2_IRQHandler                          0x080002ff   Thumb Code     0  startup_stm32g474xx.o(.text)
    TIM3_IRQHandler                          0x080002ff   Thumb Code     0  startup_stm32g474xx.o(.text)
    TIM4_IRQHandler                          0x080002ff   Thumb Code     0  startup_stm32g474xx.o(.text)
    TIM5_IRQHandler                          0x080002ff   Thumb Code     0  startup_stm32g474xx.o(.text)
    TIM6_DAC_IRQHandler                      0x080002ff   Thumb Code     0  startup_stm32g474xx.o(.text)
    TIM7_DAC_IRQHandler                      0x080002ff   Thumb Code     0  startup_stm32g474xx.o(.text)
    TIM8_BRK_IRQHandler                      0x080002ff   Thumb Code     0  startup_stm32g474xx.o(.text)
    TIM8_CC_IRQHandler                       0x080002ff   Thumb Code     0  startup_stm32g474xx.o(.text)
    TIM8_TRG_COM_IRQHandler                  0x080002ff   Thumb Code     0  startup_stm32g474xx.o(.text)
    TIM8_UP_IRQHandler                       0x080002ff   Thumb Code     0  startup_stm32g474xx.o(.text)
    UART4_IRQHandler                         0x080002ff   Thumb Code     0  startup_stm32g474xx.o(.text)
    UART5_IRQHandler                         0x080002ff   Thumb Code     0  startup_stm32g474xx.o(.text)
    UCPD1_IRQHandler                         0x080002ff   Thumb Code     0  startup_stm32g474xx.o(.text)
    USART1_IRQHandler                        0x080002ff   Thumb Code     0  startup_stm32g474xx.o(.text)
    USART2_IRQHandler                        0x080002ff   Thumb Code     0  startup_stm32g474xx.o(.text)
    USART3_IRQHandler                        0x080002ff   Thumb Code     0  startup_stm32g474xx.o(.text)
    USBWakeUp_IRQHandler                     0x080002ff   Thumb Code     0  startup_stm32g474xx.o(.text)
    USB_HP_IRQHandler                        0x080002ff   Thumb Code     0  startup_stm32g474xx.o(.text)
    USB_LP_IRQHandler                        0x080002ff   Thumb Code     0  startup_stm32g474xx.o(.text)
    WWDG_IRQHandler                          0x080002ff   Thumb Code     0  startup_stm32g474xx.o(.text)
    __user_initial_stackheap                 0x08000301   Thumb Code     0  startup_stm32g474xx.o(.text)
    __2sprintf                               0x08000325   Thumb Code    34  noretval__2sprintf.o(.text)
    _printf_pre_padding                      0x0800034d   Thumb Code    44  _printf_pad.o(.text)
    _printf_post_padding                     0x08000379   Thumb Code    34  _printf_pad.o(.text)
    _printf_truncate_signed                  0x0800039b   Thumb Code    18  _printf_truncate.o(.text)
    _printf_truncate_unsigned                0x080003ad   Thumb Code    18  _printf_truncate.o(.text)
    _printf_str                              0x080003bf   Thumb Code    82  _printf_str.o(.text)
    _printf_int_dec                          0x08000411   Thumb Code   104  _printf_dec.o(.text)
    _printf_wctomb                           0x08000489   Thumb Code   182  _printf_wctomb.o(.text)
    _printf_int_oct                          0x08000545   Thumb Code    74  _printf_oct_int.o(.text)
    _printf_longlong_oct                     0x08000545   Thumb Code     0  _printf_oct_int.o(.text)
    _printf_int_hex                          0x08000599   Thumb Code    84  _printf_hex_int.o(.text)
    _printf_longlong_hex                     0x08000599   Thumb Code     0  _printf_hex_int.o(.text)
    __printf                                 0x080005f1   Thumb Code   388  __printf_flags_ss_wp.o(.text)
    __aeabi_memclr4                          0x08000779   Thumb Code     0  rt_memclr_w.o(.text)
    __aeabi_memclr8                          0x08000779   Thumb Code     0  rt_memclr_w.o(.text)
    __rt_memclr_w                            0x08000779   Thumb Code     0  rt_memclr_w.o(.text)
    _memset_w                                0x0800077d   Thumb Code    74  rt_memclr_w.o(.text)
    __use_two_region_memory                  0x080007c7   Thumb Code     2  heapauxi.o(.text)
    __rt_heap_escrow$2region                 0x080007c9   Thumb Code     2  heapauxi.o(.text)
    __rt_heap_expand$2region                 0x080007cb   Thumb Code     2  heapauxi.o(.text)
    _printf_int_common                       0x080007cd   Thumb Code   178  _printf_intcommon.o(.text)
    _printf_fp_dec_real                      0x08000a2f   Thumb Code   620  _printf_fp_dec.o(.text)
    _printf_fp_hex_real                      0x08000c9d   Thumb Code   756  _printf_fp_hex.o(.text)
    _printf_char_common                      0x08000fa3   Thumb Code    32  _printf_char_common.o(.text)
    _sputc                                   0x08000fc9   Thumb Code    10  _sputc.o(.text)
    _printf_cs_common                        0x08000fd3   Thumb Code    20  _printf_char.o(.text)
    _printf_char                             0x08000fe7   Thumb Code    16  _printf_char.o(.text)
    _printf_string                           0x08000ff7   Thumb Code     8  _printf_char.o(.text)
    _printf_lcs_common                       0x08000fff   Thumb Code    20  _printf_wchar.o(.text)
    _printf_wchar                            0x08001013   Thumb Code    16  _printf_wchar.o(.text)
    _printf_wstring                          0x08001023   Thumb Code     8  _printf_wchar.o(.text)
    _c16rtomb                                0x0800102b   Thumb Code    72  _c16rtomb.o(.text)
    _wcrtomb                                 0x0800102b   Thumb Code     0  _c16rtomb.o(.text)
    __rt_ctype_table                         0x08001075   Thumb Code    16  rt_ctype_table.o(.text)
    __rt_locale                              0x08001085   Thumb Code     8  rt_locale_intlibspace.o(.text)
    _ll_udiv10                               0x0800108d   Thumb Code   138  lludiv10.o(.text)
    _printf_fp_infnan                        0x08001119   Thumb Code   112  _printf_fp_infnan.o(.text)
    _btod_etento                             0x08001199   Thumb Code   224  bigflt0.o(.text)
    __user_libspace                          0x0800127d   Thumb Code     8  libspace.o(.text)
    __user_perproc_libspace                  0x0800127d   Thumb Code     0  libspace.o(.text)
    __user_perthread_libspace                0x0800127d   Thumb Code     0  libspace.o(.text)
    __user_setup_stackheap                   0x08001285   Thumb Code    74  sys_stackheap_outer.o(.text)
    exit                                     0x080012cf   Thumb Code    18  exit.o(.text)
    strcmp                                   0x080012e1   Thumb Code   124  strcmpv7em.o(.text)
    __I$use$semihosting                      0x0800135d   Thumb Code     0  use_no_semi.o(.text)
    __use_no_semihosting_swi                 0x0800135d   Thumb Code     2  use_no_semi.o(.text)
    __semihosting_library_function           0x0800135f   Thumb Code     0  indicate_semi.o(.text)
    _sys_exit                                0x08001361   Thumb Code     8  sys_exit.o(.text)
    BusFault_Handler                         0x0800136d   Thumb Code     2  stm32g4xx_it.o(.text.BusFault_Handler)
    DMA1_Channel1_IRQHandler                 0x08001371   Thumb Code    16  stm32g4xx_it.o(.text.DMA1_Channel1_IRQHandler)
    DMA1_Channel2_IRQHandler                 0x08001381   Thumb Code    16  stm32g4xx_it.o(.text.DMA1_Channel2_IRQHandler)
    DebugMon_Handler                         0x0800145d   Thumb Code     2  stm32g4xx_it.o(.text.DebugMon_Handler)
    Error_Handler                            0x08001461   Thumb Code    10  main.o(.text.Error_Handler)
    Flash_Addr_byBlockSectorPage             0x0800146d   Thumb Code    24  w25flash.o(.text.Flash_Addr_byBlockSectorPage)
    Flash_ReadSR1                            0x08001485   Thumb Code    50  w25flash.o(.text.Flash_ReadSR1)
    Flash_SpliteAddr                         0x080014b9   Thumb Code    16  w25flash.o(.text.Flash_SpliteAddr)
    Flash_Wait_Busy                          0x080014c9   Thumb Code    32  w25flash.o(.text.Flash_Wait_Busy)
    HAL_DMA_IRQHandler                       0x080014e9   Thumb Code   170  stm32g4xx_hal_dma.o(.text.HAL_DMA_IRQHandler)
    HAL_DMA_Init                             0x08001595   Thumb Code   218  stm32g4xx_hal_dma.o(.text.HAL_DMA_Init)
    HAL_DMA_Start_IT                         0x08001671   Thumb Code   138  stm32g4xx_hal_dma.o(.text.HAL_DMA_Start_IT)
    HAL_Delay                                0x080016fd   Thumb Code    40  stm32g4xx_hal.o(.text.HAL_Delay)
    HAL_GPIO_Init                            0x08001725   Thumb Code   420  stm32g4xx_hal_gpio.o(.text.HAL_GPIO_Init)
    HAL_GPIO_WritePin                        0x080018c9   Thumb Code    12  stm32g4xx_hal_gpio.o(.text.HAL_GPIO_WritePin)
    HAL_GetTick                              0x080018d5   Thumb Code    12  stm32g4xx_hal.o(.text.HAL_GetTick)
    HAL_IncTick                              0x080018e1   Thumb Code    26  stm32g4xx_hal.o(.text.HAL_IncTick)
    HAL_Init                                 0x080018fd   Thumb Code    30  stm32g4xx_hal.o(.text.HAL_Init)
    HAL_InitTick                             0x0800191d   Thumb Code    86  stm32g4xx_hal.o(.text.HAL_InitTick)
    HAL_MspInit                              0x08001975   Thumb Code    56  stm32g4xx_hal_msp.o(.text.HAL_MspInit)
    HAL_NVIC_EnableIRQ                       0x080019ad   Thumb Code     8  stm32g4xx_hal_cortex.o(.text.HAL_NVIC_EnableIRQ)
    HAL_NVIC_SetPriority                     0x080019b5   Thumb Code    30  stm32g4xx_hal_cortex.o(.text.HAL_NVIC_SetPriority)
    HAL_NVIC_SetPriorityGrouping             0x080019d5   Thumb Code     8  stm32g4xx_hal_cortex.o(.text.HAL_NVIC_SetPriorityGrouping)
    HAL_PWREx_ControlVoltageScaling          0x080019dd   Thumb Code   238  stm32g4xx_hal_pwr_ex.o(.text.HAL_PWREx_ControlVoltageScaling)
    HAL_PWREx_DisableUCPDDeadBattery         0x08001acd   Thumb Code    18  stm32g4xx_hal_pwr_ex.o(.text.HAL_PWREx_DisableUCPDDeadBattery)
    HAL_RCC_ClockConfig                      0x08001ae1   Thumb Code   518  stm32g4xx_hal_rcc.o(.text.HAL_RCC_ClockConfig)
    HAL_RCC_GetSysClockFreq                  0x08001ce9   Thumb Code   122  stm32g4xx_hal_rcc.o(.text.HAL_RCC_GetSysClockFreq)
    HAL_RCC_OscConfig                        0x08001d65   Thumb Code  1146  stm32g4xx_hal_rcc.o(.text.HAL_RCC_OscConfig)
    HAL_SPI_ErrorCallback                    0x080021e1   Thumb Code     2  stm32g4xx_hal_spi.o(.text.HAL_SPI_ErrorCallback)
    HAL_SPI_Init                             0x080021e5   Thumb Code   226  stm32g4xx_hal_spi.o(.text.HAL_SPI_Init)
    HAL_SPI_MspInit                          0x080022c9   Thumb Code   320  spi.o(.text.HAL_SPI_MspInit)
    HAL_SPI_Receive                          0x08002409   Thumb Code   416  stm32g4xx_hal_spi.o(.text.HAL_SPI_Receive)
    HAL_SPI_Receive_DMA                      0x080025a9   Thumb Code   340  stm32g4xx_hal_spi.o(.text.HAL_SPI_Receive_DMA)
    HAL_SPI_RxCpltCallback                   0x080026fd   Thumb Code   104  main.o(.text.HAL_SPI_RxCpltCallback)
    HAL_SPI_RxHalfCpltCallback               0x08002791   Thumb Code     2  stm32g4xx_hal_spi.o(.text.HAL_SPI_RxHalfCpltCallback)
    HAL_SPI_Transmit                         0x08002795   Thumb Code   456  stm32g4xx_hal_spi.o(.text.HAL_SPI_Transmit)
    HAL_SPI_TransmitReceive                  0x0800295d   Thumb Code   630  stm32g4xx_hal_spi.o(.text.HAL_SPI_TransmitReceive)
    HAL_SPI_TransmitReceive_DMA              0x08002bd5   Thumb Code   436  stm32g4xx_hal_spi.o(.text.HAL_SPI_TransmitReceive_DMA)
    HAL_SPI_TxRxCpltCallback                 0x08002d89   Thumb Code     2  stm32g4xx_hal_spi.o(.text.HAL_SPI_TxRxCpltCallback)
    HAL_SPI_TxRxHalfCpltCallback             0x08002d8d   Thumb Code     2  stm32g4xx_hal_spi.o(.text.HAL_SPI_TxRxHalfCpltCallback)
    HAL_SYSTICK_Config                       0x08002d91   Thumb Code     8  stm32g4xx_hal_cortex.o(.text.HAL_SYSTICK_Config)
    HardFault_Handler                        0x08002d99   Thumb Code     2  stm32g4xx_it.o(.text.HardFault_Handler)
    LCD_Clear                                0x08002d9d   Thumb Code    82  lcd.o(.text.LCD_Clear)
    LCD_DisplayChar                          0x08002df1   Thumb Code   234  lcd.o(.text.LCD_DisplayChar)
    LCD_DisplayString                        0x08002edd   Thumb Code    72  lcd.o(.text.LCD_DisplayString)
    LCD_Init                                 0x08002f25   Thumb Code   504  lcd.o(.text.LCD_Init)
    LCD_SPI_Send                             0x0800311d   Thumb Code     8  lcd.o(.text.LCD_SPI_Send)
    LCD_SetAddress                           0x08003125   Thumb Code   128  lcd.o(.text.LCD_SetAddress)
    LCD_SetAsciiFont                         0x080031a5   Thumb Code    12  lcd.o(.text.LCD_SetAsciiFont)
    LCD_SetBackColor                         0x080031b1   Thumb Code    36  lcd.o(.text.LCD_SetBackColor)
    LCD_SetColor                             0x080031d5   Thumb Code    36  lcd.o(.text.LCD_SetColor)
    LCD_SetDirection                         0x080031f9   Thumb Code   158  lcd.o(.text.LCD_SetDirection)
    LCD_ShowNumMode                          0x08003299   Thumb Code    12  lcd.o(.text.LCD_ShowNumMode)
    LCD_WriteBuff                            0x080032a5   Thumb Code    44  lcd.o(.text.LCD_WriteBuff)
    LCD_WriteCommand                         0x080032d1   Thumb Code    54  lcd.o(.text.LCD_WriteCommand)
    LCD_WriteData_16bit                      0x08003309   Thumb Code    52  lcd.o(.text.LCD_WriteData_16bit)
    LCD_WriteData_8bit                       0x0800333d   Thumb Code    40  lcd.o(.text.LCD_WriteData_8bit)
    MX_DMA_Init                              0x08003365   Thumb Code    84  dma.o(.text.MX_DMA_Init)
    MX_GPIO_Init                             0x080033b9   Thumb Code   240  gpio.o(.text.MX_GPIO_Init)
    MX_SPI1_Init                             0x080034a9   Thumb Code    74  spi.o(.text.MX_SPI1_Init)
    MX_SPI2_Init                             0x080034f5   Thumb Code    78  spi.o(.text.MX_SPI2_Init)
    MemManage_Handler                        0x08003545   Thumb Code     2  stm32g4xx_it.o(.text.MemManage_Handler)
    NMI_Handler                              0x08003549   Thumb Code     2  stm32g4xx_it.o(.text.NMI_Handler)
    PendSV_Handler                           0x08003579   Thumb Code     2  stm32g4xx_it.o(.text.PendSV_Handler)
    SPI2_WriteData                           0x080035c5   Thumb Code    24  lcd.o(.text.SPI2_WriteData)
    SPI_ReceiveOneByte                       0x08003791   Thumb Code    38  w25flash.o(.text.SPI_ReceiveOneByte)
    SPI_TransmitOneByte                      0x080037b9   Thumb Code    32  w25flash.o(.text.SPI_TransmitOneByte)
    SVC_Handler                              0x08003975   Thumb Code     2  stm32g4xx_it.o(.text.SVC_Handler)
    SysTick_Handler                          0x080039a9   Thumb Code     8  stm32g4xx_it.o(.text.SysTick_Handler)
    SystemClock_Config                       0x080039b1   Thumb Code   102  main.o(.text.SystemClock_Config)
    SystemInit                               0x08003a19   Thumb Code    18  system_stm32g4xx.o(.text.SystemInit)
    UsageFault_Handler                       0x08003a2d   Thumb Code     2  stm32g4xx_it.o(.text.UsageFault_Handler)
    flash_test_read_page_dma                 0x08003aa5   Thumb Code   120  main.o(.text.flash_test_read_page_dma)
    main                                     0x08003b2d   Thumb Code    72  main.o(.text.main)
    _btod_d2e                                0x08003b81   Thumb Code    62  btod.o(CL$$btod_d2e)
    _d2e_denorm_low                          0x08003bbf   Thumb Code    70  btod.o(CL$$btod_d2e_denorm_low)
    _d2e_norm_op1                            0x08003c05   Thumb Code    96  btod.o(CL$$btod_d2e_norm_op1)
    __btod_div_common                        0x08003c65   Thumb Code   696  btod.o(CL$$btod_div_common)
    _e2e                                     0x08003f9d   Thumb Code   220  btod.o(CL$$btod_e2e)
    _btod_ediv                               0x08004079   Thumb Code    42  btod.o(CL$$btod_ediv)
    _btod_emul                               0x080040a3   Thumb Code    42  btod.o(CL$$btod_emul)
    __btod_mult_common                       0x080040cd   Thumb Code   580  btod.o(CL$$btod_mult_common)
    __ARM_fpclassify                         0x08004311   Thumb Code    48  fpclassify.o(i.__ARM_fpclassify)
    _is_digit                                0x08004341   Thumb Code    14  __printf_wp.o(i._is_digit)
    _get_lc_numeric                          0x08004351   Thumb Code    44  lc_numeric_c.o(locale$$code)
    _get_lc_ctype                            0x0800437d   Thumb Code    44  lc_ctype_c.o(locale$$code)
    _fp_init                                 0x080043a9   Thumb Code    26  fpinit.o(x$fpl$fpinit)
    __fplib_config_fpu_vfp                   0x080043c1   Thumb Code     0  fpinit.o(x$fpl$fpinit)
    __fplib_config_pureend_doubles           0x080043c1   Thumb Code     0  fpinit.o(x$fpl$fpinit)
    _printf_fp_dec                           0x080043c3   Thumb Code     4  printf1.o(x$fpl$printf1)
    _printf_fp_hex                           0x080043c7   Thumb Code     4  printf2.o(x$fpl$printf2)
    __I$use$fp                               0x080043ca   Number         0  usenofp.o(x$fpl$usenofp)
    AHBPrescTable                            0x080044c8   Data          16  system_stm32g4xx.o(.rodata.AHBPrescTable)
    ASCII_1608_Table                         0x080044d8   Data        1520  lcd_fonts.o(.rodata.ASCII_1608_Table)
    ASCII_2412_Table                         0x08004ac8   Data        4560  lcd_fonts.o(.rodata.ASCII_2412_Table)
    Region$$Table$$Base                      0x08005c98   Number         0  anon$$obj.o(Region$$Table)
    Region$$Table$$Limit                     0x08005cb8   Number         0  anon$$obj.o(Region$$Table)
    __ctype                                  0x08005ce1   Data           0  lc_ctype_c.o(locale$$data)
    ASCII_Font16                             0x20000000   Data          12  lcd_fonts.o(.data.ASCII_Font16)
    ASCII_Font24                             0x2000000c   Data          12  lcd_fonts.o(.data.ASCII_Font24)
    SystemCoreClock                          0x20000018   Data           4  system_stm32g4xx.o(.data.SystemCoreClock)
    uwTickFreq                               0x2000001c   Data           4  stm32g4xx_hal.o(.data.uwTickFreq)
    uwTickPrio                               0x20000020   Data           4  stm32g4xx_hal.o(.data.uwTickPrio)
    __libspace_start                         0x20000028   Data          96  libspace.o(.bss)
    LCD                                      0x20000088   Data          16  lcd.o(.bss.LCD)
    __temporary_stack_top$libspace           0x20000088   Data           0  libspace.o(.bss)
    LCD_Buff                                 0x2000009c   Data        2048  lcd.o(.bss.LCD_Buff)
    bufferPageRead                           0x2000089c   Data         256  main.o(.bss.bufferPageRead)
    hdma_spi2_rx                             0x2000099c   Data          96  spi.o(.bss.hdma_spi2_rx)
    hdma_spi2_tx                             0x200009fc   Data          96  spi.o(.bss.hdma_spi2_tx)
    hspi1                                    0x20000a5c   Data         100  spi.o(.bss.hspi1)
    hspi2                                    0x20000ac0   Data         100  spi.o(.bss.hspi2)
    lcd_message                              0x20000b24   Data          30  main.o(.bss.lcd_message)
    uwTick                                   0x20000b44   Data           4  stm32g4xx_hal.o(.bss.uwTick)



==============================================================================

Memory Map of the image

  Image Entry point : 0x080001d9

  Load Region LR_IROM1 (Base: 0x08000000, Size: 0x00005e10, Max: 0x00080000, ABSOLUTE)

    Execution Region ER_IROM1 (Exec base: 0x08000000, Load base: 0x08000000, Size: 0x00005de4, Max: 0x00080000, ABSOLUTE)

    Exec Addr    Load Addr    Size         Type   Attr      Idx    E Section Name        Object

    0x08000000   0x08000000   0x000001d8   Data   RO            3    RESET               startup_stm32g474xx.o
    0x080001d8   0x080001d8   0x00000008   Code   RO         1199  * !!!main             c_w.l(__main.o)
    0x080001e0   0x080001e0   0x00000034   Code   RO         1554    !!!scatter          c_w.l(__scatter.o)
    0x08000214   0x08000214   0x0000001a   Code   RO         1556    !!handler_copy      c_w.l(__scatter_copy.o)
    0x0800022e   0x0800022e   0x00000002   PAD
    0x08000230   0x08000230   0x0000001c   Code   RO         1558    !!handler_zi        c_w.l(__scatter_zi.o)
    0x0800024c   0x0800024c   0x00000000   Code   RO         1186    .ARM.Collect$$_printf_percent$$00000000  c_w.l(_printf_percent.o)
    0x0800024c   0x0800024c   0x00000006   Code   RO         1182    .ARM.Collect$$_printf_percent$$00000003  c_w.l(_printf_f.o)
    0x08000252   0x08000252   0x00000006   Code   RO         1183    .ARM.Collect$$_printf_percent$$00000004  c_w.l(_printf_e.o)
    0x08000258   0x08000258   0x00000006   Code   RO         1184    .ARM.Collect$$_printf_percent$$00000005  c_w.l(_printf_g.o)
    0x0800025e   0x0800025e   0x00000006   Code   RO         1185    .ARM.Collect$$_printf_percent$$00000006  c_w.l(_printf_a.o)
    0x08000264   0x08000264   0x00000006   Code   RO         1179    .ARM.Collect$$_printf_percent$$00000008  c_w.l(_printf_i.o)
    0x0800026a   0x0800026a   0x00000006   Code   RO         1180    .ARM.Collect$$_printf_percent$$00000009  c_w.l(_printf_d.o)
    0x08000270   0x08000270   0x00000006   Code   RO         1181    .ARM.Collect$$_printf_percent$$0000000A  c_w.l(_printf_u.o)
    0x08000276   0x08000276   0x00000006   Code   RO         1178    .ARM.Collect$$_printf_percent$$0000000B  c_w.l(_printf_o.o)
    0x0800027c   0x0800027c   0x00000006   Code   RO         1177    .ARM.Collect$$_printf_percent$$0000000C  c_w.l(_printf_x.o)
    0x08000282   0x08000282   0x0000000a   Code   RO         1274    .ARM.Collect$$_printf_percent$$00000012  c_w.l(_printf_l.o)
    0x0800028c   0x0800028c   0x00000006   Code   RO         1176    .ARM.Collect$$_printf_percent$$00000013  c_w.l(_printf_c.o)
    0x08000292   0x08000292   0x00000006   Code   RO         1187    .ARM.Collect$$_printf_percent$$00000015  c_w.l(_printf_lc.o)
    0x08000298   0x08000298   0x00000004   Code   RO         1273    .ARM.Collect$$_printf_percent$$00000017  c_w.l(_printf_percent_end.o)
    0x0800029c   0x0800029c   0x00000002   Code   RO         1472    .ARM.Collect$$libinit$$00000000  c_w.l(libinit.o)
    0x0800029e   0x0800029e   0x00000004   Code   RO         1277    .ARM.Collect$$libinit$$00000001  c_w.l(libinit2.o)
    0x080002a2   0x080002a2   0x00000000   Code   RO         1280    .ARM.Collect$$libinit$$00000004  c_w.l(libinit2.o)
    0x080002a2   0x080002a2   0x00000000   Code   RO         1283    .ARM.Collect$$libinit$$0000000A  c_w.l(libinit2.o)
    0x080002a2   0x080002a2   0x00000000   Code   RO         1285    .ARM.Collect$$libinit$$0000000C  c_w.l(libinit2.o)
    0x080002a2   0x080002a2   0x00000000   Code   RO         1287    .ARM.Collect$$libinit$$0000000E  c_w.l(libinit2.o)
    0x080002a2   0x080002a2   0x00000006   Code   RO         1288    .ARM.Collect$$libinit$$0000000F  c_w.l(libinit2.o)
    0x080002a8   0x080002a8   0x00000000   Code   RO         1290    .ARM.Collect$$libinit$$00000011  c_w.l(libinit2.o)
    0x080002a8   0x080002a8   0x0000000c   Code   RO         1291    .ARM.Collect$$libinit$$00000012  c_w.l(libinit2.o)
    0x080002b4   0x080002b4   0x00000000   Code   RO         1292    .ARM.Collect$$libinit$$00000013  c_w.l(libinit2.o)
    0x080002b4   0x080002b4   0x00000000   Code   RO         1294    .ARM.Collect$$libinit$$00000015  c_w.l(libinit2.o)
    0x080002b4   0x080002b4   0x0000000a   Code   RO         1295    .ARM.Collect$$libinit$$00000016  c_w.l(libinit2.o)
    0x080002be   0x080002be   0x00000000   Code   RO         1296    .ARM.Collect$$libinit$$00000017  c_w.l(libinit2.o)
    0x080002be   0x080002be   0x00000000   Code   RO         1298    .ARM.Collect$$libinit$$00000019  c_w.l(libinit2.o)
    0x080002be   0x080002be   0x00000000   Code   RO         1300    .ARM.Collect$$libinit$$0000001B  c_w.l(libinit2.o)
    0x080002be   0x080002be   0x00000000   Code   RO         1302    .ARM.Collect$$libinit$$0000001D  c_w.l(libinit2.o)
    0x080002be   0x080002be   0x00000000   Code   RO         1304    .ARM.Collect$$libinit$$0000001F  c_w.l(libinit2.o)
    0x080002be   0x080002be   0x00000000   Code   RO         1306    .ARM.Collect$$libinit$$00000021  c_w.l(libinit2.o)
    0x080002be   0x080002be   0x00000000   Code   RO         1308    .ARM.Collect$$libinit$$00000023  c_w.l(libinit2.o)
    0x080002be   0x080002be   0x00000000   Code   RO         1310    .ARM.Collect$$libinit$$00000025  c_w.l(libinit2.o)
    0x080002be   0x080002be   0x00000000   Code   RO         1314    .ARM.Collect$$libinit$$0000002C  c_w.l(libinit2.o)
    0x080002be   0x080002be   0x00000000   Code   RO         1316    .ARM.Collect$$libinit$$0000002E  c_w.l(libinit2.o)
    0x080002be   0x080002be   0x00000000   Code   RO         1318    .ARM.Collect$$libinit$$00000030  c_w.l(libinit2.o)
    0x080002be   0x080002be   0x00000000   Code   RO         1320    .ARM.Collect$$libinit$$00000032  c_w.l(libinit2.o)
    0x080002be   0x080002be   0x00000002   Code   RO         1321    .ARM.Collect$$libinit$$00000033  c_w.l(libinit2.o)
    0x080002c0   0x080002c0   0x00000002   Code   RO         1513    .ARM.Collect$$libshutdown$$00000000  c_w.l(libshutdown.o)
    0x080002c2   0x080002c2   0x00000000   Code   RO         1521    .ARM.Collect$$libshutdown$$00000002  c_w.l(libshutdown2.o)
    0x080002c2   0x080002c2   0x00000000   Code   RO         1523    .ARM.Collect$$libshutdown$$00000004  c_w.l(libshutdown2.o)
    0x080002c2   0x080002c2   0x00000000   Code   RO         1526    .ARM.Collect$$libshutdown$$00000007  c_w.l(libshutdown2.o)
    0x080002c2   0x080002c2   0x00000000   Code   RO         1529    .ARM.Collect$$libshutdown$$0000000A  c_w.l(libshutdown2.o)
    0x080002c2   0x080002c2   0x00000000   Code   RO         1531    .ARM.Collect$$libshutdown$$0000000C  c_w.l(libshutdown2.o)
    0x080002c2   0x080002c2   0x00000000   Code   RO         1534    .ARM.Collect$$libshutdown$$0000000F  c_w.l(libshutdown2.o)
    0x080002c2   0x080002c2   0x00000002   Code   RO         1535    .ARM.Collect$$libshutdown$$00000010  c_w.l(libshutdown2.o)
    0x080002c4   0x080002c4   0x00000000   Code   RO         1253    .ARM.Collect$$rtentry$$00000000  c_w.l(__rtentry.o)
    0x080002c4   0x080002c4   0x00000000   Code   RO         1375    .ARM.Collect$$rtentry$$00000002  c_w.l(__rtentry2.o)
    0x080002c4   0x080002c4   0x00000006   Code   RO         1387    .ARM.Collect$$rtentry$$00000004  c_w.l(__rtentry4.o)
    0x080002ca   0x080002ca   0x00000000   Code   RO         1377    .ARM.Collect$$rtentry$$00000009  c_w.l(__rtentry2.o)
    0x080002ca   0x080002ca   0x00000004   Code   RO         1378    .ARM.Collect$$rtentry$$0000000A  c_w.l(__rtentry2.o)
    0x080002ce   0x080002ce   0x00000000   Code   RO         1380    .ARM.Collect$$rtentry$$0000000C  c_w.l(__rtentry2.o)
    0x080002ce   0x080002ce   0x00000008   Code   RO         1381    .ARM.Collect$$rtentry$$0000000D  c_w.l(__rtentry2.o)
    0x080002d6   0x080002d6   0x00000002   Code   RO         1477    .ARM.Collect$$rtexit$$00000000  c_w.l(rtexit.o)
    0x080002d8   0x080002d8   0x00000000   Code   RO         1491    .ARM.Collect$$rtexit$$00000002  c_w.l(rtexit2.o)
    0x080002d8   0x080002d8   0x00000004   Code   RO         1492    .ARM.Collect$$rtexit$$00000003  c_w.l(rtexit2.o)
    0x080002dc   0x080002dc   0x00000006   Code   RO         1493    .ARM.Collect$$rtexit$$00000004  c_w.l(rtexit2.o)
    0x080002e2   0x080002e2   0x00000002   PAD
    0x080002e4   0x080002e4   0x00000040   Code   RO            4    .text               startup_stm32g474xx.o
    0x08000324   0x08000324   0x00000028   Code   RO         1114    .text               c_w.l(noretval__2sprintf.o)
    0x0800034c   0x0800034c   0x0000004e   Code   RO         1118    .text               c_w.l(_printf_pad.o)
    0x0800039a   0x0800039a   0x00000024   Code   RO         1120    .text               c_w.l(_printf_truncate.o)
    0x080003be   0x080003be   0x00000052   Code   RO         1122    .text               c_w.l(_printf_str.o)
    0x08000410   0x08000410   0x00000078   Code   RO         1124    .text               c_w.l(_printf_dec.o)
    0x08000488   0x08000488   0x000000bc   Code   RO         1126    .text               c_w.l(_printf_wctomb.o)
    0x08000544   0x08000544   0x00000054   Code   RO         1131    .text               c_w.l(_printf_oct_int.o)
    0x08000598   0x08000598   0x00000058   Code   RO         1138    .text               c_w.l(_printf_hex_int.o)
    0x080005f0   0x080005f0   0x00000188   Code   RO         1173    .text               c_w.l(__printf_flags_ss_wp.o)
    0x08000778   0x08000778   0x0000004e   Code   RO         1195    .text               c_w.l(rt_memclr_w.o)
    0x080007c6   0x080007c6   0x00000006   Code   RO         1197    .text               c_w.l(heapauxi.o)
    0x080007cc   0x080007cc   0x000000b2   Code   RO         1256    .text               c_w.l(_printf_intcommon.o)
    0x0800087e   0x0800087e   0x0000041c   Code   RO         1258    .text               c_w.l(_printf_fp_dec.o)
    0x08000c9a   0x08000c9a   0x00000002   PAD
    0x08000c9c   0x08000c9c   0x000002fc   Code   RO         1262    .text               c_w.l(_printf_fp_hex.o)
    0x08000f98   0x08000f98   0x00000030   Code   RO         1265    .text               c_w.l(_printf_char_common.o)
    0x08000fc8   0x08000fc8   0x0000000a   Code   RO         1267    .text               c_w.l(_sputc.o)
    0x08000fd2   0x08000fd2   0x0000002c   Code   RO         1269    .text               c_w.l(_printf_char.o)
    0x08000ffe   0x08000ffe   0x0000002c   Code   RO         1271    .text               c_w.l(_printf_wchar.o)
    0x0800102a   0x0800102a   0x00000048   Code   RO         1275    .text               c_w.l(_c16rtomb.o)
    0x08001072   0x08001072   0x00000002   PAD
    0x08001074   0x08001074   0x00000010   Code   RO         1389    .text               c_w.l(rt_ctype_table.o)
    0x08001084   0x08001084   0x00000008   Code   RO         1394    .text               c_w.l(rt_locale_intlibspace.o)
    0x0800108c   0x0800108c   0x0000008a   Code   RO         1401    .text               c_w.l(lludiv10.o)
    0x08001116   0x08001116   0x00000002   PAD
    0x08001118   0x08001118   0x00000080   Code   RO         1403    .text               c_w.l(_printf_fp_infnan.o)
    0x08001198   0x08001198   0x000000e4   Code   RO         1407    .text               c_w.l(bigflt0.o)
    0x0800127c   0x0800127c   0x00000008   Code   RO         1449    .text               c_w.l(libspace.o)
    0x08001284   0x08001284   0x0000004a   Code   RO         1452    .text               c_w.l(sys_stackheap_outer.o)
    0x080012ce   0x080012ce   0x00000012   Code   RO         1459    .text               c_w.l(exit.o)
    0x080012e0   0x080012e0   0x0000007c   Code   RO         1461    .text               c_w.l(strcmpv7em.o)
    0x0800135c   0x0800135c   0x00000002   Code   RO         1487    .text               c_w.l(use_no_semi.o)
    0x0800135e   0x0800135e   0x00000000   Code   RO         1489    .text               c_w.l(indicate_semi.o)
    0x0800135e   0x0800135e   0x00000002   PAD
    0x08001360   0x08001360   0x0000000c   Code   RO         1503    .text               c_w.l(sys_exit.o)
    0x0800136c   0x0800136c   0x00000002   Code   RO          356    .text.BusFault_Handler  stm32g4xx_it.o
    0x0800136e   0x0800136e   0x00000002   PAD
    0x08001370   0x08001370   0x00000010   Code   RO          368    .text.DMA1_Channel1_IRQHandler  stm32g4xx_it.o
    0x08001380   0x08001380   0x00000010   Code   RO          370    .text.DMA1_Channel2_IRQHandler  stm32g4xx_it.o
    0x08001390   0x08001390   0x00000056   Code   RO          844    .text.DMA_CalcDMAMUXChannelBaseAndMask  stm32g4xx_hal_dma.o
    0x080013e6   0x080013e6   0x00000002   PAD
    0x080013e8   0x080013e8   0x0000002a   Code   RO          846    .text.DMA_CalcDMAMUXRequestGenBaseAndMask  stm32g4xx_hal_dma.o
    0x08001412   0x08001412   0x00000002   PAD
    0x08001414   0x08001414   0x00000046   Code   RO          852    .text.DMA_SetConfig  stm32g4xx_hal_dma.o
    0x0800145a   0x0800145a   0x00000002   PAD
    0x0800145c   0x0800145c   0x00000002   Code   RO          362    .text.DebugMon_Handler  stm32g4xx_it.o
    0x0800145e   0x0800145e   0x00000002   PAD
    0x08001460   0x08001460   0x0000000a   Code   RO          296    .text.Error_Handler  main.o
    0x0800146a   0x0800146a   0x00000002   PAD
    0x0800146c   0x0800146c   0x00000018   Code   RO          236    .text.Flash_Addr_byBlockSectorPage  w25flash.o
    0x08001484   0x08001484   0x00000032   Code   RO          214    .text.Flash_ReadSR1  w25flash.o
    0x080014b6   0x080014b6   0x00000002   PAD
    0x080014b8   0x080014b8   0x00000010   Code   RO          238    .text.Flash_SpliteAddr  w25flash.o
    0x080014c8   0x080014c8   0x00000020   Code   RO          222    .text.Flash_Wait_Busy  w25flash.o
    0x080014e8   0x080014e8   0x000000aa   Code   RO          862    .text.HAL_DMA_IRQHandler  stm32g4xx_hal_dma.o
    0x08001592   0x08001592   0x00000002   PAD
    0x08001594   0x08001594   0x000000da   Code   RO          842    .text.HAL_DMA_Init  stm32g4xx_hal_dma.o
    0x0800166e   0x0800166e   0x00000002   PAD
    0x08001670   0x08001670   0x0000008a   Code   RO          854    .text.HAL_DMA_Start_IT  stm32g4xx_hal_dma.o
    0x080016fa   0x080016fa   0x00000002   PAD
    0x080016fc   0x080016fc   0x00000028   Code   RO          536    .text.HAL_Delay     stm32g4xx_hal.o
    0x08001724   0x08001724   0x000001a4   Code   RO          792    .text.HAL_GPIO_Init  stm32g4xx_hal_gpio.o
    0x080018c8   0x080018c8   0x0000000c   Code   RO          798    .text.HAL_GPIO_WritePin  stm32g4xx_hal_gpio.o
    0x080018d4   0x080018d4   0x0000000c   Code   RO          528    .text.HAL_GetTick   stm32g4xx_hal.o
    0x080018e0   0x080018e0   0x0000001a   Code   RO          526    .text.HAL_IncTick   stm32g4xx_hal.o
    0x080018fa   0x080018fa   0x00000002   PAD
    0x080018fc   0x080018fc   0x0000001e   Code   RO          516    .text.HAL_Init      stm32g4xx_hal.o
    0x0800191a   0x0800191a   0x00000002   PAD
    0x0800191c   0x0800191c   0x00000056   Code   RO          518    .text.HAL_InitTick  stm32g4xx_hal.o
    0x08001972   0x08001972   0x00000002   PAD
    0x08001974   0x08001974   0x00000038   Code   RO          379    .text.HAL_MspInit   stm32g4xx_hal_msp.o
    0x080019ac   0x080019ac   0x00000008   Code   RO         1032    .text.HAL_NVIC_EnableIRQ  stm32g4xx_hal_cortex.o
    0x080019b4   0x080019b4   0x0000001e   Code   RO         1024    .text.HAL_NVIC_SetPriority  stm32g4xx_hal_cortex.o
    0x080019d2   0x080019d2   0x00000002   PAD
    0x080019d4   0x080019d4   0x00000008   Code   RO         1020    .text.HAL_NVIC_SetPriorityGrouping  stm32g4xx_hal_cortex.o
    0x080019dc   0x080019dc   0x000000ee   Code   RO          940    .text.HAL_PWREx_ControlVoltageScaling  stm32g4xx_hal_pwr_ex.o
    0x08001aca   0x08001aca   0x00000002   PAD
    0x08001acc   0x08001acc   0x00000012   Code   RO         1010    .text.HAL_PWREx_DisableUCPDDeadBattery  stm32g4xx_hal_pwr_ex.o
    0x08001ade   0x08001ade   0x00000002   PAD
    0x08001ae0   0x08001ae0   0x00000206   Code   RO          607    .text.HAL_RCC_ClockConfig  stm32g4xx_hal_rcc.o
    0x08001ce6   0x08001ce6   0x00000002   PAD
    0x08001ce8   0x08001ce8   0x0000007a   Code   RO          611    .text.HAL_RCC_GetSysClockFreq  stm32g4xx_hal_rcc.o
    0x08001d62   0x08001d62   0x00000002   PAD
    0x08001d64   0x08001d64   0x0000047a   Code   RO          605    .text.HAL_RCC_OscConfig  stm32g4xx_hal_rcc.o
    0x080021de   0x080021de   0x00000002   PAD
    0x080021e0   0x080021e0   0x00000002   Code   RO          475    .text.HAL_SPI_ErrorCallback  stm32g4xx_hal_spi.o
    0x080021e2   0x080021e2   0x00000002   PAD
    0x080021e4   0x080021e4   0x000000e2   Code   RO          387    .text.HAL_SPI_Init  stm32g4xx_hal_spi.o
    0x080022c6   0x080022c6   0x00000002   PAD
    0x080022c8   0x080022c8   0x00000140   Code   RO          334    .text.HAL_SPI_MspInit  spi.o
    0x08002408   0x08002408   0x000001a0   Code   RO          399    .text.HAL_SPI_Receive  stm32g4xx_hal_spi.o
    0x080025a8   0x080025a8   0x00000154   Code   RO          435    .text.HAL_SPI_Receive_DMA  stm32g4xx_hal_spi.o
    0x080026fc   0x080026fc   0x00000094   Code   RO          290    .text.HAL_SPI_RxCpltCallback  main.o
    0x08002790   0x08002790   0x00000002   Code   RO          485    .text.HAL_SPI_RxHalfCpltCallback  stm32g4xx_hal_spi.o
    0x08002792   0x08002792   0x00000002   PAD
    0x08002794   0x08002794   0x000001c8   Code   RO          395    .text.HAL_SPI_Transmit  stm32g4xx_hal_spi.o
    0x0800295c   0x0800295c   0x00000276   Code   RO          401    .text.HAL_SPI_TransmitReceive  stm32g4xx_hal_spi.o
    0x08002bd2   0x08002bd2   0x00000002   PAD
    0x08002bd4   0x08002bd4   0x000001b4   Code   RO          437    .text.HAL_SPI_TransmitReceive_DMA  stm32g4xx_hal_spi.o
    0x08002d88   0x08002d88   0x00000002   Code   RO          481    .text.HAL_SPI_TxRxCpltCallback  stm32g4xx_hal_spi.o
    0x08002d8a   0x08002d8a   0x00000002   PAD
    0x08002d8c   0x08002d8c   0x00000002   Code   RO          487    .text.HAL_SPI_TxRxHalfCpltCallback  stm32g4xx_hal_spi.o
    0x08002d8e   0x08002d8e   0x00000002   PAD
    0x08002d90   0x08002d90   0x00000008   Code   RO         1044    .text.HAL_SYSTICK_Config  stm32g4xx_hal_cortex.o
    0x08002d98   0x08002d98   0x00000002   Code   RO          352    .text.HardFault_Handler  stm32g4xx_it.o
    0x08002d9a   0x08002d9a   0x00000002   PAD
    0x08002d9c   0x08002d9c   0x00000052   Code   RO           45    .text.LCD_Clear     lcd.o
    0x08002dee   0x08002dee   0x00000002   PAD
    0x08002df0   0x08002df0   0x000000ea   Code   RO           57    .text.LCD_DisplayChar  lcd.o
    0x08002eda   0x08002eda   0x00000002   PAD
    0x08002edc   0x08002edc   0x00000048   Code   RO           59    .text.LCD_DisplayString  lcd.o
    0x08002f24   0x08002f24   0x000001f8   Code   RO           37    .text.LCD_Init      lcd.o
    0x0800311c   0x0800311c   0x00000008   Code   RO           27    .text.LCD_SPI_Send  lcd.o
    0x08003124   0x08003124   0x00000080   Code   RO           51    .text.LCD_SetAddress  lcd.o
    0x080031a4   0x080031a4   0x0000000c   Code   RO           47    .text.LCD_SetAsciiFont  lcd.o
    0x080031b0   0x080031b0   0x00000024   Code   RO           43    .text.LCD_SetBackColor  lcd.o
    0x080031d4   0x080031d4   0x00000024   Code   RO           39    .text.LCD_SetColor  lcd.o
    0x080031f8   0x080031f8   0x0000009e   Code   RO           41    .text.LCD_SetDirection  lcd.o
    0x08003296   0x08003296   0x00000002   PAD
    0x08003298   0x08003298   0x0000000c   Code   RO           49    .text.LCD_ShowNumMode  lcd.o
    0x080032a4   0x080032a4   0x0000002c   Code   RO           35    .text.LCD_WriteBuff  lcd.o
    0x080032d0   0x080032d0   0x00000036   Code   RO           29    .text.LCD_WriteCommand  lcd.o
    0x08003306   0x08003306   0x00000002   PAD
    0x08003308   0x08003308   0x00000034   Code   RO           33    .text.LCD_WriteData_16bit  lcd.o
    0x0800333c   0x0800333c   0x00000028   Code   RO           31    .text.LCD_WriteData_8bit  lcd.o
    0x08003364   0x08003364   0x00000054   Code   RO          321    .text.MX_DMA_Init   dma.o
    0x080033b8   0x080033b8   0x000000f0   Code   RO          312    .text.MX_GPIO_Init  gpio.o
    0x080034a8   0x080034a8   0x0000004a   Code   RO          330    .text.MX_SPI1_Init  spi.o
    0x080034f2   0x080034f2   0x00000002   PAD
    0x080034f4   0x080034f4   0x0000004e   Code   RO          332    .text.MX_SPI2_Init  spi.o
    0x08003542   0x08003542   0x00000002   PAD
    0x08003544   0x08003544   0x00000002   Code   RO          354    .text.MemManage_Handler  stm32g4xx_it.o
    0x08003546   0x08003546   0x00000002   PAD
    0x08003548   0x08003548   0x00000002   Code   RO          350    .text.NMI_Handler   stm32g4xx_it.o
    0x0800354a   0x0800354a   0x00000002   PAD
    0x0800354c   0x0800354c   0x0000002c   Code   RO         1030    .text.NVIC_EncodePriority  stm32g4xx_hal_cortex.o
    0x08003578   0x08003578   0x00000002   Code   RO          364    .text.PendSV_Handler  stm32g4xx_it.o
    0x0800357a   0x0800357a   0x00000002   PAD
    0x0800357c   0x0800357c   0x00000048   Code   RO          609    .text.RCC_GetSysClockFreqFromPLLSource  stm32g4xx_hal_rcc.o
    0x080035c4   0x080035c4   0x00000018   Code   RO           25    .text.SPI2_WriteData  lcd.o
    0x080035dc   0x080035dc   0x00000022   Code   RO          433    .text.SPI_DMAError  stm32g4xx_hal_spi.o
    0x080035fe   0x080035fe   0x00000002   PAD
    0x08003600   0x08003600   0x0000000a   Code   RO          439    .text.SPI_DMAHalfReceiveCplt  stm32g4xx_hal_spi.o
    0x0800360a   0x0800360a   0x00000002   PAD
    0x0800360c   0x0800360c   0x0000000a   Code   RO          443    .text.SPI_DMAHalfTransmitReceiveCplt  stm32g4xx_hal_spi.o
    0x08003616   0x08003616   0x00000002   PAD
    0x08003618   0x08003618   0x0000006a   Code   RO          441    .text.SPI_DMAReceiveCplt  stm32g4xx_hal_spi.o
    0x08003682   0x08003682   0x00000002   PAD
    0x08003684   0x08003684   0x0000005c   Code   RO          445    .text.SPI_DMATransmitReceiveCplt  stm32g4xx_hal_spi.o
    0x080036e0   0x080036e0   0x0000006c   Code   RO          403    .text.SPI_EndRxTransaction  stm32g4xx_hal_spi.o
    0x0800374c   0x0800374c   0x00000042   Code   RO          397    .text.SPI_EndRxTxTransaction  stm32g4xx_hal_spi.o
    0x0800378e   0x0800378e   0x00000002   PAD
    0x08003790   0x08003790   0x00000026   Code   RO          208    .text.SPI_ReceiveOneByte  w25flash.o
    0x080037b6   0x080037b6   0x00000002   PAD
    0x080037b8   0x080037b8   0x00000020   Code   RO          202    .text.SPI_TransmitOneByte  w25flash.o
    0x080037d8   0x080037d8   0x000000e8   Code   RO          453    .text.SPI_WaitFifoStateUntilTimeout  stm32g4xx_hal_spi.o
    0x080038c0   0x080038c0   0x000000b4   Code   RO          455    .text.SPI_WaitFlagStateUntilTimeout  stm32g4xx_hal_spi.o
    0x08003974   0x08003974   0x00000002   Code   RO          360    .text.SVC_Handler   stm32g4xx_it.o
    0x08003976   0x08003976   0x00000002   PAD
    0x08003978   0x08003978   0x0000002e   Code   RO         1046    .text.SysTick_Config  stm32g4xx_hal_cortex.o
    0x080039a6   0x080039a6   0x00000002   PAD
    0x080039a8   0x080039a8   0x00000008   Code   RO          366    .text.SysTick_Handler  stm32g4xx_it.o
    0x080039b0   0x080039b0   0x00000066   Code   RO          294    .text.SystemClock_Config  main.o
    0x08003a16   0x08003a16   0x00000002   PAD
    0x08003a18   0x08003a18   0x00000012   Code   RO         1096    .text.SystemInit    system_stm32g4xx.o
    0x08003a2a   0x08003a2a   0x00000002   PAD
    0x08003a2c   0x08003a2c   0x00000002   Code   RO          358    .text.UsageFault_Handler  stm32g4xx_it.o
    0x08003a2e   0x08003a2e   0x00000002   PAD
    0x08003a30   0x08003a30   0x00000020   Code   RO         1034    .text.__NVIC_EnableIRQ  stm32g4xx_hal_cortex.o
    0x08003a50   0x08003a50   0x00000010   Code   RO         1026    .text.__NVIC_GetPriorityGrouping  stm32g4xx_hal_cortex.o
    0x08003a60   0x08003a60   0x00000022   Code   RO         1028    .text.__NVIC_SetPriority  stm32g4xx_hal_cortex.o
    0x08003a82   0x08003a82   0x00000002   PAD
    0x08003a84   0x08003a84   0x00000020   Code   RO         1022    .text.__NVIC_SetPriorityGrouping  stm32g4xx_hal_cortex.o
    0x08003aa4   0x08003aa4   0x00000088   Code   RO          288    .text.flash_test_read_page_dma  main.o
    0x08003b2c   0x08003b2c   0x00000054   Code   RO          292    .text.main          main.o
    0x08003b80   0x08003b80   0x0000003e   Code   RO         1410    CL$$btod_d2e        c_w.l(btod.o)
    0x08003bbe   0x08003bbe   0x00000046   Code   RO         1412    CL$$btod_d2e_denorm_low  c_w.l(btod.o)
    0x08003c04   0x08003c04   0x00000060   Code   RO         1411    CL$$btod_d2e_norm_op1  c_w.l(btod.o)
    0x08003c64   0x08003c64   0x00000338   Code   RO         1420    CL$$btod_div_common  c_w.l(btod.o)
    0x08003f9c   0x08003f9c   0x000000dc   Code   RO         1417    CL$$btod_e2e        c_w.l(btod.o)
    0x08004078   0x08004078   0x0000002a   Code   RO         1414    CL$$btod_ediv       c_w.l(btod.o)
    0x080040a2   0x080040a2   0x0000002a   Code   RO         1413    CL$$btod_emul       c_w.l(btod.o)
    0x080040cc   0x080040cc   0x00000244   Code   RO         1419    CL$$btod_mult_common  c_w.l(btod.o)
    0x08004310   0x08004310   0x00000030   Code   RO         1445    i.__ARM_fpclassify  m_wm.l(fpclassify.o)
    0x08004340   0x08004340   0x0000000e   Code   RO         1166    i._is_digit         c_w.l(__printf_wp.o)
    0x0800434e   0x0800434e   0x00000002   PAD
    0x08004350   0x08004350   0x0000002c   Code   RO         1435    locale$$code        c_w.l(lc_numeric_c.o)
    0x0800437c   0x0800437c   0x0000002c   Code   RO         1457    locale$$code        c_w.l(lc_ctype_c.o)
    0x080043a8   0x080043a8   0x0000001a   Code   RO         1441    x$fpl$fpinit        fz_wm.l(fpinit.o)
    0x080043c2   0x080043c2   0x00000004   Code   RO         1227    x$fpl$printf1       fz_wm.l(printf1.o)
    0x080043c6   0x080043c6   0x00000004   Code   RO         1229    x$fpl$printf2       fz_wm.l(printf2.o)
    0x080043ca   0x080043ca   0x00000000   Code   RO         1334    x$fpl$usenofp       fz_wm.l(usenofp.o)
    0x080043ca   0x080043ca   0x00000002   PAD
    0x080043cc   0x080043cc   0x00000008   Data   RO         1127    .constdata          c_w.l(_printf_wctomb.o)
    0x080043d4   0x080043d4   0x00000028   Data   RO         1139    .constdata          c_w.l(_printf_hex_int.o)
    0x080043fc   0x080043fc   0x00000011   Data   RO         1174    .constdata          c_w.l(__printf_flags_ss_wp.o)
    0x0800440d   0x0800440d   0x00000026   Data   RO         1263    .constdata          c_w.l(_printf_fp_hex.o)
    0x08004433   0x08004433   0x00000001   PAD
    0x08004434   0x08004434   0x00000094   Data   RO         1408    .constdata          c_w.l(bigflt0.o)
    0x080044c8   0x080044c8   0x00000010   Data   RO         1101    .rodata.AHBPrescTable  system_stm32g4xx.o
    0x080044d8   0x080044d8   0x000005f0   Data   RO          150    .rodata.ASCII_1608_Table  lcd_fonts.o
    0x08004ac8   0x08004ac8   0x000011d0   Data   RO          148    .rodata.ASCII_2412_Table  lcd_fonts.o
    0x08005c98   0x08005c98   0x00000020   Data   RO         1553    Region$$Table       anon$$obj.o
    0x08005cb8   0x08005cb8   0x0000001c   Data   RO         1434    locale$$data        c_w.l(lc_numeric_c.o)
    0x08005cd4   0x08005cd4   0x00000110   Data   RO         1456    locale$$data        c_w.l(lc_ctype_c.o)


    Execution Region RW_IRAM1 (Exec base: 0x20000000, Load base: 0x08005de8, Size: 0x00001148, Max: 0x00020000, ABSOLUTE)

    Exec Addr    Load Addr    Size         Type   Attr      Idx    E Section Name        Object

    0x20000000   0x08005de8   0x0000000c   Data   RW          155    .data.ASCII_Font16  lcd_fonts.o
    0x2000000c   0x08005df4   0x0000000c   Data   RW          153    .data.ASCII_Font24  lcd_fonts.o
    0x20000018   0x08005e00   0x00000004   Data   RW         1100    .data.SystemCoreClock  system_stm32g4xx.o
    0x2000001c   0x08005e04   0x00000004   Data   RW          593    .data.uwTickFreq    stm32g4xx_hal.o
    0x20000020   0x08005e08   0x00000004   Data   RW          592    .data.uwTickPrio    stm32g4xx_hal.o
    0x20000024   0x08005e0c   0x00000004   PAD
    0x20000028        -       0x00000060   Zero   RW         1450    .bss                c_w.l(libspace.o)
    0x20000088        -       0x00000010   Zero   RW          135    .bss.LCD            lcd.o
    0x20000098        -       0x00000004   Zero   RW          136    .bss.LCD_AsciiFonts  lcd.o
    0x2000009c        -       0x00000800   Zero   RW          137    .bss.LCD_Buff       lcd.o
    0x2000089c        -       0x00000100   Zero   RW          302    .bss.bufferPageRead  main.o
    0x2000099c        -       0x00000060   Zero   RW          341    .bss.hdma_spi2_rx   spi.o
    0x200009fc        -       0x00000060   Zero   RW          340    .bss.hdma_spi2_tx   spi.o
    0x20000a5c        -       0x00000064   Zero   RW          338    .bss.hspi1          spi.o
    0x20000ac0        -       0x00000064   Zero   RW          339    .bss.hspi2          spi.o
    0x20000b24        -       0x0000001e   Zero   RW          298    .bss.lcd_message    main.o
    0x20000b42   0x08005e0c   0x00000002   PAD
    0x20000b44        -       0x00000004   Zero   RW          594    .bss.uwTick         stm32g4xx_hal.o
    0x20000b48        -       0x00000200   Zero   RW            2    HEAP                startup_stm32g474xx.o
    0x20000d48        -       0x00000400   Zero   RW            1    STACK               startup_stm32g474xx.o


==============================================================================

Image component sizes


      Code (inc. data)   RO Data    RW Data    ZI Data      Debug   Object Name

        84          0          0          0          0       3948   dma.o
       240          0          0          0          0       2457   gpio.o
      1496          4          0          0       2068      30087   lcd.o
         0          0       6080         24          0       1118   lcd_fonts.o
       480         72          0          0        286       7967   main.o
       472          0          0          0        392       5937   spi.o
        64         26        472          0       1536        848   startup_stm32g474xx.o
       194          0          0          8          4       9542   stm32g4xx_hal.o
       258          0          0          0          0      11381   stm32g4xx_hal_cortex.o
       724          0          0          0          0       8633   stm32g4xx_hal_dma.o
       432          0          0          0          0       5405   stm32g4xx_hal_gpio.o
        56          0          0          0          0       1610   stm32g4xx_hal_msp.o
       256          0          0          0          0       9276   stm32g4xx_hal_pwr_ex.o
      1858          0          0          0          0       9376   stm32g4xx_hal_rcc.o
      3350          0          0          0          0      22532   stm32g4xx_hal_spi.o
        56          0          0          0          0       1536   stm32g4xx_it.o
        18          0         16          4          0       2761   system_stm32g4xx.o
       192          0          0          0          0      10865   w25flash.o

    ----------------------------------------------------------------------
     10324        102       6600         36       4292     145279   Object Totals
         0          0         32          0          0          0   (incl. Generated)
        94          0          0          0          6          0   (incl. Padding)

    ----------------------------------------------------------------------

      Code (inc. data)   RO Data    RW Data    ZI Data      Debug   Library Member Name

         8          0          0          0          0         68   __main.o
       392          4         17          0          0         92   __printf_flags_ss_wp.o
        14          0          0          0          0         68   __printf_wp.o
         0          0          0          0          0          0   __rtentry.o
        12          0          0          0          0          0   __rtentry2.o
         6          0          0          0          0          0   __rtentry4.o
        52          8          0          0          0          0   __scatter.o
        26          0          0          0          0          0   __scatter_copy.o
        28          0          0          0          0          0   __scatter_zi.o
        72          0          0          0          0         96   _c16rtomb.o
         6          0          0          0          0          0   _printf_a.o
         6          0          0          0          0          0   _printf_c.o
        44          0          0          0          0        108   _printf_char.o
        48          6          0          0          0         96   _printf_char_common.o
         6          0          0          0          0          0   _printf_d.o
       120         16          0          0          0         92   _printf_dec.o
         6          0          0          0          0          0   _printf_e.o
         6          0          0          0          0          0   _printf_f.o
      1052          0          0          0          0        148   _printf_fp_dec.o
       764          8         38          0          0        100   _printf_fp_hex.o
       128         16          0          0          0         84   _printf_fp_infnan.o
         6          0          0          0          0          0   _printf_g.o
        88          4         40          0          0         88   _printf_hex_int.o
         6          0          0          0          0          0   _printf_i.o
       178          0          0          0          0         88   _printf_intcommon.o
        10          0          0          0          0          0   _printf_l.o
         6          0          0          0          0          0   _printf_lc.o
         6          0          0          0          0          0   _printf_o.o
        84         10          0          0          0         88   _printf_oct_int.o
        78          0          0          0          0        108   _printf_pad.o
         0          0          0          0          0          0   _printf_percent.o
         4          0          0          0          0          0   _printf_percent_end.o
        82          0          0          0          0         80   _printf_str.o
        36          0          0          0          0         84   _printf_truncate.o
         6          0          0          0          0          0   _printf_u.o
        44          0          0          0          0        108   _printf_wchar.o
       188          6          8          0          0         92   _printf_wctomb.o
         6          0          0          0          0          0   _printf_x.o
        10          0          0          0          0         68   _sputc.o
       228          4        148          0          0         96   bigflt0.o
      1936        128          0          0          0        668   btod.o
        18          0          0          0          0         80   exit.o
         6          0          0          0          0        152   heapauxi.o
         0          0          0          0          0          0   indicate_semi.o
        44         10        272          0          0         76   lc_ctype_c.o
        44         10         28          0          0         76   lc_numeric_c.o
         2          0          0          0          0          0   libinit.o
        34          0          0          0          0          0   libinit2.o
         2          0          0          0          0          0   libshutdown.o
         2          0          0          0          0          0   libshutdown2.o
         8          4          0          0         96         68   libspace.o
       138          0          0          0          0         80   lludiv10.o
        40          6          0          0          0         84   noretval__2sprintf.o
        16          4          0          0          0         76   rt_ctype_table.o
         8          4          0          0          0         68   rt_locale_intlibspace.o
        78          0          0          0          0         80   rt_memclr_w.o
         2          0          0          0          0          0   rtexit.o
        10          0          0          0          0          0   rtexit2.o
       124          0          0          0          0         88   strcmpv7em.o
        12          4          0          0          0         68   sys_exit.o
        74          0          0          0          0         80   sys_stackheap_outer.o
         2          0          0          0          0         68   use_no_semi.o
        26          0          0          0          0        116   fpinit.o
         4          0          0          0          0        116   printf1.o
         4          0          0          0          0        116   printf2.o
         0          0          0          0          0          0   usenofp.o
        48          0          0          0          0        124   fpclassify.o

    ----------------------------------------------------------------------
      6560        252        552          0         96       4136   Library Totals
        16          0          1          0          0          0   (incl. Padding)

    ----------------------------------------------------------------------

      Code (inc. data)   RO Data    RW Data    ZI Data      Debug   Library Name

      6462        252        551          0         96       3664   c_w.l
        34          0          0          0          0        348   fz_wm.l
        48          0          0          0          0        124   m_wm.l

    ----------------------------------------------------------------------
      6560        252        552          0         96       4136   Library Totals

    ----------------------------------------------------------------------

==============================================================================


      Code (inc. data)   RO Data    RW Data    ZI Data      Debug   

     16884        354       7152         36       4388     146939   Grand Totals
     16884        354       7152         36       4388     146939   ELF Image Totals
     16884        354       7152         36          0          0   ROM Totals

==============================================================================

    Total RO  Size (Code + RO Data)                24036 (  23.47kB)
    Total RW  Size (RW Data + ZI Data)              4424 (   4.32kB)
    Total ROM Size (Code + RO Data + RW Data)      24072 (  23.51kB)

==============================================================================

