<html>
<body>
<pre>
<h1>�Vision Build Log</h1>
<h2>Tool Versions:</h2>
IDE-Version: ��Vision V5.35.0.0
Copyright (C) 2021 ARM Ltd and ARM Germany GmbH. All rights reserved.
License Information: 1 1, 1, LIC=NQQMA-1JEXP-GKZBG-VITAJ-N00QM-LYN96
 
Tool Versions:
Toolchain:       MDK-ARM Plus  Version: 5.35.0.2
Toolchain Path:  C:\keil5\ARM\ARMCLANG\Bin
C Compiler:      ArmClang.exe V6.16
Assembler:       Armasm.exe V6.16
Linker/Locator:  ArmLink.exe V6.16
Library Manager: ArmAr.exe V6.16
Hex Converter:   FromElf.exe V6.16
CPU DLL:         SARMCM3.DLL V5.35.0.2
Dialog DLL:      DCM.DLL V1.17.3.0
Target DLL:      STLink\ST-LINKIII-KEIL_SWO.dll V3.0.9.0
Dialog DLL:      TCM.DLL V1.53.0.0
 
<h2>Project:</h2>
C:\stm32ProjectFolder\stm32g474vet6\W25Q128_spi_flash_learn\MDK-ARM\W25Q128_spi_flash_learn.uvprojx
Project File Date:  05/31/2026

<h2>Output:</h2>
*** Using Compiler 'V6.16', folder: 'C:\keil5\ARM\ARMCLANG\Bin'
Build target 'W25Q128_spi_flash_learn'
../Core/Src/main.c(102): warning: implicitly declaring library function 'strlen' with type 'unsigned int (const char *)' [-Wimplicit-function-declaration]
  uint16_t len = strlen((char *)writeData1) + 1; // 注意strlen不包括字符串结尾的'\0'，所以要加1
                 ^
../Core/Src/main.c(102): note: include the header <string.h> or explicitly provide a declaration for 'strlen'
1 warning generated.
compiling main.c...
linking...
Program Size: Code=16884 RO-data=7152 RW-data=36 ZI-data=4388  
FromELF: creating hex file...
"W25Q128_spi_flash_learn\W25Q128_spi_flash_learn.axf" - 0 Error(s), 1 Warning(s).

<h2>Software Packages used:</h2>

Package Vendor: ARM
                http://www.keil.com/pack/ARM.CMSIS.5.8.0.pack
                ARM.CMSIS.5.8.0
                CMSIS (Common Microcontroller Software Interface Standard)
   * Component: CORE Version: 5.5.0

Package Vendor: Keil
                https://www.keil.com/pack/Keil.STM32G4xx_DFP.2.0.0.pack
                Keil.STM32G4xx_DFP.2.0.0
                STMicroelectronics STM32G4 Series Device Support

<h2>Collection of Component include folders:</h2>
  .\RTE\_W25Q128_spi_flash_learn
  C:\keil5\pack\ARM\CMSIS\5.8.0\CMSIS\Core\Include

<h2>Collection of Component Files used:</h2>

   * Component: ARM::CMSIS:CORE:5.5.0
      Include file:  CMSIS\Core\Include\tz_context.h
Build Time Elapsed:  00:00:01
</pre>
</body>
</html>
