Component: ARM Compiler 6.16 Tool: armlink [5dfeaa00]

==============================================================================

Section Cross References

    startup_stm32g474xx.o(STACK) refers (Special) to heapauxi.o(.text) for __use_two_region_memory
    startup_stm32g474xx.o(HEAP) refers (Special) to heapauxi.o(.text) for __use_two_region_memory
    startup_stm32g474xx.o(RESET) refers (Special) to heapauxi.o(.text) for __use_two_region_memory
    startup_stm32g474xx.o(RESET) refers to startup_stm32g474xx.o(STACK) for __initial_sp
    startup_stm32g474xx.o(RESET) refers to startup_stm32g474xx.o(.text) for Reset_Handler
    startup_stm32g474xx.o(RESET) refers to stm32g4xx_it.o(.text.NMI_Handler) for NMI_Handler
    startup_stm32g474xx.o(RESET) refers to stm32g4xx_it.o(.text.HardFault_Handler) for HardFault_Handler
    startup_stm32g474xx.o(RESET) refers to stm32g4xx_it.o(.text.MemManage_Handler) for MemManage_Handler
    startup_stm32g474xx.o(RESET) refers to stm32g4xx_it.o(.text.BusFault_Handler) for BusFault_Handler
    startup_stm32g474xx.o(RESET) refers to stm32g4xx_it.o(.text.UsageFault_Handler) for UsageFault_Handler
    startup_stm32g474xx.o(RESET) refers to stm32g4xx_it.o(.text.SVC_Handler) for SVC_Handler
    startup_stm32g474xx.o(RESET) refers to stm32g4xx_it.o(.text.DebugMon_Handler) for DebugMon_Handler
    startup_stm32g474xx.o(RESET) refers to stm32g4xx_it.o(.text.PendSV_Handler) for PendSV_Handler
    startup_stm32g474xx.o(RESET) refers to stm32g4xx_it.o(.text.SysTick_Handler) for SysTick_Handler
    startup_stm32g474xx.o(.text) refers (Special) to heapauxi.o(.text) for __use_two_region_memory
    startup_stm32g474xx.o(.text) refers to system_stm32g4xx.o(.text.SystemInit) for SystemInit
    startup_stm32g474xx.o(.text) refers to __main.o(!!!main) for __main
    startup_stm32g474xx.o(.text) refers to startup_stm32g474xx.o(HEAP) for Heap_Mem
    startup_stm32g474xx.o(.text) refers to startup_stm32g474xx.o(STACK) for Stack_Mem
    lcd.o(.text) refers (Special) to _printf_a.o(.ARM.Collect$$_printf_percent$$00000006) for _printf_a
    lcd.o(.text) refers (Special) to _printf_c.o(.ARM.Collect$$_printf_percent$$00000013) for _printf_c
    lcd.o(.text) refers (Special) to _printf_d.o(.ARM.Collect$$_printf_percent$$00000009) for _printf_d
    lcd.o(.text) refers (Special) to _printf_e.o(.ARM.Collect$$_printf_percent$$00000004) for _printf_e
    lcd.o(.text) refers (Special) to _printf_f.o(.ARM.Collect$$_printf_percent$$00000003) for _printf_f
    lcd.o(.text) refers (Special) to printf1.o(x$fpl$printf1) for _printf_fp_dec
    lcd.o(.text) refers (Special) to printf2.o(x$fpl$printf2) for _printf_fp_hex
    lcd.o(.text) refers (Special) to _printf_g.o(.ARM.Collect$$_printf_percent$$00000005) for _printf_g
    lcd.o(.text) refers (Special) to _printf_i.o(.ARM.Collect$$_printf_percent$$00000008) for _printf_i
    lcd.o(.text) refers (Special) to _printf_dec.o(.text) for _printf_int_dec
    lcd.o(.text) refers (Special) to _printf_lc.o(.ARM.Collect$$_printf_percent$$00000015) for _printf_lc
    lcd.o(.text) refers (Special) to _printf_hex_int.o(.text) for _printf_longlong_hex
    lcd.o(.text) refers (Special) to _printf_oct_int.o(.text) for _printf_longlong_oct
    lcd.o(.text) refers (Special) to _printf_o.o(.ARM.Collect$$_printf_percent$$0000000B) for _printf_o
    lcd.o(.text) refers (Special) to _printf_percent.o(.ARM.Collect$$_printf_percent$$00000000) for _printf_percent
    lcd.o(.text) refers (Special) to _printf_pad.o(.text) for _printf_pre_padding
    lcd.o(.text) refers (Special) to _printf_str.o(.text) for _printf_str
    lcd.o(.text) refers (Special) to _printf_truncate.o(.text) for _printf_truncate_signed
    lcd.o(.text) refers (Special) to _printf_u.o(.ARM.Collect$$_printf_percent$$0000000A) for _printf_u
    lcd.o(.text) refers (Special) to _printf_wctomb.o(.text) for _printf_wctomb
    lcd.o(.text) refers (Special) to _printf_x.o(.ARM.Collect$$_printf_percent$$0000000C) for _printf_x
    lcd.o(.text.MoveTo) refers (Special) to _printf_a.o(.ARM.Collect$$_printf_percent$$00000006) for _printf_a
    lcd.o(.text.MoveTo) refers (Special) to _printf_c.o(.ARM.Collect$$_printf_percent$$00000013) for _printf_c
    lcd.o(.text.MoveTo) refers (Special) to _printf_d.o(.ARM.Collect$$_printf_percent$$00000009) for _printf_d
    lcd.o(.text.MoveTo) refers (Special) to _printf_e.o(.ARM.Collect$$_printf_percent$$00000004) for _printf_e
    lcd.o(.text.MoveTo) refers (Special) to _printf_f.o(.ARM.Collect$$_printf_percent$$00000003) for _printf_f
    lcd.o(.text.MoveTo) refers (Special) to printf1.o(x$fpl$printf1) for _printf_fp_dec
    lcd.o(.text.MoveTo) refers (Special) to printf2.o(x$fpl$printf2) for _printf_fp_hex
    lcd.o(.text.MoveTo) refers (Special) to _printf_g.o(.ARM.Collect$$_printf_percent$$00000005) for _printf_g
    lcd.o(.text.MoveTo) refers (Special) to _printf_i.o(.ARM.Collect$$_printf_percent$$00000008) for _printf_i
[...]
    ../mathlib/sin_i.c                       0x00000000   Number         0  sin_i.o ABSOLUTE
    dc.s                                     0x00000000   Number         0  dc.o ABSOLUTE
    gpio.c                                   0x00000000   Number         0  gpio.o ABSOLUTE
    lcd.c                                    0x00000000   Number         0  lcd.o ABSOLUTE
    lcd_fonts.c                              0x00000000   Number         0  lcd_fonts.o ABSOLUTE
    lcd_image.c                              0x00000000   Number         0  lcd_image.o ABSOLUTE
    lcd_model.c                              0x00000000   Number         0  lcd_model.o ABSOLUTE
    main.c                                   0x00000000   Number         0  main.o ABSOLUTE
    spi.c                                    0x00000000   Number         0  spi.o ABSOLUTE
    startup_stm32g474xx.s                    0x00000000   Number         0  startup_stm32g474xx.o ABSOLUTE
    stm32g4xx_hal.c                          0x00000000   Number         0  stm32g4xx_hal.o ABSOLUTE
    stm32g4xx_hal_cortex.c                   0x00000000   Number         0  stm32g4xx_hal_cortex.o ABSOLUTE
    stm32g4xx_hal_dma.c                      0x00000000   Number         0  stm32g4xx_hal_dma.o ABSOLUTE
    stm32g4xx_hal_dma_ex.c                   0x00000000   Number         0  stm32g4xx_hal_dma_ex.o ABSOLUTE
    stm32g4xx_hal_exti.c                     0x00000000   Number         0  stm32g4xx_hal_exti.o ABSOLUTE
    stm32g4xx_hal_flash.c                    0x00000000   Number         0  stm32g4xx_hal_flash.o ABSOLUTE
    stm32g4xx_hal_flash_ex.c                 0x00000000   Number         0  stm32g4xx_hal_flash_ex.o ABSOLUTE
    stm32g4xx_hal_flash_ramfunc.c            0x00000000   Number         0  stm32g4xx_hal_flash_ramfunc.o ABSOLUTE
    stm32g4xx_hal_gpio.c                     0x00000000   Number         0  stm32g4xx_hal_gpio.o ABSOLUTE
    stm32g4xx_hal_msp.c                      0x00000000   Number         0  stm32g4xx_hal_msp.o ABSOLUTE
    stm32g4xx_hal_pwr.c                      0x00000000   Number         0  stm32g4xx_hal_pwr.o ABSOLUTE
    stm32g4xx_hal_pwr_ex.c                   0x00000000   Number         0  stm32g4xx_hal_pwr_ex.o ABSOLUTE
    stm32g4xx_hal_rcc.c                      0x00000000   Number         0  stm32g4xx_hal_rcc.o ABSOLUTE
    stm32g4xx_hal_rcc_ex.c                   0x00000000   Number         0  stm32g4xx_hal_rcc_ex.o ABSOLUTE
    stm32g4xx_hal_spi.c                      0x00000000   Number         0  stm32g4xx_hal_spi.o ABSOLUTE
    stm32g4xx_hal_spi_ex.c                   0x00000000   Number         0  stm32g4xx_hal_spi_ex.o ABSOLUTE
    stm32g4xx_it.c                           0x00000000   Number         0  stm32g4xx_it.o ABSOLUTE
    system_stm32g4xx.c                       0x00000000   Number         0  system_stm32g4xx.o ABSOLUTE
    w25flash.c                               0x00000000   Number         0  w25flash.o ABSOLUTE
    RESET                                    0x08000000   Section      472  startup_stm32g474xx.o(RESET)
    !!!main                                  0x080001d8   Section        8  __main.o(!!!main)
    !!!scatter                               0x080001e0   Section       52  __scatter.o(!!!scatter)
    !!handler_copy                           0x08000214   Section       26  __scatter_copy.o(!!handler_copy)
    !!handler_zi                             0x08000230   Section       28  __scatter_zi.o(!!handler_zi)
    .ARM.Collect$$_printf_percent$$00000000  0x0800024c   Section        0  _printf_percent.o(.ARM.Collect$$_printf_percent$$00000000)
    .ARM.Collect$$_printf_percent$$00000003  0x0800024c   Section        6  _printf_f.o(.ARM.Collect$$_printf_percent$$00000003)
    .ARM.Collect$$_printf_percent$$00000004  0x08000252   Section        6  _printf_e.o(.ARM.Collect$$_printf_percent$$00000004)
    .ARM.Collect$$_printf_percent$$00000005  0x08000258   Section        6  _printf_g.o(.ARM.Collect$$_printf_percent$$00000005)
    .ARM.Collect$$_printf_percent$$00000006  0x0800025e   Section        6  _printf_a.o(.ARM.Collect$$_printf_percent$$00000006)
    .ARM.Collect$$_printf_percent$$00000008  0x08000264   Section        6  _printf_i.o(.ARM.Collect$$_printf_percent$$00000008)
    .ARM.Collect$$_printf_percent$$00000009  0x0800026a   Section        6  _printf_d.o(.ARM.Collect$$_printf_percent$$00000009)
    .ARM.Collect$$_printf_percent$$0000000A  0x08000270   Section        6  _printf_u.o(.ARM.Collect$$_printf_percent$$0000000A)
    .ARM.Collect$$_printf_percent$$0000000B  0x08000276   Section        6  _printf_o.o(.ARM.Collect$$_printf_percent$$0000000B)
    .ARM.Collect$$_printf_percent$$0000000C  0x0800027c   Section        6  _printf_x.o(.ARM.Collect$$_printf_percent$$0000000C)
    .ARM.Collect$$_printf_percent$$00000012  0x08000282   Section       10  _printf_l.o(.ARM.Collect$$_printf_percent$$00000012)
    .ARM.Collect$$_printf_percent$$00000013  0x0800028c   Section        6  _printf_c.o(.ARM.Collect$$_printf_percent$$00000013)
    .ARM.Collect$$_printf_percent$$00000015  0x08000292   Section        6  _printf_lc.o(.ARM.Collect$$_printf_percent$$00000015)
    .ARM.Collect$$_printf_percent$$00000017  0x08000298   Section        4  _printf_percent_end.o(.ARM.Collect$$_printf_percent$$00000017)
    .ARM.Collect$$libinit$$00000000          0x0800029c   Section        2  libinit.o(.ARM.Collect$$libinit$$00000000)
    .ARM.Collect$$libinit$$00000001          0x0800029e   Section        4  libinit2.o(.ARM.Collect$$libinit$$00000001)
    .ARM.Collect$$libinit$$00000004          0x080002a2   Section        0  libinit2.o(.ARM.Collect$$libinit$$00000004)
    .ARM.Collect$$libinit$$0000000A          0x080002a2   Section        0  libinit2.o(.ARM.Collect$$libinit$$0000000A)
    .ARM.Collect$$libinit$$0000000C          0x080002a2   Section        0  libinit2.o(.ARM.Collect$$libinit$$0000000C)
    .ARM.Collect$$libinit$$0000000E          0x080002a2   Section        0  libinit2.o(.ARM.Collect$$libinit$$0000000E)
    .ARM.Collect$$libinit$$0000000F          0x080002a2   Section        6  libinit2.o(.ARM.Collect$$libinit$$0000000F)
    .ARM.Collect$$libinit$$00000011          0x080002a8   Section        0  libinit2.o(.ARM.Collect$$libinit$$00000011)
    .ARM.Collect$$libinit$$00000012          0x080002a8   Section       12  libinit2.o(.ARM.Collect$$libinit$$00000012)
    .ARM.Collect$$libinit$$00000013          0x080002b4   Section        0  libinit2.o(.ARM.Collect$$libinit$$00000013)
    .ARM.Collect$$libinit$$00000015          0x080002b4   Section        0  libinit2.o(.ARM.Collect$$libinit$$00000015)
    .ARM.Collect$$libinit$$00000016          0x080002b4   Section       10  libinit2.o(.ARM.Collect$$libinit$$00000016)
    .ARM.Collect$$libinit$$00000017          0x080002be   Section        0  libinit2.o(.ARM.Collect$$libinit$$00000017)
    .ARM.Collect$$libinit$$00000019          0x080002be   Section        0  libinit2.o(.ARM.Collect$$libinit$$00000019)
    .ARM.Collect$$libinit$$0000001B          0x080002be   Section        0  libinit2.o(.ARM.Collect$$libinit$$0000001B)
    .ARM.Collect$$libinit$$0000001D          0x080002be   Section        0  libinit2.o(.ARM.Collect$$libinit$$0000001D)
    .ARM.Collect$$libinit$$0000001F          0x080002be   Section        0  libinit2.o(.ARM.Collect$$libinit$$0000001F)
    .ARM.Collect$$libinit$$00000021          0x080002be   Section        0  libinit2.o(.ARM.Collect$$libinit$$00000021)
    .ARM.Collect$$libinit$$00000023          0x080002be   Section        0  libinit2.o(.ARM.Collect$$libinit$$00000023)
    .ARM.Collect$$libinit$$00000025          0x080002be   Section        0  libinit2.o(.ARM.Collect$$libinit$$00000025)
    .ARM.Collect$$libinit$$0000002C          0x080002be   Section        0  libinit2.o(.ARM.Collect$$libinit$$0000002C)
    .ARM.Collect$$libinit$$0000002E          0x080002be   Section        0  libinit2.o(.ARM.Collect$$libinit$$0000002E)
    .ARM.Collect$$libinit$$00000030          0x080002be   Section        0  libinit2.o(.ARM.Collect$$libinit$$00000030)
    .ARM.Collect$$libinit$$00000032          0x080002be   Section        0  libinit2.o(.ARM.Collect$$libinit$$00000032)
    .ARM.Collect$$libinit$$00000033          0x080002be   Section        2  libinit2.o(.ARM.Collect$$libinit$$00000033)
    .ARM.Collect$$libshutdown$$00000000      0x080002c0   Section        2  libshutdown.o(.ARM.Collect$$libshutdown$$00000000)
    .ARM.Collect$$libshutdown$$00000002      0x080002c2   Section        0  libshutdown2.o(.ARM.Collect$$libshutdown$$00000002)
    .ARM.Collect$$libshutdown$$00000004      0x080002c2   Section        0  libshutdown2.o(.ARM.Collect$$libshutdown$$00000004)
    .ARM.Collect$$libshutdown$$00000007      0x080002c2   Section        0  libshutdown2.o(.ARM.Collect$$libshutdown$$00000007)
    .ARM.Collect$$libshutdown$$0000000A      0x080002c2   Section        0  libshutdown2.o(.ARM.Collect$$libshutdown$$0000000A)
    .ARM.Collect$$libshutdown$$0000000C      0x080002c2   Section        0  libshutdown2.o(.ARM.Collect$$libshutdown$$0000000C)
    .ARM.Collect$$libshutdown$$0000000F      0x080002c2   Section        0  libshutdown2.o(.ARM.Collect$$libshutdown$$0000000F)
    .ARM.Collect$$libshutdown$$00000010      0x080002c2   Section        2  libshutdown2.o(.ARM.Collect$$libshutdown$$00000010)
    .ARM.Collect$$rtentry$$00000000          0x080002c4   Section        0  __rtentry.o(.ARM.Collect$$rtentry$$00000000)
    .ARM.Collect$$rtentry$$00000002          0x080002c4   Section        0  __rtentry2.o(.ARM.Collect$$rtentry$$00000002)
    .ARM.Collect$$rtentry$$00000004          0x080002c4   Section        6  __rtentry4.o(.ARM.Collect$$rtentry$$00000004)
    .ARM.Collect$$rtentry$$00000009          0x080002ca   Section        0  __rtentry2.o(.ARM.Collect$$rtentry$$00000009)
    .ARM.Collect$$rtentry$$0000000A          0x080002ca   Section        4  __rtentry2.o(.ARM.Collect$$rtentry$$0000000A)
    .ARM.Collect$$rtentry$$0000000C          0x080002ce   Section        0  __rtentry2.o(.ARM.Collect$$rtentry$$0000000C)
    .ARM.Collect$$rtentry$$0000000D          0x080002ce   Section        8  __rtentry2.o(.ARM.Collect$$rtentry$$0000000D)
    .ARM.Collect$$rtexit$$00000000           0x080002d6   Section        2  rtexit.o(.ARM.Collect$$rtexit$$00000000)
    .ARM.Collect$$rtexit$$00000002           0x080002d8   Section        0  rtexit2.o(.ARM.Collect$$rtexit$$00000002)
    .ARM.Collect$$rtexit$$00000003           0x080002d8   Section        4  rtexit2.o(.ARM.Collect$$rtexit$$00000003)
    .ARM.Collect$$rtexit$$00000004           0x080002dc   Section        6  rtexit2.o(.ARM.Collect$$rtexit$$00000004)
    $v0                                      0x080002e4   Number         0  startup_stm32g474xx.o(.text)
    .text                                    0x080002e4   Section       64  startup_stm32g474xx.o(.text)
    .text                                    0x08000324   Section        0  _printf_pad.o(.text)
    .text                                    0x08000372   Section        0  _printf_truncate.o(.text)
    .text                                    0x08000396   Section        0  _printf_str.o(.text)
    .text                                    0x080003e8   Section        0  _printf_dec.o(.text)
    .text                                    0x08000460   Section        0  _printf_wctomb.o(.text)
    .text                                    0x0800051c   Section        0  _printf_oct_int.o(.text)
    .text                                    0x08000570   Section        0  _printf_hex_int.o(.text)
    .text                                    0x080005c8   Section       78  rt_memclr_w.o(.text)
    .text                                    0x08000616   Section        0  heapauxi.o(.text)
    .text                                    0x0800061c   Section        0  _printf_intcommon.o(.text)
    _fp_digits                               0x080006cf   Thumb Code   432  _printf_fp_dec.o(.text)
    .text                                    0x080006ce   Section        0  _printf_fp_dec.o(.text)
    .text                                    0x08000aec   Section        0  _printf_fp_hex.o(.text)
    .text                                    0x08000de8   Section        0  _printf_char.o(.text)
    .text                                    0x08000e14   Section        0  _printf_wchar.o(.text)
    .text                                    0x08000e40   Section        0  _c16rtomb.o(.text)
    .text                                    0x08000e88   Section       16  rt_ctype_table.o(.text)
    .text                                    0x08000e98   Section        8  rt_locale_intlibspace.o(.text)
    .text                                    0x08000ea0   Section      138  lludiv10.o(.text)
    .text                                    0x08000f2c   Section        0  _printf_fp_infnan.o(.text)
    .text                                    0x08000fac   Section        0  bigflt0.o(.text)
    .text                                    0x08001090   Section        8  libspace.o(.text)
    .text                                    0x08001098   Section       74  sys_stackheap_outer.o(.text)
    .text                                    0x080010e2   Section        0  exit.o(.text)
    .text                                    0x080010f8   Section      124  strcmpv7em.o(.text)
    .text                                    0x08001174   Section        2  use_no_semi.o(.text)
    .text                                    0x08001176   Section        0  indicate_semi.o(.text)
    .text                                    0x08001178   Section        0  sys_exit.o(.text)
    [Anonymous Symbol]                       0x08001184   Section        0  stm32g4xx_it.o(.text.BusFault_Handler)
    [Anonymous Symbol]                       0x08001188   Section        0  stm32g4xx_it.o(.text.DebugMon_Handler)
    [Anonymous Symbol]                       0x0800118c   Section        0  main.o(.text.Error_Handler)
    [Anonymous Symbol]                       0x08001198   Section        0  stm32g4xx_hal.o(.text.HAL_Delay)
    [Anonymous Symbol]                       0x080011c0   Section        0  stm32g4xx_hal_gpio.o(.text.HAL_GPIO_Init)
    [Anonymous Symbol]                       0x08001364   Section        0  stm32g4xx_hal_gpio.o(.text.HAL_GPIO_WritePin)
    [Anonymous Symbol]                       0x08001370   Section        0  stm32g4xx_hal.o(.text.HAL_GetTick)
    [Anonymous Symbol]                       0x0800137c   Section        0  stm32g4xx_hal.o(.text.HAL_IncTick)
    [Anonymous Symbol]                       0x08001398   Section        0  stm32g4xx_hal.o(.text.HAL_Init)
    [Anonymous Symbol]                       0x080013b8   Section        0  stm32g4xx_hal.o(.text.HAL_InitTick)
    [Anonymous Symbol]                       0x08001410   Section        0  stm32g4xx_hal_msp.o(.text.HAL_MspInit)
    [Anonymous Symbol]                       0x08001448   Section        0  stm32g4xx_hal_cortex.o(.text.HAL_NVIC_SetPriority)
    [Anonymous Symbol]                       0x08001468   Section        0  stm32g4xx_hal_cortex.o(.text.HAL_NVIC_SetPriorityGrouping)
    [Anonymous Symbol]                       0x08001470   Section        0  stm32g4xx_hal_pwr_ex.o(.text.HAL_PWREx_ControlVoltageScaling)
    [Anonymous Symbol]                       0x08001560   Section        0  stm32g4xx_hal_pwr_ex.o(.text.HAL_PWREx_DisableUCPDDeadBattery)
    [Anonymous Symbol]                       0x08001574   Section        0  stm32g4xx_hal_rcc.o(.text.HAL_RCC_ClockConfig)
    [Anonymous Symbol]                       0x0800177c   Section        0  stm32g4xx_hal_rcc.o(.text.HAL_RCC_GetSysClockFreq)
    [Anonymous Symbol]                       0x080017f8   Section        0  stm32g4xx_hal_rcc.o(.text.HAL_RCC_OscConfig)
    [Anonymous Symbol]                       0x08001c74   Section        0  stm32g4xx_hal_spi.o(.text.HAL_SPI_Init)
    [Anonymous Symbol]                       0x08001d58   Section        0  spi.o(.text.HAL_SPI_MspInit)
    [Anonymous Symbol]                       0x08001e08   Section        0  stm32g4xx_hal_spi.o(.text.HAL_SPI_Transmit)
    [Anonymous Symbol]                       0x08001fd0   Section        0  stm32g4xx_hal_cortex.o(.text.HAL_SYSTICK_Config)
    [Anonymous Symbol]                       0x08001fd8   Section        0  stm32g4xx_it.o(.text.HardFault_Handler)
    [Anonymous Symbol]                       0x08001fdc   Section        0  lcd.o(.text.LCD_Clear)
    [Anonymous Symbol]                       0x08002030   Section        0  lcd.o(.text.LCD_DisplayChar)
    [Anonymous Symbol]                       0x0800211c   Section        0  lcd.o(.text.LCD_DisplayString)
    [Anonymous Symbol]                       0x08002164   Section        0  lcd.o(.text.LCD_Init)
    [Anonymous Symbol]                       0x0800235c   Section        0  lcd.o(.text.LCD_SPI_Send)
    [Anonymous Symbol]                       0x08002364   Section        0  lcd.o(.text.LCD_SetAddress)
    [Anonymous Symbol]                       0x080023e4   Section        0  lcd.o(.text.LCD_SetAsciiFont)
    [Anonymous Symbol]                       0x080023f0   Section        0  lcd.o(.text.LCD_SetBackColor)
    [Anonymous Symbol]                       0x08002414   Section        0  lcd.o(.text.LCD_SetColor)
    [Anonymous Symbol]                       0x08002438   Section        0  lcd.o(.text.LCD_SetDirection)
    [Anonymous Symbol]                       0x080024d8   Section        0  lcd.o(.text.LCD_ShowNumMode)
    [Anonymous Symbol]                       0x080024e4   Section        0  lcd.o(.text.LCD_WriteBuff)
    [Anonymous Symbol]                       0x08002510   Section        0  lcd.o(.text.LCD_WriteCommand)
    [Anonymous Symbol]                       0x08002548   Section        0  lcd.o(.text.LCD_WriteData_16bit)
    [Anonymous Symbol]                       0x0800257c   Section        0  lcd.o(.text.LCD_WriteData_8bit)
    [Anonymous Symbol]                       0x080025a4   Section        0  gpio.o(.text.MX_GPIO_Init)
    [Anonymous Symbol]                       0x08002694   Section        0  spi.o(.text.MX_SPI1_Init)
    [Anonymous Symbol]                       0x080026e0   Section        0  spi.o(.text.MX_SPI2_Init)
    [Anonymous Symbol]                       0x08002730   Section        0  stm32g4xx_it.o(.text.MemManage_Handler)
    [Anonymous Symbol]                       0x08002734   Section        0  stm32g4xx_it.o(.text.NMI_Handler)
    NVIC_EncodePriority                      0x08002739   Thumb Code    44  stm32g4xx_hal_cortex.o(.text.NVIC_EncodePriority)
    [Anonymous Symbol]                       0x08002738   Section        0  stm32g4xx_hal_cortex.o(.text.NVIC_EncodePriority)
    [Anonymous Symbol]                       0x08002764   Section        0  stm32g4xx_it.o(.text.PendSV_Handler)
    RCC_GetSysClockFreqFromPLLSource         0x08002769   Thumb Code    72  stm32g4xx_hal_rcc.o(.text.RCC_GetSysClockFreqFromPLLSource)
    [Anonymous Symbol]                       0x08002768   Section        0  stm32g4xx_hal_rcc.o(.text.RCC_GetSysClockFreqFromPLLSource)
    [Anonymous Symbol]                       0x080027b0   Section        0  lcd.o(.text.SPI2_WriteData)
    SPI_EndRxTxTransaction                   0x080027c9   Thumb Code    66  stm32g4xx_hal_spi.o(.text.SPI_EndRxTxTransaction)
    [Anonymous Symbol]                       0x080027c8   Section        0  stm32g4xx_hal_spi.o(.text.SPI_EndRxTxTransaction)
    SPI_WaitFifoStateUntilTimeout            0x0800280d   Thumb Code   232  stm32g4xx_hal_spi.o(.text.SPI_WaitFifoStateUntilTimeout)
    [Anonymous Symbol]                       0x0800280c   Section        0  stm32g4xx_hal_spi.o(.text.SPI_WaitFifoStateUntilTimeout)
    SPI_WaitFlagStateUntilTimeout            0x080028f5   Thumb Code   180  stm32g4xx_hal_spi.o(.text.SPI_WaitFlagStateUntilTimeout)
    [Anonymous Symbol]                       0x080028f4   Section        0  stm32g4xx_hal_spi.o(.text.SPI_WaitFlagStateUntilTimeout)
    [Anonymous Symbol]                       0x080029a8   Section        0  stm32g4xx_it.o(.text.SVC_Handler)
    SysTick_Config                           0x080029ad   Thumb Code    46  stm32g4xx_hal_cortex.o(.text.SysTick_Config)
    [Anonymous Symbol]                       0x080029ac   Section        0  stm32g4xx_hal_cortex.o(.text.SysTick_Config)
    [Anonymous Symbol]                       0x080029dc   Section        0  stm32g4xx_it.o(.text.SysTick_Handler)
    [Anonymous Symbol]                       0x080029e4   Section        0  main.o(.text.SystemClock_Config)
    [Anonymous Symbol]                       0x08002a4c   Section        0  system_stm32g4xx.o(.text.SystemInit)
    [Anonymous Symbol]                       0x08002a60   Section        0  stm32g4xx_it.o(.text.UsageFault_Handler)
    __NVIC_GetPriorityGrouping               0x08002a65   Thumb Code    16  stm32g4xx_hal_cortex.o(.text.__NVIC_GetPriorityGrouping)
    [Anonymous Symbol]                       0x08002a64   Section        0  stm32g4xx_hal_cortex.o(.text.__NVIC_GetPriorityGrouping)
    __NVIC_SetPriority                       0x08002a75   Thumb Code    34  stm32g4xx_hal_cortex.o(.text.__NVIC_SetPriority)
    [Anonymous Symbol]                       0x08002a74   Section        0  stm32g4xx_hal_cortex.o(.text.__NVIC_SetPriority)
    __NVIC_SetPriorityGrouping               0x08002a99   Thumb Code    32  stm32g4xx_hal_cortex.o(.text.__NVIC_SetPriorityGrouping)
    [Anonymous Symbol]                       0x08002a98   Section        0  stm32g4xx_hal_cortex.o(.text.__NVIC_SetPriorityGrouping)
    [Anonymous Symbol]                       0x08002ab8   Section        0  main.o(.text.main)
    CL$$btod_d2e                             0x08002af0   Section       62  btod.o(CL$$btod_d2e)
    CL$$btod_d2e_denorm_low                  0x08002b2e   Section       70  btod.o(CL$$btod_d2e_denorm_low)
    CL$$btod_d2e_norm_op1                    0x08002b74   Section       96  btod.o(CL$$btod_d2e_norm_op1)
    CL$$btod_div_common                      0x08002bd4   Section      824  btod.o(CL$$btod_div_common)
    CL$$btod_e2e                             0x08002f0c   Section      220  btod.o(CL$$btod_e2e)
    CL$$btod_ediv                            0x08002fe8   Section       42  btod.o(CL$$btod_ediv)
    CL$$btod_emul                            0x08003012   Section       42  btod.o(CL$$btod_emul)
    CL$$btod_mult_common                     0x0800303c   Section      580  btod.o(CL$$btod_mult_common)
    i.__ARM_fpclassify                       0x08003280   Section        0  fpclassify.o(i.__ARM_fpclassify)
    locale$$code                             0x080032b0   Section       44  lc_numeric_c.o(locale$$code)
    locale$$code                             0x080032dc   Section       44  lc_ctype_c.o(locale$$code)
    $v0                                      0x08003308   Number         0  fpinit.o(x$fpl$fpinit)
    x$fpl$fpinit                             0x08003308   Section       26  fpinit.o(x$fpl$fpinit)
    $v0                                      0x08003322   Number         0  printf1.o(x$fpl$printf1)
    x$fpl$printf1                            0x08003322   Section        4  printf1.o(x$fpl$printf1)
    $v0                                      0x08003326   Number         0  printf2.o(x$fpl$printf2)
    x$fpl$printf2                            0x08003326   Section        4  printf2.o(x$fpl$printf2)
    x$fpl$usenofp                            0x0800332a   Section        0  usenofp.o(x$fpl$usenofp)
    initial_mbstate                          0x0800332c   Data           8  _printf_wctomb.o(.constdata)
    .constdata                               0x0800332c   Section        8  _printf_wctomb.o(.constdata)
    uc_hextab                                0x08003334   Data          20  _printf_hex_int.o(.constdata)
    .constdata                               0x08003334   Section       40  _printf_hex_int.o(.constdata)
    lc_hextab                                0x08003348   Data          20  _printf_hex_int.o(.constdata)
    lc_hextab                                0x0800335c   Data          19  _printf_fp_hex.o(.constdata)
    .constdata                               0x0800335c   Section       38  _printf_fp_hex.o(.constdata)
    uc_hextab                                0x0800336f   Data          19  _printf_fp_hex.o(.constdata)
    tenpwrs_x                                0x08003384   Data          60  bigflt0.o(.constdata)
    .constdata                               0x08003384   Section      148  bigflt0.o(.constdata)
    tenpwrs_i                                0x080033c0   Data          64  bigflt0.o(.constdata)
    locale$$data                             0x08004618   Section       28  lc_numeric_c.o(locale$$data)
    __lcnum_c_name                           0x0800461c   Data           2  lc_numeric_c.o(locale$$data)
    __lcnum_c_start                          0x08004624   Data           0  lc_numeric_c.o(locale$$data)
    __lcnum_c_point                          0x08004630   Data           0  lc_numeric_c.o(locale$$data)
    __lcnum_c_thousands                      0x08004632   Data           0  lc_numeric_c.o(locale$$data)
    __lcnum_c_grouping                       0x08004633   Data           0  lc_numeric_c.o(locale$$data)
    __lcnum_c_end                            0x08004634   Data           0  lc_numeric_c.o(locale$$data)
    locale$$data                             0x08004634   Section      272  lc_ctype_c.o(locale$$data)
    __lcctype_c_name                         0x08004638   Data           2  lc_ctype_c.o(locale$$data)
    __lcctype_c_start                        0x08004640   Data           0  lc_ctype_c.o(locale$$data)
    __lcctype_c_end                          0x08004744   Data           0  lc_ctype_c.o(locale$$data)
    .bss                                     0x20000018   Section       96  libspace.o(.bss)
    LCD_AsciiFonts                           0x20000088   Data           4  lcd.o(.bss.LCD_AsciiFonts)
    [Anonymous Symbol]                       0x20000088   Section        0  lcd.o(.bss.LCD_AsciiFonts)
    Heap_Mem                                 0x20000958   Data         512  startup_stm32g474xx.o(HEAP)
    HEAP                                     0x20000958   Section      512  startup_stm32g474xx.o(HEAP)
    Stack_Mem                                0x20000b58   Data        1024  startup_stm32g474xx.o(STACK)
    STACK                                    0x20000b58   Section     1024  startup_stm32g474xx.o(STACK)
    __initial_sp                             0x20000f58   Data           0  startup_stm32g474xx.o(STACK)

    Global Symbols

    Symbol Name                              Value     Ov Type        Size  Object(Section)

    BuildAttributes$$THM_ISAv4$E$P$D$K$B$S$7EM$VFPi3$EXTD16$VFPS$VFMA$PE$A:L22UL41UL21$X:L11$S22US41US21$IEEE1$IW$~IW$USESV6$~STKCKD$USESV7$~SHL$OTIME$ROPI$IEEEX$EBA8$UX$STANDARDLIB$REQ8$PRES8$EABIv2 0x00000000   Number         0  anon$$obj.o ABSOLUTE
    _printf_flags                            0x00000000   Number         0  printf_stubs.o ABSOLUTE
    _printf_return_value                     0x00000000   Number         0  printf_stubs.o ABSOLUTE
    _printf_sizespec                         0x00000000   Number         0  printf_stubs.o ABSOLUTE
    _printf_widthprec                        0x00000000   Number         0  printf_stubs.o ABSOLUTE
    __ARM_exceptions_init                     - Undefined Weak Reference
    __alloca_initialize                       - Undefined Weak Reference
    __arm_preinit_                            - Undefined Weak Reference
    __cpp_initialize__aeabi_                  - Undefined Weak Reference
    __cxa_finalize                            - Undefined Weak Reference
    __sigvec_lookup                           - Undefined Weak Reference
    _atexit_init                              - Undefined Weak Reference
    _call_atexit_fns                          - Undefined Weak Reference
    _clock_init                               - Undefined Weak Reference
    _fp_trap_init                             - Undefined Weak Reference
    _fp_trap_shutdown                         - Undefined Weak Reference
    _get_lc_collate                           - Undefined Weak Reference
    _get_lc_monetary                          - Undefined Weak Reference
    _get_lc_time                              - Undefined Weak Reference
    _getenv_init                              - Undefined Weak Reference
    _handle_redirection                       - Undefined Weak Reference
    _init_alloc                               - Undefined Weak Reference
    _init_user_alloc                          - Undefined Weak Reference
    _initio                                   - Undefined Weak Reference
    _printf_mbtowc                            - Undefined Weak Reference
    _printf_wc                                - Undefined Weak Reference
    _signal_finish                            - Undefined Weak Reference
    _signal_init                              - Undefined Weak Reference
    _terminate_alloc                          - Undefined Weak Reference
    _terminate_user_alloc                     - Undefined Weak Reference
    _terminateio                              - Undefined Weak Reference
    __Vectors_Size                           0x000001d8   Number         0  startup_stm32g474xx.o ABSOLUTE
    __Vectors                                0x08000000   Data           4  startup_stm32g474xx.o(RESET)
    __Vectors_End                            0x080001d8   Data           0  startup_stm32g474xx.o(RESET)
    __main                                   0x080001d9   Thumb Code     8  __main.o(!!!main)
    __scatterload                            0x080001e1   Thumb Code     0  __scatter.o(!!!scatter)
    __scatterload_rt2                        0x080001e1   Thumb Code    44  __scatter.o(!!!scatter)
    __scatterload_rt2_thumb_only             0x080001e1   Thumb Code     0  __scatter.o(!!!scatter)
    __scatterload_null                       0x080001ef   Thumb Code     0  __scatter.o(!!!scatter)
    __scatterload_copy                       0x08000215   Thumb Code    26  __scatter_copy.o(!!handler_copy)
    __scatterload_zeroinit                   0x08000231   Thumb Code    28  __scatter_zi.o(!!handler_zi)
    _printf_f                                0x0800024d   Thumb Code     0  _printf_f.o(.ARM.Collect$$_printf_percent$$00000003)
    _printf_percent                          0x0800024d   Thumb Code     0  _printf_percent.o(.ARM.Collect$$_printf_percent$$00000000)
    _printf_e                                0x08000253   Thumb Code     0  _printf_e.o(.ARM.Collect$$_printf_percent$$00000004)
    _printf_g                                0x08000259   Thumb Code     0  _printf_g.o(.ARM.Collect$$_printf_percent$$00000005)
    _printf_a                                0x0800025f   Thumb Code     0  _printf_a.o(.ARM.Collect$$_printf_percent$$00000006)
    _printf_i                                0x08000265   Thumb Code     0  _printf_i.o(.ARM.Collect$$_printf_percent$$00000008)
    _printf_d                                0x0800026b   Thumb Code     0  _printf_d.o(.ARM.Collect$$_printf_percent$$00000009)
    _printf_u                                0x08000271   Thumb Code     0  _printf_u.o(.ARM.Collect$$_printf_percent$$0000000A)
    _printf_o                                0x08000277   Thumb Code     0  _printf_o.o(.ARM.Collect$$_printf_percent$$0000000B)
    _printf_x                                0x0800027d   Thumb Code     0  _printf_x.o(.ARM.Collect$$_printf_percent$$0000000C)
    _printf_l                                0x08000283   Thumb Code     0  _printf_l.o(.ARM.Collect$$_printf_percent$$00000012)
    _printf_c                                0x0800028d   Thumb Code     0  _printf_c.o(.ARM.Collect$$_printf_percent$$00000013)
    _printf_lc                               0x08000293   Thumb Code     0  _printf_lc.o(.ARM.Collect$$_printf_percent$$00000015)
    _printf_percent_end                      0x08000299   Thumb Code     0  _printf_percent_end.o(.ARM.Collect$$_printf_percent$$00000017)
    __rt_lib_init                            0x0800029d   Thumb Code     0  libinit.o(.ARM.Collect$$libinit$$00000000)
    __rt_lib_init_fp_1                       0x0800029f   Thumb Code     0  libinit2.o(.ARM.Collect$$libinit$$00000001)
    __rt_lib_init_heap_1                     0x080002a3   Thumb Code     0  libinit2.o(.ARM.Collect$$libinit$$0000000A)
    __rt_lib_init_lc_common                  0x080002a3   Thumb Code     0  libinit2.o(.ARM.Collect$$libinit$$0000000F)
    __rt_lib_init_preinit_1                  0x080002a3   Thumb Code     0  libinit2.o(.ARM.Collect$$libinit$$00000004)
    __rt_lib_init_rand_1                     0x080002a3   Thumb Code     0  libinit2.o(.ARM.Collect$$libinit$$0000000E)
    __rt_lib_init_user_alloc_1               0x080002a3   Thumb Code     0  libinit2.o(.ARM.Collect$$libinit$$0000000C)
    __rt_lib_init_lc_collate_1               0x080002a9   Thumb Code     0  libinit2.o(.ARM.Collect$$libinit$$00000011)
    __rt_lib_init_lc_ctype_2                 0x080002a9   Thumb Code     0  libinit2.o(.ARM.Collect$$libinit$$00000012)
    __rt_lib_init_lc_ctype_1                 0x080002b5   Thumb Code     0  libinit2.o(.ARM.Collect$$libinit$$00000013)
    __rt_lib_init_lc_monetary_1              0x080002b5   Thumb Code     0  libinit2.o(.ARM.Collect$$libinit$$00000015)
    __rt_lib_init_lc_numeric_2               0x080002b5   Thumb Code     0  libinit2.o(.ARM.Collect$$libinit$$00000016)
    __rt_lib_init_alloca_1                   0x080002bf   Thumb Code     0  libinit2.o(.ARM.Collect$$libinit$$0000002E)
    __rt_lib_init_argv_1                     0x080002bf   Thumb Code     0  libinit2.o(.ARM.Collect$$libinit$$0000002C)
    __rt_lib_init_atexit_1                   0x080002bf   Thumb Code     0  libinit2.o(.ARM.Collect$$libinit$$0000001B)
    __rt_lib_init_clock_1                    0x080002bf   Thumb Code     0  libinit2.o(.ARM.Collect$$libinit$$00000021)
    __rt_lib_init_cpp_1                      0x080002bf   Thumb Code     0  libinit2.o(.ARM.Collect$$libinit$$00000032)
    __rt_lib_init_exceptions_1               0x080002bf   Thumb Code     0  libinit2.o(.ARM.Collect$$libinit$$00000030)
    __rt_lib_init_fp_trap_1                  0x080002bf   Thumb Code     0  libinit2.o(.ARM.Collect$$libinit$$0000001F)
    __rt_lib_init_getenv_1                   0x080002bf   Thumb Code     0  libinit2.o(.ARM.Collect$$libinit$$00000023)
    __rt_lib_init_lc_numeric_1               0x080002bf   Thumb Code     0  libinit2.o(.ARM.Collect$$libinit$$00000017)
    __rt_lib_init_lc_time_1                  0x080002bf   Thumb Code     0  libinit2.o(.ARM.Collect$$libinit$$00000019)
    __rt_lib_init_return                     0x080002bf   Thumb Code     0  libinit2.o(.ARM.Collect$$libinit$$00000033)
    __rt_lib_init_signal_1                   0x080002bf   Thumb Code     0  libinit2.o(.ARM.Collect$$libinit$$0000001D)
    __rt_lib_init_stdio_1                    0x080002bf   Thumb Code     0  libinit2.o(.ARM.Collect$$libinit$$00000025)
    __rt_lib_shutdown                        0x080002c1   Thumb Code     0  libshutdown.o(.ARM.Collect$$libshutdown$$00000000)
    __rt_lib_shutdown_cpp_1                  0x080002c3   Thumb Code     0  libshutdown2.o(.ARM.Collect$$libshutdown$$00000002)
    __rt_lib_shutdown_fp_trap_1              0x080002c3   Thumb Code     0  libshutdown2.o(.ARM.Collect$$libshutdown$$00000007)
    __rt_lib_shutdown_heap_1                 0x080002c3   Thumb Code     0  libshutdown2.o(.ARM.Collect$$libshutdown$$0000000F)
    __rt_lib_shutdown_return                 0x080002c3   Thumb Code     0  libshutdown2.o(.ARM.Collect$$libshutdown$$00000010)
    __rt_lib_shutdown_signal_1               0x080002c3   Thumb Code     0  libshutdown2.o(.ARM.Collect$$libshutdown$$0000000A)
    __rt_lib_shutdown_stdio_1                0x080002c3   Thumb Code     0  libshutdown2.o(.ARM.Collect$$libshutdown$$00000004)
    __rt_lib_shutdown_user_alloc_1           0x080002c3   Thumb Code     0  libshutdown2.o(.ARM.Collect$$libshutdown$$0000000C)
    __rt_entry                               0x080002c5   Thumb Code     0  __rtentry.o(.ARM.Collect$$rtentry$$00000000)
    __rt_entry_presh_1                       0x080002c5   Thumb Code     0  __rtentry2.o(.ARM.Collect$$rtentry$$00000002)
    __rt_entry_sh                            0x080002c5   Thumb Code     0  __rtentry4.o(.ARM.Collect$$rtentry$$00000004)
    __rt_entry_li                            0x080002cb   Thumb Code     0  __rtentry2.o(.ARM.Collect$$rtentry$$0000000A)
    __rt_entry_postsh_1                      0x080002cb   Thumb Code     0  __rtentry2.o(.ARM.Collect$$rtentry$$00000009)
    __rt_entry_main                          0x080002cf   Thumb Code     0  __rtentry2.o(.ARM.Collect$$rtentry$$0000000D)
    __rt_entry_postli_1                      0x080002cf   Thumb Code     0  __rtentry2.o(.ARM.Collect$$rtentry$$0000000C)
    __rt_exit                                0x080002d7   Thumb Code     0  rtexit.o(.ARM.Collect$$rtexit$$00000000)
    __rt_exit_ls                             0x080002d9   Thumb Code     0  rtexit2.o(.ARM.Collect$$rtexit$$00000003)
    __rt_exit_prels_1                        0x080002d9   Thumb Code     0  rtexit2.o(.ARM.Collect$$rtexit$$00000002)
    __rt_exit_exit                           0x080002dd   Thumb Code     0  rtexit2.o(.ARM.Collect$$rtexit$$00000004)
    Reset_Handler                            0x080002e5   Thumb Code     8  startup_stm32g474xx.o(.text)
    ADC1_2_IRQHandler                        0x080002ff   Thumb Code     0  startup_stm32g474xx.o(.text)
    ADC3_IRQHandler                          0x080002ff   Thumb Code     0  startup_stm32g474xx.o(.text)
    ADC4_IRQHandler                          0x080002ff   Thumb Code     0  startup_stm32g474xx.o(.text)
    ADC5_IRQHandler                          0x080002ff   Thumb Code     0  startup_stm32g474xx.o(.text)
    COMP1_2_3_IRQHandler                     0x080002ff   Thumb Code     0  startup_stm32g474xx.o(.text)
    COMP4_5_6_IRQHandler                     0x080002ff   Thumb Code     0  startup_stm32g474xx.o(.text)
    COMP7_IRQHandler                         0x080002ff   Thumb Code     0  startup_stm32g474xx.o(.text)
    CORDIC_IRQHandler                        0x080002ff   Thumb Code     0  startup_stm32g474xx.o(.text)
    CRS_IRQHandler                           0x080002ff   Thumb Code     0  startup_stm32g474xx.o(.text)
    DMA1_Channel1_IRQHandler                 0x080002ff   Thumb Code     0  startup_stm32g474xx.o(.text)
    DMA1_Channel2_IRQHandler                 0x080002ff   Thumb Code     0  startup_stm32g474xx.o(.text)
    DMA1_Channel3_IRQHandler                 0x080002ff   Thumb Code     0  startup_stm32g474xx.o(.text)
    DMA1_Channel4_IRQHandler                 0x080002ff   Thumb Code     0  startup_stm32g474xx.o(.text)
    DMA1_Channel5_IRQHandler                 0x080002ff   Thumb Code     0  startup_stm32g474xx.o(.text)
    DMA1_Channel6_IRQHandler                 0x080002ff   Thumb Code     0  startup_stm32g474xx.o(.text)
    DMA1_Channel7_IRQHandler                 0x080002ff   Thumb Code     0  startup_stm32g474xx.o(.text)
    DMA1_Channel8_IRQHandler                 0x080002ff   Thumb Code     0  startup_stm32g474xx.o(.text)
    DMA2_Channel1_IRQHandler                 0x080002ff   Thumb Code     0  startup_stm32g474xx.o(.text)
    DMA2_Channel2_IRQHandler                 0x080002ff   Thumb Code     0  startup_stm32g474xx.o(.text)
    DMA2_Channel3_IRQHandler                 0x080002ff   Thumb Code     0  startup_stm32g474xx.o(.text)
    DMA2_Channel4_IRQHandler                 0x080002ff   Thumb Code     0  startup_stm32g474xx.o(.text)
    DMA2_Channel5_IRQHandler                 0x080002ff   Thumb Code     0  startup_stm32g474xx.o(.text)
    DMA2_Channel6_IRQHandler                 0x080002ff   Thumb Code     0  startup_stm32g474xx.o(.text)
    DMA2_Channel7_IRQHandler                 0x080002ff   Thumb Code     0  startup_stm32g474xx.o(.text)
    DMA2_Channel8_IRQHandler                 0x080002ff   Thumb Code     0  startup_stm32g474xx.o(.text)
    DMAMUX_OVR_IRQHandler                    0x080002ff   Thumb Code     0  startup_stm32g474xx.o(.text)
    EXTI0_IRQHandler                         0x080002ff   Thumb Code     0  startup_stm32g474xx.o(.text)
    EXTI15_10_IRQHandler                     0x080002ff   Thumb Code     0  startup_stm32g474xx.o(.text)
    EXTI1_IRQHandler                         0x080002ff   Thumb Code     0  startup_stm32g474xx.o(.text)
    EXTI2_IRQHandler                         0x080002ff   Thumb Code     0  startup_stm32g474xx.o(.text)
    EXTI3_IRQHandler                         0x080002ff   Thumb Code     0  startup_stm32g474xx.o(.text)
    EXTI4_IRQHandler                         0x080002ff   Thumb Code     0  startup_stm32g474xx.o(.text)
    EXTI9_5_IRQHandler                       0x080002ff   Thumb Code     0  startup_stm32g474xx.o(.text)
    FDCAN1_IT0_IRQHandler                    0x080002ff   Thumb Code     0  startup_stm32g474xx.o(.text)
    FDCAN1_IT1_IRQHandler                    0x080002ff   Thumb Code     0  startup_stm32g474xx.o(.text)
    FDCAN2_IT0_IRQHandler                    0x080002ff   Thumb Code     0  startup_stm32g474xx.o(.text)
    FDCAN2_IT1_IRQHandler                    0x080002ff   Thumb Code     0  startup_stm32g474xx.o(.text)
    FDCAN3_IT0_IRQHandler                    0x080002ff   Thumb Code     0  startup_stm32g474xx.o(.text)
    FDCAN3_IT1_IRQHandler                    0x080002ff   Thumb Code     0  startup_stm32g474xx.o(.text)
    FLASH_IRQHandler                         0x080002ff   Thumb Code     0  startup_stm32g474xx.o(.text)
    FMAC_IRQHandler                          0x080002ff   Thumb Code     0  startup_stm32g474xx.o(.text)
    FMC_IRQHandler                           0x080002ff   Thumb Code     0  startup_stm32g474xx.o(.text)
    FPU_IRQHandler                           0x080002ff   Thumb Code     0  startup_stm32g474xx.o(.text)
    HRTIM1_FLT_IRQHandler                    0x080002ff   Thumb Code     0  startup_stm32g474xx.o(.text)
    HRTIM1_Master_IRQHandler                 0x080002ff   Thumb Code     0  startup_stm32g474xx.o(.text)
    HRTIM1_TIMA_IRQHandler                   0x080002ff   Thumb Code     0  startup_stm32g474xx.o(.text)
    HRTIM1_TIMB_IRQHandler                   0x080002ff   Thumb Code     0  startup_stm32g474xx.o(.text)
    HRTIM1_TIMC_IRQHandler                   0x080002ff   Thumb Code     0  startup_stm32g474xx.o(.text)
    HRTIM1_TIMD_IRQHandler                   0x080002ff   Thumb Code     0  startup_stm32g474xx.o(.text)
    HRTIM1_TIME_IRQHandler                   0x080002ff   Thumb Code     0  startup_stm32g474xx.o(.text)
    HRTIM1_TIMF_IRQHandler                   0x080002ff   Thumb Code     0  startup_stm32g474xx.o(.text)
    I2C1_ER_IRQHandler                       0x080002ff   Thumb Code     0  startup_stm32g474xx.o(.text)
    I2C1_EV_IRQHandler                       0x080002ff   Thumb Code     0  startup_stm32g474xx.o(.text)
    I2C2_ER_IRQHandler                       0x080002ff   Thumb Code     0  startup_stm32g474xx.o(.text)
    I2C2_EV_IRQHandler                       0x080002ff   Thumb Code     0  startup_stm32g474xx.o(.text)
    I2C3_ER_IRQHandler                       0x080002ff   Thumb Code     0  startup_stm32g474xx.o(.text)
    I2C3_EV_IRQHandler                       0x080002ff   Thumb Code     0  startup_stm32g474xx.o(.text)
    I2C4_ER_IRQHandler                       0x080002ff   Thumb Code     0  startup_stm32g474xx.o(.text)
    I2C4_EV_IRQHandler                       0x080002ff   Thumb Code     0  startup_stm32g474xx.o(.text)
    LPTIM1_IRQHandler                        0x080002ff   Thumb Code     0  startup_stm32g474xx.o(.text)
    LPUART1_IRQHandler                       0x080002ff   Thumb Code     0  startup_stm32g474xx.o(.text)
    PVD_PVM_IRQHandler                       0x080002ff   Thumb Code     0  startup_stm32g474xx.o(.text)
    QUADSPI_IRQHandler                       0x080002ff   Thumb Code     0  startup_stm32g474xx.o(.text)
    RCC_IRQHandler                           0x080002ff   Thumb Code     0  startup_stm32g474xx.o(.text)
    RNG_IRQHandler                           0x080002ff   Thumb Code     0  startup_stm32g474xx.o(.text)
    RTC_Alarm_IRQHandler                     0x080002ff   Thumb Code     0  startup_stm32g474xx.o(.text)
    RTC_TAMP_LSECSS_IRQHandler               0x080002ff   Thumb Code     0  startup_stm32g474xx.o(.text)
    RTC_WKUP_IRQHandler                      0x080002ff   Thumb Code     0  startup_stm32g474xx.o(.text)
    SAI1_IRQHandler                          0x080002ff   Thumb Code     0  startup_stm32g474xx.o(.text)
    SPI1_IRQHandler                          0x080002ff   Thumb Code     0  startup_stm32g474xx.o(.text)
    SPI2_IRQHandler                          0x080002ff   Thumb Code     0  startup_stm32g474xx.o(.text)
    SPI3_IRQHandler                          0x080002ff   Thumb Code     0  startup_stm32g474xx.o(.text)
    SPI4_IRQHandler                          0x080002ff   Thumb Code     0  startup_stm32g474xx.o(.text)
    TIM1_BRK_TIM15_IRQHandler                0x080002ff   Thumb Code     0  startup_stm32g474xx.o(.text)
    TIM1_CC_IRQHandler                       0x080002ff   Thumb Code     0  startup_stm32g474xx.o(.text)
    TIM1_TRG_COM_TIM17_IRQHandler            0x080002ff   Thumb Code     0  startup_stm32g474xx.o(.text)
    TIM1_UP_TIM16_IRQHandler                 0x080002ff   Thumb Code     0  startup_stm32g474xx.o(.text)
    TIM20_BRK_IRQHandler                     0x080002ff   Thumb Code     0  startup_stm32g474xx.o(.text)
    TIM20_CC_IRQHandler                      0x080002ff   Thumb Code     0  startup_stm32g474xx.o(.text)
    TIM20_TRG_COM_IRQHandler                 0x080002ff   Thumb Code     0  startup_stm32g474xx.o(.text)
    TIM20_UP_IRQHandler                      0x080002ff   Thumb Code     0  startup_stm32g474xx.o(.text)
    TIM2_IRQHandler                          0x080002ff   Thumb Code     0  startup_stm32g474xx.o(.text)
    TIM3_IRQHandler                          0x080002ff   Thumb Code     0  startup_stm32g474xx.o(.text)
    TIM4_IRQHandler                          0x080002ff   Thumb Code     0  startup_stm32g474xx.o(.text)
    TIM5_IRQHandler                          0x080002ff   Thumb Code     0  startup_stm32g474xx.o(.text)
    TIM6_DAC_IRQHandler                      0x080002ff   Thumb Code     0  startup_stm32g474xx.o(.text)
    TIM7_DAC_IRQHandler                      0x080002ff   Thumb Code     0  startup_stm32g474xx.o(.text)
    TIM8_BRK_IRQHandler                      0x080002ff   Thumb Code     0  startup_stm32g474xx.o(.text)
    TIM8_CC_IRQHandler                       0x080002ff   Thumb Code     0  startup_stm32g474xx.o(.text)
    TIM8_TRG_COM_IRQHandler                  0x080002ff   Thumb Code     0  startup_stm32g474xx.o(.text)
    TIM8_UP_IRQHandler                       0x080002ff   Thumb Code     0  startup_stm32g474xx.o(.text)
    UART4_IRQHandler                         0x080002ff   Thumb Code     0  startup_stm32g474xx.o(.text)
    UART5_IRQHandler                         0x080002ff   Thumb Code     0  startup_stm32g474xx.o(.text)
    UCPD1_IRQHandler                         0x080002ff   Thumb Code     0  startup_stm32g474xx.o(.text)
    USART1_IRQHandler                        0x080002ff   Thumb Code     0  startup_stm32g474xx.o(.text)
    USART2_IRQHandler                        0x080002ff   Thumb Code     0  startup_stm32g474xx.o(.text)
    USART3_IRQHandler                        0x080002ff   Thumb Code     0  startup_stm32g474xx.o(.text)
    USBWakeUp_IRQHandler                     0x080002ff   Thumb Code     0  startup_stm32g474xx.o(.text)
    USB_HP_IRQHandler                        0x080002ff   Thumb Code     0  startup_stm32g474xx.o(.text)
    USB_LP_IRQHandler                        0x080002ff   Thumb Code     0  startup_stm32g474xx.o(.text)
    WWDG_IRQHandler                          0x080002ff   Thumb Code     0  startup_stm32g474xx.o(.text)
    __user_initial_stackheap                 0x08000301   Thumb Code     0  startup_stm32g474xx.o(.text)
    _printf_pre_padding                      0x08000325   Thumb Code    44  _printf_pad.o(.text)
    _printf_post_padding                     0x08000351   Thumb Code    34  _printf_pad.o(.text)
    _printf_truncate_signed                  0x08000373   Thumb Code    18  _printf_truncate.o(.text)
    _printf_truncate_unsigned                0x08000385   Thumb Code    18  _printf_truncate.o(.text)
    _printf_str                              0x08000397   Thumb Code    82  _printf_str.o(.text)
    _printf_int_dec                          0x080003e9   Thumb Code   104  _printf_dec.o(.text)
    _printf_wctomb                           0x08000461   Thumb Code   182  _printf_wctomb.o(.text)
    _printf_int_oct                          0x0800051d   Thumb Code    74  _printf_oct_int.o(.text)
    _printf_longlong_oct                     0x0800051d   Thumb Code     0  _printf_oct_int.o(.text)
    _printf_int_hex                          0x08000571   Thumb Code    84  _printf_hex_int.o(.text)
    _printf_longlong_hex                     0x08000571   Thumb Code     0  _printf_hex_int.o(.text)
    __aeabi_memclr4                          0x080005c9   Thumb Code     0  rt_memclr_w.o(.text)
    __aeabi_memclr8                          0x080005c9   Thumb Code     0  rt_memclr_w.o(.text)
    __rt_memclr_w                            0x080005c9   Thumb Code     0  rt_memclr_w.o(.text)
    _memset_w                                0x080005cd   Thumb Code    74  rt_memclr_w.o(.text)
    __use_two_region_memory                  0x08000617   Thumb Code     2  heapauxi.o(.text)
    __rt_heap_escrow$2region                 0x08000619   Thumb Code     2  heapauxi.o(.text)
    __rt_heap_expand$2region                 0x0800061b   Thumb Code     2  heapauxi.o(.text)
    _printf_int_common                       0x0800061d   Thumb Code   178  _printf_intcommon.o(.text)
    _printf_fp_dec_real                      0x0800087f   Thumb Code   620  _printf_fp_dec.o(.text)
    _printf_fp_hex_real                      0x08000aed   Thumb Code   756  _printf_fp_hex.o(.text)
    _printf_cs_common                        0x08000de9   Thumb Code    20  _printf_char.o(.text)
    _printf_char                             0x08000dfd   Thumb Code    16  _printf_char.o(.text)
    _printf_string                           0x08000e0d   Thumb Code     8  _printf_char.o(.text)
    _printf_lcs_common                       0x08000e15   Thumb Code    20  _printf_wchar.o(.text)
    _printf_wchar                            0x08000e29   Thumb Code    16  _printf_wchar.o(.text)
    _printf_wstring                          0x08000e39   Thumb Code     8  _printf_wchar.o(.text)
    _c16rtomb                                0x08000e41   Thumb Code    72  _c16rtomb.o(.text)
    _wcrtomb                                 0x08000e41   Thumb Code     0  _c16rtomb.o(.text)
    __rt_ctype_table                         0x08000e89   Thumb Code    16  rt_ctype_table.o(.text)
    __rt_locale                              0x08000e99   Thumb Code     8  rt_locale_intlibspace.o(.text)
    _ll_udiv10                               0x08000ea1   Thumb Code   138  lludiv10.o(.text)
    _printf_fp_infnan                        0x08000f2d   Thumb Code   112  _printf_fp_infnan.o(.text)
    _btod_etento                             0x08000fad   Thumb Code   224  bigflt0.o(.text)
    __user_libspace                          0x08001091   Thumb Code     8  libspace.o(.text)
    __user_perproc_libspace                  0x08001091   Thumb Code     0  libspace.o(.text)
    __user_perthread_libspace                0x08001091   Thumb Code     0  libspace.o(.text)
    __user_setup_stackheap                   0x08001099   Thumb Code    74  sys_stackheap_outer.o(.text)
    exit                                     0x080010e3   Thumb Code    18  exit.o(.text)
    strcmp                                   0x080010f9   Thumb Code   124  strcmpv7em.o(.text)
    __I$use$semihosting                      0x08001175   Thumb Code     0  use_no_semi.o(.text)
    __use_no_semihosting_swi                 0x08001175   Thumb Code     2  use_no_semi.o(.text)
    __semihosting_library_function           0x08001177   Thumb Code     0  indicate_semi.o(.text)
    _sys_exit                                0x08001179   Thumb Code     8  sys_exit.o(.text)
    BusFault_Handler                         0x08001185   Thumb Code     2  stm32g4xx_it.o(.text.BusFault_Handler)
    DebugMon_Handler                         0x08001189   Thumb Code     2  stm32g4xx_it.o(.text.DebugMon_Handler)
    Error_Handler                            0x0800118d   Thumb Code    10  main.o(.text.Error_Handler)
    HAL_Delay                                0x08001199   Thumb Code    40  stm32g4xx_hal.o(.text.HAL_Delay)
    HAL_GPIO_Init                            0x080011c1   Thumb Code   420  stm32g4xx_hal_gpio.o(.text.HAL_GPIO_Init)
    HAL_GPIO_WritePin                        0x08001365   Thumb Code    12  stm32g4xx_hal_gpio.o(.text.HAL_GPIO_WritePin)
    HAL_GetTick                              0x08001371   Thumb Code    12  stm32g4xx_hal.o(.text.HAL_GetTick)
    HAL_IncTick                              0x0800137d   Thumb Code    26  stm32g4xx_hal.o(.text.HAL_IncTick)
    HAL_Init                                 0x08001399   Thumb Code    30  stm32g4xx_hal.o(.text.HAL_Init)
    HAL_InitTick                             0x080013b9   Thumb Code    86  stm32g4xx_hal.o(.text.HAL_InitTick)
    HAL_MspInit                              0x08001411   Thumb Code    56  stm32g4xx_hal_msp.o(.text.HAL_MspInit)
    HAL_NVIC_SetPriority                     0x08001449   Thumb Code    30  stm32g4xx_hal_cortex.o(.text.HAL_NVIC_SetPriority)
    HAL_NVIC_SetPriorityGrouping             0x08001469   Thumb Code     8  stm32g4xx_hal_cortex.o(.text.HAL_NVIC_SetPriorityGrouping)
    HAL_PWREx_ControlVoltageScaling          0x08001471   Thumb Code   238  stm32g4xx_hal_pwr_ex.o(.text.HAL_PWREx_ControlVoltageScaling)
    HAL_PWREx_DisableUCPDDeadBattery         0x08001561   Thumb Code    18  stm32g4xx_hal_pwr_ex.o(.text.HAL_PWREx_DisableUCPDDeadBattery)
    HAL_RCC_ClockConfig                      0x08001575   Thumb Code   518  stm32g4xx_hal_rcc.o(.text.HAL_RCC_ClockConfig)
    HAL_RCC_GetSysClockFreq                  0x0800177d   Thumb Code   122  stm32g4xx_hal_rcc.o(.text.HAL_RCC_GetSysClockFreq)
    HAL_RCC_OscConfig                        0x080017f9   Thumb Code  1146  stm32g4xx_hal_rcc.o(.text.HAL_RCC_OscConfig)
    HAL_SPI_Init                             0x08001c75   Thumb Code   226  stm32g4xx_hal_spi.o(.text.HAL_SPI_Init)
    HAL_SPI_MspInit                          0x08001d59   Thumb Code   174  spi.o(.text.HAL_SPI_MspInit)
    HAL_SPI_Transmit                         0x08001e09   Thumb Code   456  stm32g4xx_hal_spi.o(.text.HAL_SPI_Transmit)
    HAL_SYSTICK_Config                       0x08001fd1   Thumb Code     8  stm32g4xx_hal_cortex.o(.text.HAL_SYSTICK_Config)
    HardFault_Handler                        0x08001fd9   Thumb Code     2  stm32g4xx_it.o(.text.HardFault_Handler)
    LCD_Clear                                0x08001fdd   Thumb Code    82  lcd.o(.text.LCD_Clear)
    LCD_DisplayChar                          0x08002031   Thumb Code   234  lcd.o(.text.LCD_DisplayChar)
    LCD_DisplayString                        0x0800211d   Thumb Code    72  lcd.o(.text.LCD_DisplayString)
    LCD_Init                                 0x08002165   Thumb Code   504  lcd.o(.text.LCD_Init)
    LCD_SPI_Send                             0x0800235d   Thumb Code     8  lcd.o(.text.LCD_SPI_Send)
    LCD_SetAddress                           0x08002365   Thumb Code   128  lcd.o(.text.LCD_SetAddress)
    LCD_SetAsciiFont                         0x080023e5   Thumb Code    12  lcd.o(.text.LCD_SetAsciiFont)
    LCD_SetBackColor                         0x080023f1   Thumb Code    36  lcd.o(.text.LCD_SetBackColor)
    LCD_SetColor                             0x08002415   Thumb Code    36  lcd.o(.text.LCD_SetColor)
    LCD_SetDirection                         0x08002439   Thumb Code   158  lcd.o(.text.LCD_SetDirection)
    LCD_ShowNumMode                          0x080024d9   Thumb Code    12  lcd.o(.text.LCD_ShowNumMode)
    LCD_WriteBuff                            0x080024e5   Thumb Code    44  lcd.o(.text.LCD_WriteBuff)
    LCD_WriteCommand                         0x08002511   Thumb Code    54  lcd.o(.text.LCD_WriteCommand)
    LCD_WriteData_16bit                      0x08002549   Thumb Code    52  lcd.o(.text.LCD_WriteData_16bit)
    LCD_WriteData_8bit                       0x0800257d   Thumb Code    40  lcd.o(.text.LCD_WriteData_8bit)
    MX_GPIO_Init                             0x080025a5   Thumb Code   240  gpio.o(.text.MX_GPIO_Init)
    MX_SPI1_Init                             0x08002695   Thumb Code    74  spi.o(.text.MX_SPI1_Init)
    MX_SPI2_Init                             0x080026e1   Thumb Code    78  spi.o(.text.MX_SPI2_Init)
    MemManage_Handler                        0x08002731   Thumb Code     2  stm32g4xx_it.o(.text.MemManage_Handler)
    NMI_Handler                              0x08002735   Thumb Code     2  stm32g4xx_it.o(.text.NMI_Handler)
    PendSV_Handler                           0x08002765   Thumb Code     2  stm32g4xx_it.o(.text.PendSV_Handler)
    SPI2_WriteData                           0x080027b1   Thumb Code    24  lcd.o(.text.SPI2_WriteData)
    SVC_Handler                              0x080029a9   Thumb Code     2  stm32g4xx_it.o(.text.SVC_Handler)
    SysTick_Handler                          0x080029dd   Thumb Code     8  stm32g4xx_it.o(.text.SysTick_Handler)
    SystemClock_Config                       0x080029e5   Thumb Code   102  main.o(.text.SystemClock_Config)
    SystemInit                               0x08002a4d   Thumb Code    18  system_stm32g4xx.o(.text.SystemInit)
    UsageFault_Handler                       0x08002a61   Thumb Code     2  stm32g4xx_it.o(.text.UsageFault_Handler)
    main                                     0x08002ab9   Thumb Code    40  main.o(.text.main)
    _btod_d2e                                0x08002af1   Thumb Code    62  btod.o(CL$$btod_d2e)
    _d2e_denorm_low                          0x08002b2f   Thumb Code    70  btod.o(CL$$btod_d2e_denorm_low)
    _d2e_norm_op1                            0x08002b75   Thumb Code    96  btod.o(CL$$btod_d2e_norm_op1)
    __btod_div_common                        0x08002bd5   Thumb Code   696  btod.o(CL$$btod_div_common)
    _e2e                                     0x08002f0d   Thumb Code   220  btod.o(CL$$btod_e2e)
    _btod_ediv                               0x08002fe9   Thumb Code    42  btod.o(CL$$btod_ediv)
    _btod_emul                               0x08003013   Thumb Code    42  btod.o(CL$$btod_emul)
    __btod_mult_common                       0x0800303d   Thumb Code   580  btod.o(CL$$btod_mult_common)
    __ARM_fpclassify                         0x08003281   Thumb Code    48  fpclassify.o(i.__ARM_fpclassify)
    _get_lc_numeric                          0x080032b1   Thumb Code    44  lc_numeric_c.o(locale$$code)
    _get_lc_ctype                            0x080032dd   Thumb Code    44  lc_ctype_c.o(locale$$code)
    _fp_init                                 0x08003309   Thumb Code    26  fpinit.o(x$fpl$fpinit)
    __fplib_config_fpu_vfp                   0x08003321   Thumb Code     0  fpinit.o(x$fpl$fpinit)
    __fplib_config_pureend_doubles           0x08003321   Thumb Code     0  fpinit.o(x$fpl$fpinit)
    _printf_fp_dec                           0x08003323   Thumb Code     4  printf1.o(x$fpl$printf1)
    _printf_fp_hex                           0x08003327   Thumb Code     4  printf2.o(x$fpl$printf2)
    __I$use$fp                               0x0800332a   Number         0  usenofp.o(x$fpl$usenofp)
    AHBPrescTable                            0x08003418   Data          16  system_stm32g4xx.o(.rodata.AHBPrescTable)
    ASCII_2412_Table                         0x08003428   Data        4560  lcd_fonts.o(.rodata.ASCII_2412_Table)
    Region$$Table$$Base                      0x080045f8   Number         0  anon$$obj.o(Region$$Table)
    Region$$Table$$Limit                     0x08004618   Number         0  anon$$obj.o(Region$$Table)
    __ctype                                  0x08004641   Data           0  lc_ctype_c.o(locale$$data)
    ASCII_Font24                             0x20000000   Data          12  lcd_fonts.o(.data.ASCII_Font24)
    SystemCoreClock                          0x2000000c   Data           4  system_stm32g4xx.o(.data.SystemCoreClock)
    uwTickFreq                               0x20000010   Data           4  stm32g4xx_hal.o(.data.uwTickFreq)
    uwTickPrio                               0x20000014   Data           4  stm32g4xx_hal.o(.data.uwTickPrio)
    __libspace_start                         0x20000018   Data          96  libspace.o(.bss)
    LCD                                      0x20000078   Data          16  lcd.o(.bss.LCD)
    __temporary_stack_top$libspace           0x20000078   Data           0  libspace.o(.bss)
    LCD_Buff                                 0x2000008c   Data        2048  lcd.o(.bss.LCD_Buff)
    hspi1                                    0x2000088c   Data         100  spi.o(.bss.hspi1)
    hspi2                                    0x200008f0   Data         100  spi.o(.bss.hspi2)
    uwTick                                   0x20000954   Data           4  stm32g4xx_hal.o(.bss.uwTick)



==============================================================================

Memory Map of the image

  Image Entry point : 0x080001d9

  Load Region LR_IROM1 (Base: 0x08000000, Size: 0x00004760, Max: 0x00080000, ABSOLUTE)

    Execution Region ER_IROM1 (Exec base: 0x08000000, Load base: 0x08000000, Size: 0x00004744, Max: 0x00080000, ABSOLUTE)

    Exec Addr    Load Addr    Size         Type   Attr      Idx    E Section Name        Object

    0x08000000   0x08000000   0x000001d8   Data   RO            3    RESET               startup_stm32g474xx.o
    0x080001d8   0x080001d8   0x00000008   Code   RO         1160  * !!!main             c_w.l(__main.o)
    0x080001e0   0x080001e0   0x00000034   Code   RO         1515    !!!scatter          c_w.l(__scatter.o)
    0x08000214   0x08000214   0x0000001a   Code   RO         1517    !!handler_copy      c_w.l(__scatter_copy.o)
    0x0800022e   0x0800022e   0x00000002   PAD
    0x08000230   0x08000230   0x0000001c   Code   RO         1519    !!handler_zi        c_w.l(__scatter_zi.o)
    0x0800024c   0x0800024c   0x00000000   Code   RO         1149    .ARM.Collect$$_printf_percent$$00000000  c_w.l(_printf_percent.o)
    0x0800024c   0x0800024c   0x00000006   Code   RO         1145    .ARM.Collect$$_printf_percent$$00000003  c_w.l(_printf_f.o)
    0x08000252   0x08000252   0x00000006   Code   RO         1146    .ARM.Collect$$_printf_percent$$00000004  c_w.l(_printf_e.o)
    0x08000258   0x08000258   0x00000006   Code   RO         1147    .ARM.Collect$$_printf_percent$$00000005  c_w.l(_printf_g.o)
    0x0800025e   0x0800025e   0x00000006   Code   RO         1148    .ARM.Collect$$_printf_percent$$00000006  c_w.l(_printf_a.o)
    0x08000264   0x08000264   0x00000006   Code   RO         1142    .ARM.Collect$$_printf_percent$$00000008  c_w.l(_printf_i.o)
    0x0800026a   0x0800026a   0x00000006   Code   RO         1143    .ARM.Collect$$_printf_percent$$00000009  c_w.l(_printf_d.o)
    0x08000270   0x08000270   0x00000006   Code   RO         1144    .ARM.Collect$$_printf_percent$$0000000A  c_w.l(_printf_u.o)
    0x08000276   0x08000276   0x00000006   Code   RO         1141    .ARM.Collect$$_printf_percent$$0000000B  c_w.l(_printf_o.o)
    0x0800027c   0x0800027c   0x00000006   Code   RO         1140    .ARM.Collect$$_printf_percent$$0000000C  c_w.l(_printf_x.o)
    0x08000282   0x08000282   0x0000000a   Code   RO         1235    .ARM.Collect$$_printf_percent$$00000012  c_w.l(_printf_l.o)
    0x0800028c   0x0800028c   0x00000006   Code   RO         1139    .ARM.Collect$$_printf_percent$$00000013  c_w.l(_printf_c.o)
    0x08000292   0x08000292   0x00000006   Code   RO         1150    .ARM.Collect$$_printf_percent$$00000015  c_w.l(_printf_lc.o)
    0x08000298   0x08000298   0x00000004   Code   RO         1234    .ARM.Collect$$_printf_percent$$00000017  c_w.l(_printf_percent_end.o)
    0x0800029c   0x0800029c   0x00000002   Code   RO         1433    .ARM.Collect$$libinit$$00000000  c_w.l(libinit.o)
    0x0800029e   0x0800029e   0x00000004   Code   RO         1238    .ARM.Collect$$libinit$$00000001  c_w.l(libinit2.o)
    0x080002a2   0x080002a2   0x00000000   Code   RO         1241    .ARM.Collect$$libinit$$00000004  c_w.l(libinit2.o)
    0x080002a2   0x080002a2   0x00000000   Code   RO         1244    .ARM.Collect$$libinit$$0000000A  c_w.l(libinit2.o)
    0x080002a2   0x080002a2   0x00000000   Code   RO         1246    .ARM.Collect$$libinit$$0000000C  c_w.l(libinit2.o)
    0x080002a2   0x080002a2   0x00000000   Code   RO         1248    .ARM.Collect$$libinit$$0000000E  c_w.l(libinit2.o)
    0x080002a2   0x080002a2   0x00000006   Code   RO         1249    .ARM.Collect$$libinit$$0000000F  c_w.l(libinit2.o)
    0x080002a8   0x080002a8   0x00000000   Code   RO         1251    .ARM.Collect$$libinit$$00000011  c_w.l(libinit2.o)
    0x080002a8   0x080002a8   0x0000000c   Code   RO         1252    .ARM.Collect$$libinit$$00000012  c_w.l(libinit2.o)
    0x080002b4   0x080002b4   0x00000000   Code   RO         1253    .ARM.Collect$$libinit$$00000013  c_w.l(libinit2.o)
    0x080002b4   0x080002b4   0x00000000   Code   RO         1255    .ARM.Collect$$libinit$$00000015  c_w.l(libinit2.o)
    0x080002b4   0x080002b4   0x0000000a   Code   RO         1256    .ARM.Collect$$libinit$$00000016  c_w.l(libinit2.o)
    0x080002be   0x080002be   0x00000000   Code   RO         1257    .ARM.Collect$$libinit$$00000017  c_w.l(libinit2.o)
    0x080002be   0x080002be   0x00000000   Code   RO         1259    .ARM.Collect$$libinit$$00000019  c_w.l(libinit2.o)
    0x080002be   0x080002be   0x00000000   Code   RO         1261    .ARM.Collect$$libinit$$0000001B  c_w.l(libinit2.o)
    0x080002be   0x080002be   0x00000000   Code   RO         1263    .ARM.Collect$$libinit$$0000001D  c_w.l(libinit2.o)
    0x080002be   0x080002be   0x00000000   Code   RO         1265    .ARM.Collect$$libinit$$0000001F  c_w.l(libinit2.o)
    0x080002be   0x080002be   0x00000000   Code   RO         1267    .ARM.Collect$$libinit$$00000021  c_w.l(libinit2.o)
    0x080002be   0x080002be   0x00000000   Code   RO         1269    .ARM.Collect$$libinit$$00000023  c_w.l(libinit2.o)
    0x080002be   0x080002be   0x00000000   Code   RO         1271    .ARM.Collect$$libinit$$00000025  c_w.l(libinit2.o)
    0x080002be   0x080002be   0x00000000   Code   RO         1275    .ARM.Collect$$libinit$$0000002C  c_w.l(libinit2.o)
    0x080002be   0x080002be   0x00000000   Code   RO         1277    .ARM.Collect$$libinit$$0000002E  c_w.l(libinit2.o)
    0x080002be   0x080002be   0x00000000   Code   RO         1279    .ARM.Collect$$libinit$$00000030  c_w.l(libinit2.o)
    0x080002be   0x080002be   0x00000000   Code   RO         1281    .ARM.Collect$$libinit$$00000032  c_w.l(libinit2.o)
    0x080002be   0x080002be   0x00000002   Code   RO         1282    .ARM.Collect$$libinit$$00000033  c_w.l(libinit2.o)
    0x080002c0   0x080002c0   0x00000002   Code   RO         1474    .ARM.Collect$$libshutdown$$00000000  c_w.l(libshutdown.o)
    0x080002c2   0x080002c2   0x00000000   Code   RO         1482    .ARM.Collect$$libshutdown$$00000002  c_w.l(libshutdown2.o)
    0x080002c2   0x080002c2   0x00000000   Code   RO         1484    .ARM.Collect$$libshutdown$$00000004  c_w.l(libshutdown2.o)
    0x080002c2   0x080002c2   0x00000000   Code   RO         1487    .ARM.Collect$$libshutdown$$00000007  c_w.l(libshutdown2.o)
    0x080002c2   0x080002c2   0x00000000   Code   RO         1490    .ARM.Collect$$libshutdown$$0000000A  c_w.l(libshutdown2.o)
    0x080002c2   0x080002c2   0x00000000   Code   RO         1492    .ARM.Collect$$libshutdown$$0000000C  c_w.l(libshutdown2.o)
    0x080002c2   0x080002c2   0x00000000   Code   RO         1495    .ARM.Collect$$libshutdown$$0000000F  c_w.l(libshutdown2.o)
    0x080002c2   0x080002c2   0x00000002   Code   RO         1496    .ARM.Collect$$libshutdown$$00000010  c_w.l(libshutdown2.o)
    0x080002c4   0x080002c4   0x00000000   Code   RO         1214    .ARM.Collect$$rtentry$$00000000  c_w.l(__rtentry.o)
    0x080002c4   0x080002c4   0x00000000   Code   RO         1336    .ARM.Collect$$rtentry$$00000002  c_w.l(__rtentry2.o)
    0x080002c4   0x080002c4   0x00000006   Code   RO         1348    .ARM.Collect$$rtentry$$00000004  c_w.l(__rtentry4.o)
    0x080002ca   0x080002ca   0x00000000   Code   RO         1338    .ARM.Collect$$rtentry$$00000009  c_w.l(__rtentry2.o)
    0x080002ca   0x080002ca   0x00000004   Code   RO         1339    .ARM.Collect$$rtentry$$0000000A  c_w.l(__rtentry2.o)
    0x080002ce   0x080002ce   0x00000000   Code   RO         1341    .ARM.Collect$$rtentry$$0000000C  c_w.l(__rtentry2.o)
    0x080002ce   0x080002ce   0x00000008   Code   RO         1342    .ARM.Collect$$rtentry$$0000000D  c_w.l(__rtentry2.o)
    0x080002d6   0x080002d6   0x00000002   Code   RO         1438    .ARM.Collect$$rtexit$$00000000  c_w.l(rtexit.o)
    0x080002d8   0x080002d8   0x00000000   Code   RO         1452    .ARM.Collect$$rtexit$$00000002  c_w.l(rtexit2.o)
    0x080002d8   0x080002d8   0x00000004   Code   RO         1453    .ARM.Collect$$rtexit$$00000003  c_w.l(rtexit2.o)
    0x080002dc   0x080002dc   0x00000006   Code   RO         1454    .ARM.Collect$$rtexit$$00000004  c_w.l(rtexit2.o)
    0x080002e2   0x080002e2   0x00000002   PAD
    0x080002e4   0x080002e4   0x00000040   Code   RO            4    .text               startup_stm32g474xx.o
    0x08000324   0x08000324   0x0000004e   Code   RO         1081    .text               c_w.l(_printf_pad.o)
    0x08000372   0x08000372   0x00000024   Code   RO         1083    .text               c_w.l(_printf_truncate.o)
    0x08000396   0x08000396   0x00000052   Code   RO         1085    .text               c_w.l(_printf_str.o)
    0x080003e8   0x080003e8   0x00000078   Code   RO         1087    .text               c_w.l(_printf_dec.o)
    0x08000460   0x08000460   0x000000bc   Code   RO         1089    .text               c_w.l(_printf_wctomb.o)
    0x0800051c   0x0800051c   0x00000054   Code   RO         1094    .text               c_w.l(_printf_oct_int.o)
    0x08000570   0x08000570   0x00000058   Code   RO         1101    .text               c_w.l(_printf_hex_int.o)
    0x080005c8   0x080005c8   0x0000004e   Code   RO         1156    .text               c_w.l(rt_memclr_w.o)
    0x08000616   0x08000616   0x00000006   Code   RO         1158    .text               c_w.l(heapauxi.o)
    0x0800061c   0x0800061c   0x000000b2   Code   RO         1217    .text               c_w.l(_printf_intcommon.o)
    0x080006ce   0x080006ce   0x0000041c   Code   RO         1219    .text               c_w.l(_printf_fp_dec.o)
    0x08000aea   0x08000aea   0x00000002   PAD
    0x08000aec   0x08000aec   0x000002fc   Code   RO         1223    .text               c_w.l(_printf_fp_hex.o)
    0x08000de8   0x08000de8   0x0000002c   Code   RO         1230    .text               c_w.l(_printf_char.o)
    0x08000e14   0x08000e14   0x0000002c   Code   RO         1232    .text               c_w.l(_printf_wchar.o)
    0x08000e40   0x08000e40   0x00000048   Code   RO         1236    .text               c_w.l(_c16rtomb.o)
    0x08000e88   0x08000e88   0x00000010   Code   RO         1350    .text               c_w.l(rt_ctype_table.o)
    0x08000e98   0x08000e98   0x00000008   Code   RO         1355    .text               c_w.l(rt_locale_intlibspace.o)
    0x08000ea0   0x08000ea0   0x0000008a   Code   RO         1362    .text               c_w.l(lludiv10.o)
    0x08000f2a   0x08000f2a   0x00000002   PAD
    0x08000f2c   0x08000f2c   0x00000080   Code   RO         1364    .text               c_w.l(_printf_fp_infnan.o)
    0x08000fac   0x08000fac   0x000000e4   Code   RO         1368    .text               c_w.l(bigflt0.o)
    0x08001090   0x08001090   0x00000008   Code   RO         1410    .text               c_w.l(libspace.o)
    0x08001098   0x08001098   0x0000004a   Code   RO         1413    .text               c_w.l(sys_stackheap_outer.o)
    0x080010e2   0x080010e2   0x00000012   Code   RO         1420    .text               c_w.l(exit.o)
    0x080010f4   0x080010f4   0x00000004   PAD
    0x080010f8   0x080010f8   0x0000007c   Code   RO         1422    .text               c_w.l(strcmpv7em.o)
    0x08001174   0x08001174   0x00000002   Code   RO         1448    .text               c_w.l(use_no_semi.o)
    0x08001176   0x08001176   0x00000000   Code   RO         1450    .text               c_w.l(indicate_semi.o)
    0x08001176   0x08001176   0x00000002   PAD
    0x08001178   0x08001178   0x0000000c   Code   RO         1464    .text               c_w.l(sys_exit.o)
    0x08001184   0x08001184   0x00000002   Code   RO          323    .text.BusFault_Handler  stm32g4xx_it.o
    0x08001186   0x08001186   0x00000002   PAD
    0x08001188   0x08001188   0x00000002   Code   RO          329    .text.DebugMon_Handler  stm32g4xx_it.o
    0x0800118a   0x0800118a   0x00000002   PAD
    0x0800118c   0x0800118c   0x0000000a   Code   RO          280    .text.Error_Handler  main.o
    0x08001196   0x08001196   0x00000002   PAD
    0x08001198   0x08001198   0x00000028   Code   RO          499    .text.HAL_Delay     stm32g4xx_hal.o
    0x080011c0   0x080011c0   0x000001a4   Code   RO          755    .text.HAL_GPIO_Init  stm32g4xx_hal_gpio.o
    0x08001364   0x08001364   0x0000000c   Code   RO          761    .text.HAL_GPIO_WritePin  stm32g4xx_hal_gpio.o
    0x08001370   0x08001370   0x0000000c   Code   RO          491    .text.HAL_GetTick   stm32g4xx_hal.o
    0x0800137c   0x0800137c   0x0000001a   Code   RO          489    .text.HAL_IncTick   stm32g4xx_hal.o
    0x08001396   0x08001396   0x00000002   PAD
    0x08001398   0x08001398   0x0000001e   Code   RO          479    .text.HAL_Init      stm32g4xx_hal.o
    0x080013b6   0x080013b6   0x00000002   PAD
    0x080013b8   0x080013b8   0x00000056   Code   RO          481    .text.HAL_InitTick  stm32g4xx_hal.o
    0x0800140e   0x0800140e   0x00000002   PAD
    0x08001410   0x08001410   0x00000038   Code   RO          342    .text.HAL_MspInit   stm32g4xx_hal_msp.o
    0x08001448   0x08001448   0x0000001e   Code   RO          987    .text.HAL_NVIC_SetPriority  stm32g4xx_hal_cortex.o
    0x08001466   0x08001466   0x00000002   PAD
    0x08001468   0x08001468   0x00000008   Code   RO          983    .text.HAL_NVIC_SetPriorityGrouping  stm32g4xx_hal_cortex.o
    0x08001470   0x08001470   0x000000ee   Code   RO          903    .text.HAL_PWREx_ControlVoltageScaling  stm32g4xx_hal_pwr_ex.o
    0x0800155e   0x0800155e   0x00000002   PAD
    0x08001560   0x08001560   0x00000012   Code   RO          973    .text.HAL_PWREx_DisableUCPDDeadBattery  stm32g4xx_hal_pwr_ex.o
    0x08001572   0x08001572   0x00000002   PAD
    0x08001574   0x08001574   0x00000206   Code   RO          570    .text.HAL_RCC_ClockConfig  stm32g4xx_hal_rcc.o
    0x0800177a   0x0800177a   0x00000002   PAD
    0x0800177c   0x0800177c   0x0000007a   Code   RO          574    .text.HAL_RCC_GetSysClockFreq  stm32g4xx_hal_rcc.o
    0x080017f6   0x080017f6   0x00000002   PAD
    0x080017f8   0x080017f8   0x0000047a   Code   RO          568    .text.HAL_RCC_OscConfig  stm32g4xx_hal_rcc.o
    0x08001c72   0x08001c72   0x00000002   PAD
    0x08001c74   0x08001c74   0x000000e2   Code   RO          350    .text.HAL_SPI_Init  stm32g4xx_hal_spi.o
    0x08001d56   0x08001d56   0x00000002   PAD
    0x08001d58   0x08001d58   0x000000ae   Code   RO          303    .text.HAL_SPI_MspInit  spi.o
    0x08001e06   0x08001e06   0x00000002   PAD
    0x08001e08   0x08001e08   0x000001c8   Code   RO          358    .text.HAL_SPI_Transmit  stm32g4xx_hal_spi.o
    0x08001fd0   0x08001fd0   0x00000008   Code   RO         1007    .text.HAL_SYSTICK_Config  stm32g4xx_hal_cortex.o
    0x08001fd8   0x08001fd8   0x00000002   Code   RO          319    .text.HardFault_Handler  stm32g4xx_it.o
    0x08001fda   0x08001fda   0x00000002   PAD
    0x08001fdc   0x08001fdc   0x00000052   Code   RO           45    .text.LCD_Clear     lcd.o
    0x0800202e   0x0800202e   0x00000002   PAD
    0x08002030   0x08002030   0x000000ea   Code   RO           57    .text.LCD_DisplayChar  lcd.o
    0x0800211a   0x0800211a   0x00000002   PAD
    0x0800211c   0x0800211c   0x00000048   Code   RO           59    .text.LCD_DisplayString  lcd.o
    0x08002164   0x08002164   0x000001f8   Code   RO           37    .text.LCD_Init      lcd.o
    0x0800235c   0x0800235c   0x00000008   Code   RO           27    .text.LCD_SPI_Send  lcd.o
    0x08002364   0x08002364   0x00000080   Code   RO           51    .text.LCD_SetAddress  lcd.o
    0x080023e4   0x080023e4   0x0000000c   Code   RO           47    .text.LCD_SetAsciiFont  lcd.o
    0x080023f0   0x080023f0   0x00000024   Code   RO           43    .text.LCD_SetBackColor  lcd.o
    0x08002414   0x08002414   0x00000024   Code   RO           39    .text.LCD_SetColor  lcd.o
    0x08002438   0x08002438   0x0000009e   Code   RO           41    .text.LCD_SetDirection  lcd.o
    0x080024d6   0x080024d6   0x00000002   PAD
    0x080024d8   0x080024d8   0x0000000c   Code   RO           49    .text.LCD_ShowNumMode  lcd.o
    0x080024e4   0x080024e4   0x0000002c   Code   RO           35    .text.LCD_WriteBuff  lcd.o
    0x08002510   0x08002510   0x00000036   Code   RO           29    .text.LCD_WriteCommand  lcd.o
    0x08002546   0x08002546   0x00000002   PAD
    0x08002548   0x08002548   0x00000034   Code   RO           33    .text.LCD_WriteData_16bit  lcd.o
    0x0800257c   0x0800257c   0x00000028   Code   RO           31    .text.LCD_WriteData_8bit  lcd.o
    0x080025a4   0x080025a4   0x000000f0   Code   RO          290    .text.MX_GPIO_Init  gpio.o
    0x08002694   0x08002694   0x0000004a   Code   RO          299    .text.MX_SPI1_Init  spi.o
    0x080026de   0x080026de   0x00000002   PAD
    0x080026e0   0x080026e0   0x0000004e   Code   RO          301    .text.MX_SPI2_Init  spi.o
    0x0800272e   0x0800272e   0x00000002   PAD
    0x08002730   0x08002730   0x00000002   Code   RO          321    .text.MemManage_Handler  stm32g4xx_it.o
    0x08002732   0x08002732   0x00000002   PAD
    0x08002734   0x08002734   0x00000002   Code   RO          317    .text.NMI_Handler   stm32g4xx_it.o
    0x08002736   0x08002736   0x00000002   PAD
    0x08002738   0x08002738   0x0000002c   Code   RO          993    .text.NVIC_EncodePriority  stm32g4xx_hal_cortex.o
    0x08002764   0x08002764   0x00000002   Code   RO          331    .text.PendSV_Handler  stm32g4xx_it.o
    0x08002766   0x08002766   0x00000002   PAD
    0x08002768   0x08002768   0x00000048   Code   RO          572    .text.RCC_GetSysClockFreqFromPLLSource  stm32g4xx_hal_rcc.o
    0x080027b0   0x080027b0   0x00000018   Code   RO           25    .text.SPI2_WriteData  lcd.o
    0x080027c8   0x080027c8   0x00000042   Code   RO          360    .text.SPI_EndRxTxTransaction  stm32g4xx_hal_spi.o
    0x0800280a   0x0800280a   0x00000002   PAD
    0x0800280c   0x0800280c   0x000000e8   Code   RO          416    .text.SPI_WaitFifoStateUntilTimeout  stm32g4xx_hal_spi.o
    0x080028f4   0x080028f4   0x000000b4   Code   RO          418    .text.SPI_WaitFlagStateUntilTimeout  stm32g4xx_hal_spi.o
    0x080029a8   0x080029a8   0x00000002   Code   RO          327    .text.SVC_Handler   stm32g4xx_it.o
    0x080029aa   0x080029aa   0x00000002   PAD
    0x080029ac   0x080029ac   0x0000002e   Code   RO         1009    .text.SysTick_Config  stm32g4xx_hal_cortex.o
    0x080029da   0x080029da   0x00000002   PAD
    0x080029dc   0x080029dc   0x00000008   Code   RO          333    .text.SysTick_Handler  stm32g4xx_it.o
    0x080029e4   0x080029e4   0x00000066   Code   RO          278    .text.SystemClock_Config  main.o
    0x08002a4a   0x08002a4a   0x00000002   PAD
    0x08002a4c   0x08002a4c   0x00000012   Code   RO         1059    .text.SystemInit    system_stm32g4xx.o
    0x08002a5e   0x08002a5e   0x00000002   PAD
    0x08002a60   0x08002a60   0x00000002   Code   RO          325    .text.UsageFault_Handler  stm32g4xx_it.o
    0x08002a62   0x08002a62   0x00000002   PAD
    0x08002a64   0x08002a64   0x00000010   Code   RO          989    .text.__NVIC_GetPriorityGrouping  stm32g4xx_hal_cortex.o
    0x08002a74   0x08002a74   0x00000022   Code   RO          991    .text.__NVIC_SetPriority  stm32g4xx_hal_cortex.o
    0x08002a96   0x08002a96   0x00000002   PAD
    0x08002a98   0x08002a98   0x00000020   Code   RO          985    .text.__NVIC_SetPriorityGrouping  stm32g4xx_hal_cortex.o
    0x08002ab8   0x08002ab8   0x00000038   Code   RO          276    .text.main          main.o
    0x08002af0   0x08002af0   0x0000003e   Code   RO         1371    CL$$btod_d2e        c_w.l(btod.o)
    0x08002b2e   0x08002b2e   0x00000046   Code   RO         1373    CL$$btod_d2e_denorm_low  c_w.l(btod.o)
    0x08002b74   0x08002b74   0x00000060   Code   RO         1372    CL$$btod_d2e_norm_op1  c_w.l(btod.o)
    0x08002bd4   0x08002bd4   0x00000338   Code   RO         1381    CL$$btod_div_common  c_w.l(btod.o)
    0x08002f0c   0x08002f0c   0x000000dc   Code   RO         1378    CL$$btod_e2e        c_w.l(btod.o)
    0x08002fe8   0x08002fe8   0x0000002a   Code   RO         1375    CL$$btod_ediv       c_w.l(btod.o)
    0x08003012   0x08003012   0x0000002a   Code   RO         1374    CL$$btod_emul       c_w.l(btod.o)
    0x0800303c   0x0800303c   0x00000244   Code   RO         1380    CL$$btod_mult_common  c_w.l(btod.o)
    0x08003280   0x08003280   0x00000030   Code   RO         1406    i.__ARM_fpclassify  m_wm.l(fpclassify.o)
    0x080032b0   0x080032b0   0x0000002c   Code   RO         1396    locale$$code        c_w.l(lc_numeric_c.o)
    0x080032dc   0x080032dc   0x0000002c   Code   RO         1418    locale$$code        c_w.l(lc_ctype_c.o)
    0x08003308   0x08003308   0x0000001a   Code   RO         1402    x$fpl$fpinit        fz_wm.l(fpinit.o)
    0x08003322   0x08003322   0x00000004   Code   RO         1188    x$fpl$printf1       fz_wm.l(printf1.o)
    0x08003326   0x08003326   0x00000004   Code   RO         1190    x$fpl$printf2       fz_wm.l(printf2.o)
    0x0800332a   0x0800332a   0x00000000   Code   RO         1295    x$fpl$usenofp       fz_wm.l(usenofp.o)
    0x0800332a   0x0800332a   0x00000002   PAD
    0x0800332c   0x0800332c   0x00000008   Data   RO         1090    .constdata          c_w.l(_printf_wctomb.o)
    0x08003334   0x08003334   0x00000028   Data   RO         1102    .constdata          c_w.l(_printf_hex_int.o)
    0x0800335c   0x0800335c   0x00000026   Data   RO         1224    .constdata          c_w.l(_printf_fp_hex.o)
    0x08003382   0x08003382   0x00000002   PAD
    0x08003384   0x08003384   0x00000094   Data   RO         1369    .constdata          c_w.l(bigflt0.o)
    0x08003418   0x08003418   0x00000010   Data   RO         1064    .rodata.AHBPrescTable  system_stm32g4xx.o
    0x08003428   0x08003428   0x000011d0   Data   RO          148    .rodata.ASCII_2412_Table  lcd_fonts.o
    0x080045f8   0x080045f8   0x00000020   Data   RO         1514    Region$$Table       anon$$obj.o
    0x08004618   0x08004618   0x0000001c   Data   RO         1395    locale$$data        c_w.l(lc_numeric_c.o)
    0x08004634   0x08004634   0x00000110   Data   RO         1417    locale$$data        c_w.l(lc_ctype_c.o)


    Execution Region RW_IRAM1 (Exec base: 0x20000000, Load base: 0x08004748, Size: 0x00000f58, Max: 0x00020000, ABSOLUTE)

    Exec Addr    Load Addr    Size         Type   Attr      Idx    E Section Name        Object

    0x20000000   0x08004748   0x0000000c   Data   RW          153    .data.ASCII_Font24  lcd_fonts.o
    0x2000000c   0x08004754   0x00000004   Data   RW         1063    .data.SystemCoreClock  system_stm32g4xx.o
    0x20000010   0x08004758   0x00000004   Data   RW          556    .data.uwTickFreq    stm32g4xx_hal.o
    0x20000014   0x0800475c   0x00000004   Data   RW          555    .data.uwTickPrio    stm32g4xx_hal.o
    0x20000018        -       0x00000060   Zero   RW         1411    .bss                c_w.l(libspace.o)
    0x20000078        -       0x00000010   Zero   RW          135    .bss.LCD            lcd.o
    0x20000088        -       0x00000004   Zero   RW          136    .bss.LCD_AsciiFonts  lcd.o
    0x2000008c        -       0x00000800   Zero   RW          137    .bss.LCD_Buff       lcd.o
    0x2000088c        -       0x00000064   Zero   RW          307    .bss.hspi1          spi.o
    0x200008f0        -       0x00000064   Zero   RW          308    .bss.hspi2          spi.o
    0x20000954        -       0x00000004   Zero   RW          557    .bss.uwTick         stm32g4xx_hal.o
    0x20000958        -       0x00000200   Zero   RW            2    HEAP                startup_stm32g474xx.o
    0x20000b58        -       0x00000400   Zero   RW            1    STACK               startup_stm32g474xx.o


==============================================================================

Image component sizes


      Code (inc. data)   RO Data    RW Data    ZI Data      Debug   Object Name

       240          0          0          0          0       2457   gpio.o
      1496          4          0          0       2068      30087   lcd.o
         0          0       4560         12          0       1118   lcd_fonts.o
       168         16          0          0          0       1674   main.o
       326          0          0          0        200       5764   spi.o
        64         26        472          0       1536        848   startup_stm32g474xx.o
       194          0          0          8          4       9542   stm32g4xx_hal.o
       218          0          0          0          0      11381   stm32g4xx_hal_cortex.o
       432          0          0          0          0       5405   stm32g4xx_hal_gpio.o
        56          0          0          0          0       1610   stm32g4xx_hal_msp.o
       256          0          0          0          0       9276   stm32g4xx_hal_pwr_ex.o
      1858          0          0          0          0       9376   stm32g4xx_hal_rcc.o
      1160          0          0          0          0      22532   stm32g4xx_hal_spi.o
        24          0          0          0          0       1025   stm32g4xx_it.o
        18          0         16          4          0       2761   system_stm32g4xx.o

    ----------------------------------------------------------------------
      6572         46       5080         24       3808     114856   Object Totals
         0          0         32          0          0          0   (incl. Generated)
        62          0          0          0          0          0   (incl. Padding)

    ----------------------------------------------------------------------

      Code (inc. data)   RO Data    RW Data    ZI Data      Debug   Library Member Name

         8          0          0          0          0         68   __main.o
         0          0          0          0          0          0   __rtentry.o
        12          0          0          0          0          0   __rtentry2.o
         6          0          0          0          0          0   __rtentry4.o
        52          8          0          0          0          0   __scatter.o
        26          0          0          0          0          0   __scatter_copy.o
        28          0          0          0          0          0   __scatter_zi.o
        72          0          0          0          0         96   _c16rtomb.o
         6          0          0          0          0          0   _printf_a.o
         6          0          0          0          0          0   _printf_c.o
        44          0          0          0          0        108   _printf_char.o
         6          0          0          0          0          0   _printf_d.o
       120         16          0          0          0         92   _printf_dec.o
         6          0          0          0          0          0   _printf_e.o
         6          0          0          0          0          0   _printf_f.o
      1052          0          0          0          0        148   _printf_fp_dec.o
       764          8         38          0          0        100   _printf_fp_hex.o
       128         16          0          0          0         84   _printf_fp_infnan.o
         6          0          0          0          0          0   _printf_g.o
        88          4         40          0          0         88   _printf_hex_int.o
         6          0          0          0          0          0   _printf_i.o
       178          0          0          0          0         88   _printf_intcommon.o
        10          0          0          0          0          0   _printf_l.o
         6          0          0          0          0          0   _printf_lc.o
         6          0          0          0          0          0   _printf_o.o
        84         10          0          0          0         88   _printf_oct_int.o
        78          0          0          0          0        108   _printf_pad.o
         0          0          0          0          0          0   _printf_percent.o
         4          0          0          0          0          0   _printf_percent_end.o
        82          0          0          0          0         80   _printf_str.o
        36          0          0          0          0         84   _printf_truncate.o
         6          0          0          0          0          0   _printf_u.o
        44          0          0          0          0        108   _printf_wchar.o
       188          6          8          0          0         92   _printf_wctomb.o
         6          0          0          0          0          0   _printf_x.o
       228          4        148          0          0         96   bigflt0.o
      1936        128          0          0          0        668   btod.o
        18          0          0          0          0         80   exit.o
         6          0          0          0          0        152   heapauxi.o
         0          0          0          0          0          0   indicate_semi.o
        44         10        272          0          0         76   lc_ctype_c.o
        44         10         28          0          0         76   lc_numeric_c.o
         2          0          0          0          0          0   libinit.o
        34          0          0          0          0          0   libinit2.o
         2          0          0          0          0          0   libshutdown.o
         2          0          0          0          0          0   libshutdown2.o
         8          4          0          0         96         68   libspace.o
       138          0          0          0          0         80   lludiv10.o
        16          4          0          0          0         76   rt_ctype_table.o
         8          4          0          0          0         68   rt_locale_intlibspace.o
        78          0          0          0          0         80   rt_memclr_w.o
         2          0          0          0          0          0   rtexit.o
        10          0          0          0          0          0   rtexit2.o
       124          0          0          0          0         88   strcmpv7em.o
        12          4          0          0          0         68   sys_exit.o
        74          0          0          0          0         80   sys_stackheap_outer.o
         2          0          0          0          0         68   use_no_semi.o
        26          0          0          0          0        116   fpinit.o
         4          0          0          0          0        116   printf1.o
         4          0          0          0          0        116   printf2.o
         0          0          0          0          0          0   usenofp.o
        48          0          0          0          0        124   fpclassify.o

    ----------------------------------------------------------------------
      6056        236        536          0         96       3728   Library Totals
        16          0          2          0          0          0   (incl. Padding)

    ----------------------------------------------------------------------

      Code (inc. data)   RO Data    RW Data    ZI Data      Debug   Library Name

      5958        236        534          0         96       3256   c_w.l
        34          0          0          0          0        348   fz_wm.l
        48          0          0          0          0        124   m_wm.l

    ----------------------------------------------------------------------
      6056        236        536          0         96       3728   Library Totals

    ----------------------------------------------------------------------

==============================================================================


      Code (inc. data)   RO Data    RW Data    ZI Data      Debug   

     12628        282       5616         24       3904     116428   Grand Totals
     12628        282       5616         24       3904     116428   ELF Image Totals
     12628        282       5616         24          0          0   ROM Totals

==============================================================================

    Total RO  Size (Code + RO Data)                18244 (  17.82kB)
    Total RW  Size (RW Data + ZI Data)              3928 (   3.84kB)
    Total ROM Size (Code + RO Data + RW Data)      18268 (  17.84kB)

==============================================================================

